[2025-09-05 14:05:51] Flash+Try starting
[2025-09-05 14:05:51] RUN: west flash --skip-rebuild --build-dir /home/joeyw/zephyr-dev/build/h753zi -r openocd
[2025-09-05 14:05:51] OUT: -- west flash: using runner openocd 
[2025-09-05 14:05:51] OUT: -- runners.openocd: Flashing file: /home/joeyw/zephyr-dev/build/h753zi/zephyr/zephyr.hex 
[2025-09-05 14:05:51] OUT: Open On-Chip Debugger 0.12.0-01018-gb89d626c6 (2025-06-23-11:53) 
[2025-09-05 14:05:51] OUT: Licensed under GNU GPL v2 
[2025-09-05 14:05:51] OUT: For bug reports, read 
[2025-09-05 14:05:51] OUT: 	http://openocd.org/doc/doxygen/bugs.html 
[2025-09-05 14:05:51] OUT: Info : The selected transport took over low-level target control. The results might differ compared to plain JTAG/SWD 
[2025-09-05 14:05:51] OUT: init 
[2025-09-05 14:05:51] OUT: Info : clock speed 1800 kHz 
[2025-09-05 14:05:51] OUT: Info : STLINK V3J16M8 (API v3) VID:PID 0483:374E 
[2025-09-05 14:05:51] OUT: Info : Target voltage: 3.270120 
[2025-09-05 14:05:51] OUT: Info : [stm32h7x.cpu0] Cortex-M7 r1p1 processor detected 
[2025-09-05 14:05:51] OUT: Info : [stm32h7x.cpu0] target has 8 breakpoints, 4 watchpoints 
[2025-09-05 14:05:51] OUT: Error: read_memory: read at 0x5c001004 with width=32 and count=1 failed 
[2025-09-05 14:05:51] OUT: Error executing event examine-end on target stm32h7x.cpu0: 
[2025-09-05 14:05:51] OUT: /home/joeyw/zephyr-sdk-0.17.2/sysroots/x86_64-pokysdk-linux/usr/share/openocd/scripts/target/stm32h7x.cfg:237: Error: read_memory: failed to read memory 
[2025-09-05 14:05:51] OUT: in procedure 'init' 
[2025-09-05 14:05:51] OUT: in procedure 'stm32h7x_dbgmcu_mmw' called at file "/home/joeyw/zephyr-sdk-0.17.2/sysroots/x86_64-pokysdk-linux/usr/share/openocd/scripts/target/stm32h7x.cfg", line 170 
[2025-09-05 14:05:51] OUT: in procedure 'stm32h7x_mmw' called at file "/home/joeyw/zephyr-sdk-0.17.2/sysroots/x86_64-pokysdk-linux/usr/share/openocd/scripts/target/stm32h7x.cfg", line 260 
[2025-09-05 14:05:51] OUT: in procedure 'stm32h7x_mrw' called at file "/home/joeyw/zephyr-sdk-0.17.2/sysroots/x86_64-pokysdk-linux/usr/share/openocd/scripts/target/stm32h7x.cfg", line 242 
[2025-09-05 14:05:51] OUT: at file "/home/joeyw/zephyr-sdk-0.17.2/sysroots/x86_64-pokysdk-linux/usr/share/openocd/scripts/target/stm32h7x.cfg", line 237 
[2025-09-05 14:05:51] OUT: Info : starting gdb server for stm32h7x.cpu0 on 3333 
[2025-09-05 14:05:51] OUT: Info : Listening on port 3333 for gdb connections 
[2025-09-05 14:05:51] OUT: Error: read_memory: read at 0x5c001004 with width=32 and count=1 failed 
[2025-09-05 14:05:51] OUT: Error executing event examine-end on target stm32h7x.cpu0: 
[2025-09-05 14:05:51] OUT: /home/joeyw/zephyr-sdk-0.17.2/sysroots/x86_64-pokysdk-linux/usr/share/openocd/scripts/target/stm32h7x.cfg:237: Error: read_memory: failed to read memory 
[2025-09-05 14:05:51] OUT: in procedure 'init' 
[2025-09-05 14:05:51] OUT: in procedure 'ocd_process_reset' 
[2025-09-05 14:05:51] OUT: in procedure 'ocd_process_reset_inner' called at file "embedded:startup.tcl", line 1193 
[2025-09-05 14:05:51] OUT: in procedure 'stm32h7x_dbgmcu_mmw' called at file "/home/joeyw/zephyr-sdk-0.17.2/sysroots/x86_64-pokysdk-linux/usr/share/openocd/scripts/target/stm32h7x.cfg", line 170 
[2025-09-05 14:05:51] OUT: in procedure 'stm32h7x_mmw' called at file "/home/joeyw/zephyr-sdk-0.17.2/sysroots/x86_64-pokysdk-linux/usr/share/openocd/scripts/target/stm32h7x.cfg", line 260 
[2025-09-05 14:05:51] OUT: in procedure 'stm32h7x_mrw' called at file "/home/joeyw/zephyr-sdk-0.17.2/sysroots/x86_64-pokysdk-linux/usr/share/openocd/scripts/target/stm32h7x.cfg", line 242 
[2025-09-05 14:05:51] OUT: at file "/home/joeyw/zephyr-sdk-0.17.2/sysroots/x86_64-pokysdk-linux/usr/share/openocd/scripts/target/stm32h7x.cfg", line 237 
[2025-09-05 14:05:51] OUT: [stm32h7x.cpu0] halted due to debug-request, current mode: Thread 
[2025-09-05 14:05:51] OUT: xPSR: 0x01000000 pc: 0x0800bf78 msp: 0x24009580 
[2025-09-05 14:05:51] OUT:     TargetName         Type       Endian TapName            State 
[2025-09-05 14:05:51] OUT: --  ------------------ ---------- ------ ------------------ ------------ 
[2025-09-05 14:05:51] OUT:  0* stm32h7x.cpu0      hla_target little stm32h7x.cpu       halted 
[2025-09-05 14:05:51] OUT:  
[2025-09-05 14:05:51] OUT: [stm32h7x.cpu0] halted due to debug-request, current mode: Thread 
[2025-09-05 14:05:51] OUT: xPSR: 0x01000000 pc: 0x0800bf78 msp: 0x24009580 
[2025-09-05 14:05:51] OUT: Info : Unable to match requested speed 4000 kHz, using 3300 kHz 
[2025-09-05 14:05:51] OUT: Info : Unable to match requested speed 4000 kHz, using 3300 kHz 
[2025-09-05 14:05:51] OUT: Info : Device: STM32H74x/75x 
[2025-09-05 14:05:51] OUT: Info : flash size probed value 2048k 
[2025-09-05 14:05:51] OUT: Info : STM32H7 flash has dual banks 
[2025-09-05 14:05:51] OUT: Info : Bank (0) size is 1024 kb, base address is 0x08000000 
[2025-09-05 14:05:51] OUT: Info : Padding image section 0 at 0x08000298 with 8 bytes 
[2025-09-05 14:05:51] OUT: Info : Padding image section 1 at 0x0803ccdc with 4 bytes 
[2025-09-05 14:05:51] OUT: Info : Padding image section 2 at 0x0804b218 with 8 bytes 
[2025-09-05 14:05:51] OUT: Info : Padding image section 3 at 0x0804c6f0 with 16 bytes (bank write end alignment) 
[2025-09-05 14:05:51] OUT: Warn : Adding extra erase range, 0x0804c700 .. 0x0805ffff 
[2025-09-05 14:05:56] OUT: auto erase enabled 
[2025-09-05 14:05:56] OUT: wrote 313088 bytes from file /home/joeyw/zephyr-dev/build/h753zi/zephyr/zephyr.hex in 4.869085s (62.794 KiB/s) 
[2025-09-05 14:05:56] OUT:  
[2025-09-05 14:05:56] OUT: shutdown command invoked 
[2025-09-05 14:05:56] RC: 0
[2025-09-05 14:05:56] Opening serial /dev/ttyACM0 @ 115200
[2025-09-05 14:05:57] SER: 000] [0m<inf> l6470: Loaded active models: axis0=0 axis1=0[0m
[2025-09-05 14:05:57] SER: 
[2025-09-05 14:05:57] SER: === STM32H753ZI Zephyr Application Starting ===
[2025-09-05 14:05:57] SER: Features: TCP Echo Server, LED Heartbeat, VCP Serial
[2025-09-05 14:05:57] SER: Board: Nucleo-H753ZI, Zephyr RTOS
[2025-09-05 14:05:57] SER: [00:00:00.053,000] [0m<inf> main: Application startup complete[0m
[2025-09-05 14:05:57] SER: persistence: initialized OK
[2025-09-05 14:05:57] SER: persistence: read 0 bytes: 
[2025-09-05 14:05:57] SER: [00:00:00.054,000] [1;33m<wrn> main: L6470 poll failed[0m
[2025-09-05 14:05:57] SER: === LED Heartbeat thread started ===
[2025-09-05 14:05:57] SER: [00:00:00.054,000] [0m<inf> main: LED heartbeat started[0m
[2025-09-05 14:05:57] SER: [8D[J[00:00:00.050,000] [0m<inf> phy_mii: PHY (0) ID 7C1L6470 statuses: dev0=0x0000 dev1=0x0000
[2025-09-05 14:05:57] SER: 31[0m
[2025-09-05 14:05:57] SER: [1;32muart:~$ [m[8D[J[00:00:00.050,000] [0m<dbg> eth_stm32_hal: eth_initialize: MAC 02:80:e1:f5:86:7b[00:00:00.080,000] [0m<inf> main: L6470 statuses: dev0=0x0000 dev1=0x0000[0m
[2025-09-05 14:05:57] SER: === Initializing Network Interface ===
[2025-09-05 14:05:57] SER: [0m
[2025-09-05 14:05:57] SER: [1;32muart:~$ [m[8D[J[00:00:00.051,000] [0m<dbg> eth_stm32_hal: eth_stm32_hal_stop: Stopping ETH HAL drivInterface MAC: 02:80:e1:f5:86:7b
[2025-09-05 14:05:57] SER: er[0m
[2025-09-05 14:05:57] SER: [1;32muart:~$ [m[8D[J[00:00:00.051,000] [0m<dbg> eth_stm32_hal: eth_stm32_hal_stop: HAL_ETH_Stop{_IT} returned error (Ethernet is already stopped)[0m
[2025-09-05 14:05:57] SER: [1;32muart:~$ [m[8D[J*** Booting Zephyr OS build v4.2.0-31-g663da2302b0Ethernet link state: DOWN
[2025-09-05 14:05:57] SER: 4 ***
[2025-09-05 14:05:57] SER: [1;32muart:~$ [m[8D[J[00:00:00.051,000] [0m<inf> persist: flash geometry: write_block=32 erase=3Bringing interface up...
[2025-09-05 14:05:57] SER: 2[0m
[2025-09-05 14:05:57] SER: [1;32muart:~$ [m[8D[J[00:00:00.051,000] [0m<inf> persist: lfs config: read=32 prog=32 cache=1024 lookahead=3Starting DHCP client...
[2025-09-05 14:05:57] SER: Waiting for IP address assignment (timeout: 30 seconds)...
[2025-09-05 14:05:57] SER: 2[0m
[2025-09-05 14:05:57] SER: [1;32muart:~$ [m[8D[J[00:00:00.052,000] [0m<inf> persist: Mounted existing LittleFS[0m
[2025-09-05 14:05:57] SER: [1;32muart:~$ [m[8D[J[00:00:00.053,000] [0m<inf> l6470: Loaded active models: axis0=0 axis1=0[0m
[2025-09-05 14:05:57] SER: [1;32muart:~$ [m[8D[J
[2025-09-05 14:05:57] SER: === STM32H753ZI Zephyr Application Starting ===
[2025-09-05 14:05:57] SER: [1;32muart:~$ [m[8D[JFeatures: TCP Echo Server, LED Heartbeat, VCP Serial
[2025-09-05 14:05:57] SER: [1;32muart:~$ [m[8D[JBoard: Nucleo-H753ZI, Zephyr RTOS
[2025-09-05 14:05:57] SER: [1;32muart:~$ [m[8D[J[00:00:00.053,000] [0m<inf> main: Application startup complete[0m
[2025-09-05 14:05:57] SER: [1;32muart:~$ [m[8D[Jpersistence: initialized OK
[2025-09-05 14:05:57] SER: [1;32muart:~$ [m[8D[Jpersistence: read 0 bytes: 
[2025-09-05 14:05:57] SER: [1;32muart:~$ [m[8D[J[00:00:00.054,000] [1;33m<wrn> main: L6470 poll failed[0m
[2025-09-05 14:05:57] SER: [1;32muart:~$ [m[8D[J=== LED Heartbeat thread started ===
[2025-09-05 14:05:57] SER: 
[2025-09-05 14:05:57] SER: [1
[2025-09-05 14:05:57] SER: ;32muart:~$ [m[8D[J[00:00:00.054,000] [0m<inf> main: LED heartbeat started[0m
[2025-09-05 14:05:57] SER: [1;32muart:~$ [m[8D[JL6470 statuses: dev0=0x0000 dev1=0x0000
[2025-09-05 14:05:57] SER: [1;32muart:~$ [m[8D[J[00:00:00.080,000] [0m<inf> main: L6470 statuses: dev0=0x0000 dev1
[2025-09-05 14:05:57] SER: =0x0000[0m
[2025-09-05 14:05:57] SER: [1;32muart:~$ [m[8D[J=== Initializing Network Interface ===
[2025-09-05 14:05:57] SER: [1;32muart:~$ [m[8D[JInterface MAC: 02:80:e1:f5:86:7b
[2025-09-05 14:05:57] SER: [1;32muart:~$ [m[8D[JEthernet link state: DOWN
[2025-09-05 14:05:57] SER: [1;32muart:~$ [m[8D[JBringing interface up..
[2025-09-05 14:05:57] SER: .
[2025-09-05 14:05:57] SER: 
[2025-09-05 14:05:57] SER: [1;32muart:~$ [m[8D[JStarting DHCP client...
[2025-09-05 14:05:57] SER: [1;32muart:~$ [m[8D[JWaiting for IP address assignment (timeout: 30 seconds)...
[2025-09-05 14:05:57] SER: [1;32muart:~$ [m[8D[J[1;32muart:~$ [m[8D[J[1;32muart:~$ [m
[2025-09-05 14:05:59] SER: [L6470 Poll] dev0=NO DATA dev1=NO DATA
[2025-09-05 14:05:59] SER: [00:00:02.054,000] [0m<inf> main: L6470 poll: dev0=0x0000 dev1=0x0000[0m
[2025-09-05 14:05:59] SER: [00:00:02.151,000] [0m<inf> phy_mii: PHY (0) Link speed 100 Mb, full duplex[0m
[2025-09-05 14:05:59] SER: [
[2025-09-05 14:05:59] SER: 00
[2025-09-05 14:05:59] SER: :00:02.151,000] [0m<dbg> eth_stm32_hal: eth_stm32_hal_stop: Stopping ETH HAL driver[0m
[2025-09-05 14:05:59] SER: [00:00:02.151,000] [0m<dbg> eth_stm32_hal: eth_stm32_hal_stop: HAL_ETH_Stop{_IT} returned error (Ethernet is already stopped)[0m
[2025-09-05 14:05:59] SER: [00:00:02.151,000
[2025-09-05 14:05:59] SER: ] 
[2025-09-05 14:05:59] SER: [0m<dbg> eth_stm32_hal: eth_stm32_hal_start: Starting ETH HAL driver[0m
[2025-09-05 14:05:59] SER: *** Interface UP (carrier present) ***
[2025-09-05 14:05:59] SER: [00:00:02.151,000] [0m<inf> main: Interface up[0m
[2025-09-05 14:05:59] SER: [8D[J[L6470 Poll] dev0=NO DATA dev1=NO DATA
[2025-09-05 14:05:59] SER: [1;32muart:~$ 
[2025-09-05 14:05:59] CMD: kernel stacks
[2025-09-05 14:05:59] SER: [m[8D[J[00
[2025-09-05 14:05:59] SER: :00:02.054,000] [0m<inf> main: L6470 poll: dev0=0x0000 dev1=0x0000[0m
[2025-09-05 14:05:59] SER: [1;32muart:~$ [mkernel stacks
[2025-09-05 14:05:59] SER: kernel - Kernel commands
[2025-09-05 14:05:59] SER: Subcommands:
[2025-09-05 14:05:59] SER:   cycles     : Kernel cycles.
[2025-09-05 14:05:59] SER:   heap       : System heap usage statistics.
[2025-09-05 14:05:59] SER:   log_level  : <m
[2025-09-05 14:05:59] CMD: kernel threads
[2025-09-05 14:05:59] SER: odu
[2025-09-05 14:05:59] SER: le name> <severity (0-4)>
[2025-09-05 14:05:59] SER:   reboot     : Reboot.
[2025-09-05 14:05:59] SER:   sleep      : ms
[2025-09-05 14:05:59] SER:   thread     : Kernel threads.
[2025-09-05 14:05:59] SER:   uptime     : Kernel uptime. Can be called with the -p or --pretty options
[2025-09-05 14:05:59] SER:   version    : Kernel version.
[2025-09-05 14:05:59] SER: [1;32muart:~$ [mkernel th
[2025-09-05 14:05:59] CMD: stepper persist smoke
[2025-09-05 14:05:59] SER: reads
[2025-09-05 14:05:59] SER: 
[2025-09-05 14:05:59] SER: kernel - Kernel commands
[2025-09-05 14:05:59] SER: Subcommands:
[2025-09-05 14:05:59] SER:   cycles     : Kernel cycles.
[2025-09-05 14:05:59] SER:   heap       : System heap usage statistics.
[2025-09-05 14:05:59] SER:   log_level  : <module name> <severity (0-4)>
[2025-09-05 14:05:59] SER:   reboot     : Reboot.
[2025-09-05 14:05:59] SER:   sleep      : ms
[2025-09-05 14:05:59] SER:   thread     : Kernel threads
[2025-09-05 14:05:59] SER: .
[2025-09-05 14:05:59] SER: 
[2025-09-05 14:05:59] SER:   uptime     : Kernel uptime. Can be called with the -p or --pretty options
[2025-09-05 14:05:59] SER:   version    : Kernel version.
[2025-09-05 14:05:59] SER: [1;32muart:~$ [mstepper persist smoke
[2025-09-05 14:05:59] SER: settings: /lfs/settings/run size=63 type=file
[2025-09-05 14:05:59] SER: active: axis0=17HS3001-20B, axis1=
[2025-09-05 14:05:59] CMD: stepper model set 0 17HS3001-20B
[2025-09-05 14:05:59] SER: 17HS
[2025-09-05 14:05:59] SER: 3001-20B
[2025-09-05 14:05:59] SER: [1;32muart:~$ [mstepper model set 0 17HS3001-20B
[2025-09-05 14:05:59] SER: Axis 0 active model set to 17HS3001-20B
[2025-09-05 14:05:59] SER: [1;32muart:~$ [m[8D[J[00:00:02.151,000] [0m<inf> phy_mii: PHY (0) Link speed 100 Mb, full duplex[0m
[2025-09-05 14:05:59] SER: [1;32muart:~$ [m
[2025-09-05 14:05:59] CMD: stepper persist dump
[2025-09-05 14:05:59] SER: stepper persist dump
[2025-09-05 14:05:59] SER: file: /lfs/settings/run size=63 type=file
[2025-09-05 14:05:59] SER: first 63 bytes:
[2025-09-05 14:05:59] SER: 0000: 24 00 2f 6c 66 73 2f 70 65 72 73 69 73 74 5f 74 
[2025-09-05 14:05:59] SER: 0010: 65 73 74 2e 74 78 74 3d 68 65 6c 6c 6f 2d 70 65 
[2025-09-05 14:05:59] SER: 0020: 72 73 69 73 74 00 17 00 73 74 6
[2025-09-05 14:05:59] SER: 5
[2025-09-05 14:05:59] SER:  70 70 65 72 2f 
[2025-09-05 14:05:59] SER: 0030: 61 63 74 69 76 65 3d 00 00 00 00 00 00 00 00 
[2025-09-05 14:05:59] SER: [1;32muart:~$ [m
[2025-09-05 14:05:59] CMD: kernel reboot
[2025-09-05 14:05:59] SER: kernel reboo
[2025-09-05 14:06:00] SER: [m
[2025-09-05 14:06:00] SER: [1;32muart:~$ [
[2025-09-05 14:06:01] SER: m[00:00:00.050,000] [0m<inf> phy_mii: PHY (0) ID 7C131[0m
[2025-09-05 14:06:01] SER: [00:00:00.050,000] [0m<dbg> eth_stm32_hal: eth_initialize: MAC 02:80:e1:f5:86:7b[0m
[2025-09-05 14:06:01] SER: [00:00:00.051,000] [0m<dbg> eth_stm32_hal: eth_stm32_hal_stop: Stopping ETH HAL driver[0m
[2025-09-05 14:06:01] SER: [00:00:00.051,000] [0m<dbg> eth_stm32_hal: eth_stm32_hal_stop: HAL_ETH_Stop{_IT} returned error (Ethernet is already stopped)[0m
[2025-09-05 14:06:01] SER: *** Booting Zephyr OS build v4.2.0-31-g663da2302b04 ***
[2025-09-05 14:06:01] SER: [00:00:00.051,000] [0m<inf> persist: flash geometry: write_block=32 erase=32[0m
[2025-09-05 14:06:01] SER: [00:00:00.051,000] [0m<inf> persist: lfs config: read=32 prog=32 cache=1024 lookahead=32[0m
[2025-09-05 14:06:01] SER: [00:00:00.052,000] [0m<inf> persist: Mounted existing LittleFS[0m
[2025-09-05 14:06:01] SER: [00:00:00.053,000] [0m<inf> l6470: Loaded active models: axis0=0 axis1=0[0m
[2025-09-05 14:06:01] SER: 
[2025-09-05 14:06:01] SER: === STM32H753ZI Zephyr Application Starting ===
[2025-09-05 14:06:01] SER: Features: TCP Echo Server, LED Heartbeat, VCP Serial
[2025-09-05 14:06:01] SER: Board: Nucleo-H753ZI, Zephyr RTOS
[2025-09-05 14:06:01] SER: [00:00:00.053,000] [0m<inf> main: Application startup complete[0m
[2025-09-05 14:06:01] SER: persistence: initialized OK
[2025-09-05 14:06:01] SER: persistence: read 0 bytes: 
[2025-09-05 14:06:01] SER: [00:00:00.054,000] [1;33m<wrn> main: L6470 poll failed[0m
[2025-09-05 14:06:01] SER: === LED Heartbeat thread started ===
[2025-09-05 14:06:01] SER: [00:00:00.054,000] [0m<inf> main: LED heartbeat started[0m
[2025-09-05 14:06:01] SER: [8D[J[00:00:00.050,000] [0m<inf> phy_mii: PHY (0) ID 7C1L6470 statuses: dev0=0x0000 dev1=0x0000
[2025-09-05 14:06:01] SER: 31[0m
[2025-09-05 14:06:01] SER: [1;32muart:~$ [m[8D[J[00:00:00.050,000] [0m<dbg> eth_stm32_hal: eth_initialize: MAC 02:80:e1:f5:86:7b[00:00:00.080,000] [0m<inf> main: L6470 statuses: dev0=0x0000 dev1=0x0000[0m
[2025-09-05 14:06:01] SER: === Initializing Network Interface ===
[2025-09-05 14:06:01] SER: [0m
[2025-09-05 14:06:01] SER: [1;32muart:~$ [m[8D[J[00:00:00.051,000] [0m<dbg> eth_stm32_hal: eth_stm32_hal_stop: Stopping ETH HAL drivInterface MAC: 02:80:e1:f5:86:7b
[2025-09-05 14:06:01] SER: er[0m
[2025-09-05 14:06:01] SER: [1;32muart:~$ [m[8D[J[00:00:00.051,000] [0m<dbg> eth_stm32_hal: eth_stm32_hal_stop: HAL_ETH_Stop{_IT} returned error (Ethernet is already stopped)[0m
[2025-09-05 14:06:01] SER: [1;32muart:~$ [m[8D[J*** Booting Zephyr OS build v4.2.0-31-g663da2302b0Ethernet link state: DOWN
[2025-09-05 14:06:01] SER: 4 ***
[2025-09-05 14:06:01] SER: [1;32muart:~$ [m[8D[J[00:00:00.051,000] [0m<inf> persist: flash geometry: write_block=32 erase=3Bringing interface up...
[2025-09-05 14:06:01] SER: 2[0m
[2025-09-05 14:06:01] SER: [1;32muart:~$ [m[8D[J[00:00:00.051,000] [0m<inf> persist: lfs config: read=32 prog=32 cache=1024 lookahead=3Starting DHCP client...
[2025-09-05 14:06:01] SER: Waiting for IP address assignment (timeout: 30 seconds)...
[2025-09-05 14:06:01] SER: 2[0m
[2025-09-05 14:06:01] SER: [1;32muart:~$ [m[8D[J[00:00:00.052,000] [0m<inf> persist: Mounted existing LittleFS[0m
[2025-09-05 14:06:01] SER: [1;32muart:~$ [m[8D[J[00:00:00.053,000] [0m<inf> l6470: Loaded active models: axis0=0 axis1=0[0m
[2025-09-05 14:06:01] SER: [1;32muart:~$ [m[8D[J
[2025-09-05 14:06:01] SER: === STM32H753ZI Zephyr Application Starting ===
[2025-09-05 14:06:01] SER: [1;32muart:~$ [m[8D[JFeatures: TCP Echo Server, LED Heartbeat, VCP Serial
[2025-09-05 14:06:01] SER: [1;32muart:~$ [m[8D[JBoard: Nucleo-H753ZI, Zephyr RTOS
[2025-09-05 14:06:01] SER: [1;32muart:~$ [m[8D[J[00:00:00.053,000] [0m<inf> main: Application startup complete[0m
[2025-09-05 14:06:01] SER: [1;32muart:~$ [m[8D[Jpersistence: initialized OK
[2025-09-05 14:06:01] SER: [1;32muart:~$ [m[8D[Jpersistence: read 0 bytes: 
[2025-09-05 14:06:01] SER: [1;32muart:~$ [m[8D[J[00:00:00.054,000] [1;33m<wrn> main: L6470 poll failed[0m
[2025-09-05 14:06:01] SER: [1;32muart:~$ [m[8D[J=== LED Heartbeat thread started ===
[2025-09-05 14:06:01] SER: [1;32muart:~$ [m[8D[J[00:00:00.054,000] [0m<inf> main: LED heartbeat started[0m
[2025-09-05 14:06:01] SER: [1;32muart:~$ [m[8D[JL6470 statuses: dev0=0x0000 dev1=0x0000
[2025-09-05 14:06:01] SER: [1;32muart:~$ [m[8D[J[00:00:00.080,000] [0m<inf> main: L6470 statuses: dev0=0x0000 dev1=0x0000[0m
[2025-09-05 14:06:01] SER: [1;32muart:~$ [m[8D[J=== Initializing Network Interface ===
[2025-09-05 14:06:01] SER: [1;32muart:~$ [m[8D[JInterface MAC: 02:80:e1:f5:86:7b
[2025-09-05 14:06:01] SER: [1;32muart:~$ [m[8D[JEthernet link state: DOWN
[2025-09-05 14:06:01] SER: [1;32muart:~$ [m[8D[JBringing interface up...
[2025-09-05 14:06:01] SER: [1;32muart:~$ [m[8D[JStarting DHCP client...
[2025-09-05 14:06:01] SER: [1;32muart:~$ [m[8D[JWaiting for IP address assignment (timeout: 30 seconds)...
[2025-09-05 14:06:01] SER: [1;32muart:~$ [m[8D[J[1;32muart:~$ [m[8D[J[1;32muart:~$ [m
[2025-09-05 14:06:01] CMD: stepper model show 0
[2025-09-05 14:06:01] SER: stepper model show 0
[2025-09-05 14:06:01] SER: Axis 0 active model: 17HS3001-20B (steps=200 max_speed=1200 mA=1200 micro=16)
[2025-09-05 14:06:01] SER: [1;32muart:~$ [m
[2025-09-05 14:06:01] CMD: stepper persist dump
[2025-09-05 14:06:01] SER: stepper persist dump
[2025-09-05 14:06:01] SER: file: /lfs/settings/run size=63 type=file
[2025-09-05 14:06:01] SER: first 63 bytes:
[2025-09-05 14:06:01] SER: 0000: 24 00 2f 6c 66 73 2f 70 65 72 73 69 73 74 5f 74 
[2025-09-05 14:06:01] SER: 0010: 65 73 74 2e 74 78 74 3d 68 65 6c 6c 6f 2d 70 65 
[2025-09-05 14:06:01] SER: 0020: 72 73 69 73 74 00 17 00 73 74 6
[2025-09-05 14:06:01] SER: 5 
[2025-09-05 14:06:01] SER: 70 70 65 72 2f 
[2025-09-05 14:06:01] SER: 0030: 61 63 74 69 76 65 3d 00 00 00 00 00 00 00 00 
[2025-09-05 14:06:01] SER: [1;32muart:~$ [m
[2025-09-05 14:06:01] SUCCESS: Flash+Try sequence completed
