Archive member included to satisfy reference by file (symbol)

app/libapp.a(main.c.obj)      (--whole-archive)
zephyr/libzephyr.a(crc32k_4_2_sw.c.obj)
                              (--whole-archive)
zephyr/libzephyr.a(crc32c_sw.c.obj)
                              (--whole-archive)
zephyr/libzephyr.a(crc32_sw.c.obj)
                              (--whole-archive)
zephyr/libzephyr.a(crc24_sw.c.obj)
                              (--whole-archive)
zephyr/libzephyr.a(crc16_sw.c.obj)
                              (--whole-archive)
zephyr/libzephyr.a(crc8_sw.c.obj)
                              (--whole-archive)
zephyr/libzephyr.a(crc7_sw.c.obj)
                              (--whole-archive)
zephyr/libzephyr.a(crc4_sw.c.obj)
                              (--whole-archive)
zephyr/libzephyr.a(validate_libc.c.obj)
                              (--whole-archive)
zephyr/libzephyr.a(heap.c.obj)
                              (--whole-archive)
zephyr/libzephyr.a(cbprintf_packaged.c.obj)
                              (--whole-archive)
zephyr/libzephyr.a(clock.c.obj)
                              (--whole-archive)
zephyr/libzephyr.a(printk.c.obj)
                              (--whole-archive)
zephyr/libzephyr.a(sem.c.obj)
                              (--whole-archive)
zephyr/libzephyr.a(thread_entry.c.obj)
                              (--whole-archive)
zephyr/libzephyr.a(fdtable.c.obj)
                              (--whole-archive)
zephyr/libzephyr.a(cbprintf_complete.c.obj)
                              (--whole-archive)
zephyr/libzephyr.a(assert.c.obj)
                              (--whole-archive)
zephyr/libzephyr.a(mpsc_pbuf.c.obj)
                              (--whole-archive)
zephyr/libzephyr.a(dec.c.obj)
                              (--whole-archive)
zephyr/libzephyr.a(hex.c.obj)
                              (--whole-archive)
zephyr/libzephyr.a(rb.c.obj)  (--whole-archive)
zephyr/libzephyr.a(timeutil.c.obj)
                              (--whole-archive)
zephyr/libzephyr.a(bitarray.c.obj)
                              (--whole-archive)
zephyr/libzephyr.a(ring_buffer.c.obj)
                              (--whole-archive)
zephyr/libzephyr.a(last_section_id.c.obj)
                              (--whole-archive)
zephyr/libzephyr.a(configs.c.obj)
                              (--whole-archive)
zephyr/libzephyr.a(stm32cube_hal.c.obj)
                              (--whole-archive)
zephyr/libzephyr.a(soc_config.c.obj)
                              (--whole-archive)
zephyr/libzephyr.a(stm32_cache.c.obj)
                              (--whole-archive)
zephyr/libzephyr.a(stm32_backup_domain.c.obj)
                              (--whole-archive)
zephyr/libzephyr.a(soc_m7.c.obj)
                              (--whole-archive)
zephyr/libzephyr.a(mpu_regions.c.obj)
                              (--whole-archive)
zephyr/libzephyr.a(log_core.c.obj)
                              (--whole-archive)
zephyr/libzephyr.a(log_mgmt.c.obj)
                              (--whole-archive)
zephyr/libzephyr.a(log_cache.c.obj)
                              (--whole-archive)
zephyr/libzephyr.a(log_msg.c.obj)
                              (--whole-archive)
zephyr/libzephyr.a(log_output.c.obj)
                              (--whole-archive)
zephyr/libzephyr.a(mem_attr.c.obj)
                              (--whole-archive)
zephyr/libzephyr.a(tracing_none.c.obj)
                              (--whole-archive)
zephyr/libzephyr.a(addr_utils.c.obj)
                              (--whole-archive)
zephyr/libzephyr.a(kernel_shell.c.obj)
                              (--whole-archive)
zephyr/libzephyr.a(cycles.c.obj)
                              (--whole-archive)
zephyr/libzephyr.a(sleep.c.obj)
                              (--whole-archive)
zephyr/libzephyr.a(uptime.c.obj)
                              (--whole-archive)
zephyr/libzephyr.a(version.c.obj)
                              (--whole-archive)
zephyr/libzephyr.a(log-level.c.obj)
                              (--whole-archive)
zephyr/libzephyr.a(thread.c.obj)
                              (--whole-archive)
zephyr/libzephyr.a(list.c.obj)
                              (--whole-archive)
zephyr/libzephyr.a(stacks.c.obj)
                              (--whole-archive)
zephyr/libzephyr.a(suspend.c.obj)
                              (--whole-archive)
zephyr/libzephyr.a(resume.c.obj)
                              (--whole-archive)
zephyr/libzephyr.a(kill.c.obj)
                              (--whole-archive)
zephyr/libzephyr.a(device_service.c.obj)
                              (--whole-archive)
zephyr/libzephyr.a(date_service.c.obj)
                              (--whole-archive)
zephyr/libzephyr.a(devmem_service.c.obj)
                              (--whole-archive)
zephyr/libzephyr.a(shell_uart.c.obj)
                              (--whole-archive)
zephyr/libzephyr.a(shell.c.obj)
                              (--whole-archive)
zephyr/libzephyr.a(shell_fprintf.c.obj)
[...]
Memory Configuration

Name             Origin             Length             Attributes
FLASH            0x0000000008000000 0x0000000000200000 xr
RAM              0x0000000024000000 0x0000000000080000 xw
EXTMEM           0x0000000090000000 0x0000000010000000 rw
SRAM1            0x0000000030000000 0x0000000000020000 rw
SRAM2            0x0000000030020000 0x0000000000020000 rw
SRAM4            0x0000000038000000 0x0000000000010000 rw
DTCM             0x0000000020000000 0x0000000000020000 rw
ITCM             0x0000000000000000 0x0000000000010000 rw
SRAM3            0x0000000030040000 0x0000000000008000 rw
IDT_LIST         0x00000000ffff7fff 0x0000000000008000 xw
*default*        0x0000000000000000 0xffffffffffffffff

Linker script and memory map

                0x0000000008012e04                vfprintf = __l_vfprintf
                0x0000000000000000                vfscanf = __l_vfscanf
LOAD zephyr/CMakeFiles/zephyr_final.dir/misc/empty_file.c.obj
LOAD zephyr/CMakeFiles/zephyr_final.dir/isr_tables.c.obj
LOAD zephyr/CMakeFiles/offsets.dir/./arch/arm/core/offsets/offsets.c.obj
LOAD app/libapp.a
LOAD zephyr/libzephyr.a
LOAD zephyr/arch/common/libarch__common.a
LOAD zephyr/arch/arch/arm/core/libarch__arm__core.a
LOAD zephyr/arch/arch/arm/core/cortex_m/libarch__arm__core__cortex_m.a
LOAD zephyr/arch/arch/arm/core/mpu/libarch__arm__core__mpu.a
LOAD zephyr/lib/libc/picolibc/liblib__libc__picolibc.a
LOAD zephyr/lib/libc/common/liblib__libc__common.a
LOAD zephyr/lib/posix/options/liblib__posix__options.a
LOAD zephyr/lib/net_buf/liblib__net_buf.a
LOAD zephyr/lib/os/zvfs/liblib__os__zvfs.a
LOAD zephyr/subsys/random/libsubsys__random.a
LOAD zephyr/subsys/net/libsubsys__net.a
LOAD zephyr/subsys/net/l2/ethernet/libsubsys__net__l2__ethernet.a
LOAD zephyr/subsys/net/ip/libsubsys__net__ip.a
LOAD zephyr/subsys/net/lib/dhcpv4/libsubsys__net__lib__dhcpv4.a
LOAD zephyr/drivers/interrupt_controller/libdrivers__interrupt_controller.a
LOAD zephyr/drivers/clock_control/libdrivers__clock_control.a
LOAD zephyr/drivers/console/libdrivers__console.a
LOAD zephyr/drivers/entropy/libdrivers__entropy.a
LOAD zephyr/drivers/ethernet/libdrivers__ethernet.a
LOAD zephyr/drivers/gpio/libdrivers__gpio.a
LOAD zephyr/drivers/hwinfo/libdrivers__hwinfo.a
LOAD zephyr/drivers/mdio/libdrivers__mdio.a
LOAD zephyr/drivers/pinctrl/libdrivers__pinctrl.a
LOAD zephyr/drivers/reset/libdrivers__reset.a
LOAD zephyr/drivers/serial/libdrivers__serial.a
LOAD zephyr/drivers/timer/libdrivers__timer.a
LOAD modules/hal_stm32/stm32cube/lib..__modules__hal__stm32__stm32cube.a
LOAD zephyr/kernel/libkernel.a
LOAD zephyr/arch/common/libisr_tables.a
LOAD /home/joeyw/zephyr-sdk-0.17.2/arm-zephyr-eabi/bin/../lib/gcc/../../picolibc/arm-zephyr-eabi/lib/thumb/v7e-m/nofp/libc.a
LOAD /home/joeyw/zephyr-sdk-0.17.2/arm-zephyr-eabi/bin/../lib/gcc/arm-zephyr-eabi/12.2.0/thumb/v7e-m/nofp/libgcc.a
                0x0000000000000020                _region_min_align = 0x20

.rel.plt        0x0000000008000000        0x0
 *(SORT_BY_ALIGNMENT(.rel.plt))
                [!provide]                        PROVIDE (__rel_iplt_start = .)
 *(SORT_BY_ALIGNMENT(.rel.iplt))
 .rel.iplt      0x0000000008000000        0x0 zephyr/CMakeFiles/zephyr_final.dir/isr_tables.c.obj
                [!provide]                        PROVIDE (__rel_iplt_end = .)

.rela.plt       0x0000000000000000        0x0
 *(SORT_BY_ALIGNMENT(.rela.plt))
                [!provide]                        PROVIDE (__rela_iplt_start = .)
 *(SORT_BY_ALIGNMENT(.rela.iplt))
                [!provide]                        PROVIDE (__rela_iplt_end = .)

.rel.dyn
 *(SORT_BY_ALIGNMENT(.rel.*))

.rela.dyn
 *(SORT_BY_ALIGNMENT(.rela.*))

/DISCARD/
 *(SORT_BY_ALIGNMENT(.plt))

/DISCARD/
 *(SORT_BY_ALIGNMENT(.iplt))
                0x0000000008000000                __rom_region_start = 0x8000000

rom_start       0x0000000008000000      0x298
                0x0000000008000000                __rom_start_address = .
 FILL mask 0x00
                0x0000000008000000                . = (. + (0x0 - (. - __rom_start_address)))
                0x0000000008000000                . = ALIGN (0x4)
                0x0000000008000000                . = ALIGN (0x80)
                0x0000000008000000                . = ALIGN (0x400)
                0x0000000008000000                _vector_start = .
 *(SORT_BY_ALIGNMENT(.exc_vector_table))
 *(SORT_BY_ALIGNMENT(.exc_vector_table.*))
 .exc_vector_table._vector_table_section
                0x0000000008000000       0x40 zephyr/arch/arch/arm/core/cortex_m/libarch__arm__core__cortex_m.a(vector_table.S.obj)
                0x0000000008000000                _vector_table
 *(SORT_BY_ALIGNMENT(.vectors))
                0x0000000008000298                _vector_end = .
                0x0000000008000040                . = ALIGN (0x4)
 *(SORT_BY_ALIGNMENT(.gnu.linkonce.irq_vector_table*))
 .gnu.linkonce.irq_vector_table
                0x0000000008000040      0x258 zephyr/CMakeFiles/zephyr_final.dir/isr_tables.c.obj
                0x0000000008000040                _irq_vector_table
                0x0000000008000298                _vector_end = .

text            0x0000000008000298    0x1acb4
                0x0000000008000298                __text_region_start = .
 *(SORT_BY_ALIGNMENT(.text))
 .text          0x0000000008000298      0x21c /home/joeyw/zephyr-sdk-0.17.2/arm-zephyr-eabi/bin/../lib/gcc/arm-zephyr-eabi/12.2.0/thumb/v7e-m/nofp/libgcc.a(_arm_addsubsf3.o)
                0x0000000008000298                __aeabi_frsub
                0x00000000080002a0                __subsf3
                0x00000000080002a0                __aeabi_fsub
                0x00000000080002a4                __aeabi_fadd
                0x00000000080002a4                __addsf3
                0x0000000008000404                __aeabi_ui2f
                0x0000000008000404                __floatunsisf
                0x000000000800040c                __aeabi_i2f
                0x000000000800040c                __floatsisf
                0x0000000008000428                __floatundisf
                0x0000000008000428                __aeabi_ul2f
                0x0000000008000438                __floatdisf
                0x0000000008000438                __aeabi_l2f
 .text          0x00000000080004b4      0x2a0 /home/joeyw/zephyr-sdk-0.17.2/arm-zephyr-eabi/bin/../lib/gcc/arm-zephyr-eabi/12.2.0/thumb/v7e-m/nofp/libgcc.a(_arm_muldivsf3.o)
                0x00000000080004b4                __mulsf3
                0x00000000080004b4                __aeabi_fmul
                0x000000000800061c                __divsf3
                0x000000000800061c                __aeabi_fdiv
 .text          0x0000000008000754       0x40 /home/joeyw/zephyr-sdk-0.17.2/arm-zephyr-eabi/bin/../lib/gcc/arm-zephyr-eabi/12.2.0/thumb/v7e-m/nofp/libgcc.a(_arm_fixunssfsi.o)
                0x0000000008000754                __aeabi_f2uiz
                0x0000000008000754                __fixunssfsi
 .text          0x0000000008000794       0xa0 /home/joeyw/zephyr-sdk-0.17.2/arm-zephyr-eabi/bin/../lib/gcc/arm-zephyr-eabi/12.2.0/thumb/v7e-m/nofp/libgcc.a(_aeabi_ldivmod.o)
                0x0000000008000794                __aeabi_ldivmod
 .text          0x0000000008000834       0x30 /home/joeyw/zephyr-sdk-0.17.2/arm-zephyr-eabi/bin/../lib/gcc/arm-zephyr-eabi/12.2.0/thumb/v7e-m/nofp/libgcc.a(_aeabi_uldivmod.o)
                0x0000000008000834                __aeabi_uldivmod
 .text          0x0000000008000864        0x4 /home/joeyw/zephyr-sdk-0.17.2/arm-zephyr-eabi/bin/../lib/gcc/arm-zephyr-eabi/12.2.0/thumb/v7e-m/nofp/libgcc.a(_dvmd_tls.o)
                0x0000000008000864                __aeabi_ldiv0
                0x0000000008000864                __aeabi_idiv0
 .text          0x0000000008000868       0x14 /home/joeyw/zephyr-sdk-0.17.2/arm-zephyr-eabi/bin/../lib/gcc/../../picolibc/arm-zephyr-eabi/lib/thumb/v7e-m/nofp/libc.a(strcmp.S.o)
                0x0000000008000868                strcmp
 .text          0x000000000800087c       0x10 /home/joeyw/zephyr-sdk-0.17.2/arm-zephyr-eabi/bin/../lib/gcc/../../picolibc/arm-zephyr-eabi/lib/thumb/v7e-m/nofp/libc.a(strcpy.S.o)
                0x000000000800087c                strcpy
 .text          0x000000000800088c       0x10 /home/joeyw/zephyr-sdk-0.17.2/arm-zephyr-eabi/bin/../lib/gcc/../../picolibc/arm-zephyr-eabi/lib/thumb/v7e-m/nofp/libc.a(strlen.S.o)
                0x000000000800088c                strlen
 .text          0x000000000800089c      0x2a0 /home/joeyw/zephyr-sdk-0.17.2/arm-zephyr-eabi/bin/../lib/gcc/arm-zephyr-eabi/12.2.0/thumb/v7e-m/nofp/libgcc.a(_udivmoddi4.o)
                0x000000000800089c                __udivmoddi4
 *(SORT_BY_ALIGNMENT(.text.*))
 *fill*         0x0000000008000b3c        0x4 
 .text.cmd_kernel_uptime
                0x0000000008000b40       0xe0 zephyr/libzephyr.a(uptime.c.obj)
 .text.heartbeat_thread.part.0
                0x0000000008000c20       0xc8 app/libapp.a(main.c.obj)
 .text.net_mgmt_event_handler.part.0
                0x0000000008000ce8       0x68 app/libapp.a(main.c.obj)
 .text.net_mgmt_event_handler
                0x0000000008000d50       0x50 app/libapp.a(main.c.obj)
 .text.heartbeat_thread
                0x0000000008000da0       0x3c app/libapp.a(main.c.obj)
                0x0000000008000da0                heartbeat_thread
 .text.main     0x0000000008000ddc      0x3c4 app/libapp.a(main.c.obj)
                0x0000000008000ddc                main
 .text.crc32_ieee_update
                0x00000000080011a0       0x3c zephyr/libzephyr.a(crc32_sw.c.obj)
                0x00000000080011a0                crc32_ieee_update
 .text.cbvprintf_package
                0x00000000080011dc      0x3a4 zephyr/libzephyr.a(cbprintf_packaged.c.obj)
                0x00000000080011dc                cbvprintf_package
 .text.cbprintf_package_convert
                0x0000000008001580      0x3d4 zephyr/libzephyr.a(cbprintf_packaged.c.obj)
                0x0000000008001580                cbprintf_package_convert
 .text.timespec_normalize
                0x0000000008001954       0x94 zephyr/libzephyr.a(clock.c.obj)
 .text.z_impl_sys_clock_getrtoffset
                0x00000000080019e8       0x28 zephyr/libzephyr.a(clock.c.obj)
                0x00000000080019e8                z_impl_sys_clock_getrtoffset
 .text.sys_clock_gettime
                0x0000000008001a10       0x6c zephyr/libzephyr.a(clock.c.obj)
                0x0000000008001a10                sys_clock_gettime
 .text.z_impl_sys_clock_settime
                0x0000000008001a7c       0x78 zephyr/libzephyr.a(clock.c.obj)
                0x0000000008001a7c                z_impl_sys_clock_settime
 .text.__printk_hook_install
                0x0000000008001af4        0xc zephyr/libzephyr.a(printk.c.obj)
                0x0000000008001af4                __printk_hook_install
 .text.z_thread_entry
                0x0000000008001b00       0x34 zephyr/libzephyr.a(thread_entry.c.obj)
                0x0000000008001b00                z_thread_entry
 .text._check_fd
                0x0000000008001b34       0x38 zephyr/libzephyr.a(fdtable.c.obj)
 .text.z_fd_unref.isra.0
                0x0000000008001b6c       0x4c zephyr/libzephyr.a(fdtable.c.obj)
 .text.zvfs_get_fd_obj_and_vtable
                0x0000000008001bb8       0x34 zephyr/libzephyr.a(fdtable.c.obj)
                0x0000000008001bb8                zvfs_get_fd_obj_and_vtable
 .text.zvfs_reserve_fd
                0x0000000008001bec       0x8c zephyr/libzephyr.a(fdtable.c.obj)
                0x0000000008001bec                zvfs_reserve_fd
 .text.zvfs_finalize_typed_fd
                0x0000000008001c78       0x50 zephyr/libzephyr.a(fdtable.c.obj)
                0x0000000008001c78                zvfs_finalize_typed_fd
 .text.zvfs_close
                0x0000000008001cc8       0x60 zephyr/libzephyr.a(fdtable.c.obj)
                0x0000000008001cc8                zvfs_close
 .text.timeutil_timegm64
                0x0000000008001d28       0xec zephyr/libzephyr.a(timeutil.c.obj)
                0x0000000008001d28                timeutil_timegm64
 .text.timeutil_timegm
                0x0000000008001e14       0x20 zephyr/libzephyr.a(timeutil.c.obj)
                0x0000000008001e14                timeutil_timegm
 .text.st_stm32_common_config
                0x0000000008001e34       0x1c zephyr/libzephyr.a(soc_config.c.obj)
 .text.soc_early_init_hook
                0x0000000008001e50       0x50 zephyr/libzephyr.a(soc_m7.c.obj)
                0x0000000008001e50                soc_early_init_hook
 .text.activate_foreach_backend
                0x0000000008001ea0       0x64 zephyr/libzephyr.a(log_core.c.obj)
 .text.enable_logger
                0x0000000008001f04       0x5c zephyr/libzephyr.a(log_core.c.obj)
 .text.log_process_thread_timer_expiry_fn
                0x0000000008001f60        0xc zephyr/libzephyr.a(log_core.c.obj)
 .text.z_log_init
                0x0000000008001f6c       0x94 zephyr/libzephyr.a(log_core.c.obj)
 .text.log_set_timestamp_func
                0x0000000008002000       0x20 zephyr/libzephyr.a(log_core.c.obj)
                0x0000000008002000                log_set_timestamp_func
 .text.z_log_notify_backend_enabled
                0x0000000008002020       0x1c zephyr/libzephyr.a(log_core.c.obj)
                0x0000000008002020                z_log_notify_backend_enabled
 .text.z_log_dropped
                0x000000000800203c       0x44 zephyr/libzephyr.a(log_core.c.obj)
                0x000000000800203c                z_log_dropped
 .text.z_log_dropped_read_and_clear
                0x0000000008002080       0x20 zephyr/libzephyr.a(log_core.c.obj)
                0x0000000008002080                z_log_dropped_read_and_clear
 .text.dropped_notify
                0x00000000080020a0       0x30 zephyr/libzephyr.a(log_core.c.obj)
                0x00000000080020a0                dropped_notify
 .text.z_log_msg_init
                0x00000000080020d0       0x20 zephyr/libzephyr.a(log_core.c.obj)
                0x00000000080020d0                z_log_msg_init
 .text.log_core_init
                0x00000000080020f0       0x54 zephyr/libzephyr.a(log_core.c.obj)
                0x00000000080020f0                log_core_init
 .text.z_log_msg_alloc
                0x0000000008002144       0x10 zephyr/libzephyr.a(log_core.c.obj)
                0x0000000008002144                z_log_msg_alloc
 .text.z_log_msg_local_claim
                0x0000000008002154        0xc zephyr/libzephyr.a(log_core.c.obj)
                0x0000000008002154                z_log_msg_local_claim
 .text.z_log_msg_free
                0x0000000008002160       0x10 zephyr/libzephyr.a(log_core.c.obj)
                0x0000000008002160                z_log_msg_free
 .text.z_log_msg_pending
                0x0000000008002170        0xc zephyr/libzephyr.a(log_core.c.obj)
                0x0000000008002170                z_log_msg_pending
 .text.z_impl_log_process
                0x000000000800217c       0xe8 zephyr/libzephyr.a(log_core.c.obj)
                0x000000000800217c                z_impl_log_process
 .text.z_impl_log_panic
                0x0000000008002264       0x44 zephyr/libzephyr.a(log_core.c.obj)
                0x0000000008002264                z_impl_log_panic
 .text.log_process_thread_func
                0x00000000080022a8       0xa4 zephyr/libzephyr.a(log_core.c.obj)
 .text.z_log_msg_post_finalize
                0x000000000800234c       0x78 zephyr/libzephyr.a(log_core.c.obj)
 .text.z_log_msg_commit
                0x00000000080023c4       0x24 zephyr/libzephyr.a(log_core.c.obj)
                0x00000000080023c4                z_log_msg_commit
 .text.log_source_name_get
                0x00000000080023e8       0x1c zephyr/libzephyr.a(log_mgmt.c.obj)
                0x00000000080023e8                log_source_name_get
 .text.z_log_runtime_filters_init
                0x0000000008002404       0x3c zephyr/libzephyr.a(log_mgmt.c.obj)
                0x0000000008002404                z_log_runtime_filters_init
 .text.log_source_id_get
                0x0000000008002440       0x38 zephyr/libzephyr.a(log_mgmt.c.obj)
                0x0000000008002440                log_source_id_get
 .text.filter_set
                0x0000000008002478       0xbc zephyr/libzephyr.a(log_mgmt.c.obj)
                0x0000000008002478                filter_set
 .text.backend_filter_set
                0x0000000008002534       0x30 zephyr/libzephyr.a(log_mgmt.c.obj)
 .text.log_filter_get
                0x0000000008002564       0x4c zephyr/libzephyr.a(log_mgmt.c.obj)
                0x0000000008002564                log_filter_get
 .text.z_impl_z_log_msg_static_create
                0x00000000080025b0      0x110 zephyr/libzephyr.a(log_msg.c.obj)
                0x00000000080025b0                z_impl_z_log_msg_static_create
 .text.z_log_msg_runtime_vcreate
                0x00000000080026c0       0xb0 zephyr/libzephyr.a(log_msg.c.obj)
                0x00000000080026c0                z_log_msg_runtime_vcreate
 .text.log_msg_get_source_id
                0x0000000008002770       0x18 zephyr/libzephyr.a(log_msg.c.obj)
                0x0000000008002770                log_msg_get_source_id
 .text.print_formatted
                0x0000000008002788       0x24 zephyr/libzephyr.a(log_output.c.obj)
 .text.newline_print
                0x00000000080027ac       0x1c zephyr/libzephyr.a(log_output.c.obj)
 .text.log_output_process
                0x00000000080027c8      0x2d4 zephyr/libzephyr.a(log_output.c.obj)
                0x00000000080027c8                log_output_process
 .text.log_output_dropped_process
                0x0000000008002a9c       0x58 zephyr/libzephyr.a(log_output.c.obj)
                0x0000000008002a9c                log_output_dropped_process
 .text.log_output_timestamp_freq_set
                0x0000000008002af4       0x2c zephyr/libzephyr.a(log_output.c.obj)
                0x0000000008002af4                log_output_timestamp_freq_set
 .text.mem_attr_get_regions
                0x0000000008002b20        0xc zephyr/libzephyr.a(mem_attr.c.obj)
                0x0000000008002b20                mem_attr_get_regions
 .text.cmd_kernel_cycles
                0x0000000008002b2c       0x1c zephyr/libzephyr.a(cycles.c.obj)
 .text.cmd_kernel_sleep
                0x0000000008002b48       0x40 zephyr/libzephyr.a(sleep.c.obj)
 .text.cmd_kernel_version
                0x0000000008002b88       0x18 zephyr/libzephyr.a(version.c.obj)
 .text.cmd_kernel_log_level_set
                0x0000000008002ba0       0x84 zephyr/libzephyr.a(log-level.c.obj)
 .text.z_thread_is_valid
                0x0000000008002c24       0x20 zephyr/libzephyr.a(thread.c.obj)
                0x0000000008002c24                z_thread_is_valid
 .text.cmd_kernel_thread_list
                0x0000000008002c44       0x34 zephyr/libzephyr.a(list.c.obj)
 .text.shell_tdata_dump
                0x0000000008002c78       0xc0 zephyr/libzephyr.a(list.c.obj)
 .text.cmd_kernel_thread_stacks
                0x0000000008002d38       0x70 zephyr/libzephyr.a(stacks.c.obj)
 .text.shell_stack_dump
                0x0000000008002da8       0x60 zephyr/libzephyr.a(stacks.c.obj)
 .text.cmd_kernel_thread_suspend
                0x0000000008002e08       0x64 zephyr/libzephyr.a(suspend.c.obj)
 .text.cmd_kernel_thread_resume
                0x0000000008002e6c       0x64 zephyr/libzephyr.a(resume.c.obj)
 .text.cmd_kernel_thread_kill
                0x0000000008002ed0       0x64 zephyr/libzephyr.a(kill.c.obj)
 .text.device_name_lookup
                0x0000000008002f34       0x20 zephyr/libzephyr.a(device_service.c.obj)
 .text.device_name_get_non_ready
                0x0000000008002f54       0x20 zephyr/libzephyr.a(device_service.c.obj)
 .text.cmd_device_init
                0x0000000008002f74       0x64 zephyr/libzephyr.a(device_service.c.obj)
 .text.cmd_device_list
                0x0000000008002fd8       0xf0 zephyr/libzephyr.a(device_service.c.obj)
 .text.date_print
                0x00000000080030c8       0x2c zephyr/libzephyr.a(date_service.c.obj)
 .text.get_h_m_s
                0x00000000080030f4       0x98 zephyr/libzephyr.a(date_service.c.obj)
 .text.cmd_date_set
                0x000000000800318c      0x10c zephyr/libzephyr.a(date_service.c.obj)
 .text.cmd_devmem
                0x0000000008003298       0xc4 zephyr/libzephyr.a(devmem_service.c.obj)
 .text.cmd_dump
                0x000000000800335c      0x178 zephyr/libzephyr.a(devmem_service.c.obj)
 .text.set_bypass.isra.0
                0x00000000080034d4       0x4c zephyr/libzephyr.a(devmem_service.c.obj)
 .text.bypass_cb
                0x0000000008003520      0x118 zephyr/libzephyr.a(devmem_service.c.obj)
 .text.cmd_load
                0x0000000008003638       0xd8 zephyr/libzephyr.a(devmem_service.c.obj)
 .text.enable_shell_uart
                0x0000000008003710       0x38 zephyr/libzephyr.a(shell_uart.c.obj)
 .text.init     0x0000000008003748       0x54 zephyr/libzephyr.a(shell_uart.c.obj)
 .text.uart_callback
                0x000000000800379c      0x134 zephyr/libzephyr.a(shell_uart.c.obj)
 .text.shell_internal_help_print
                0x00000000080038d0       0x20 zephyr/libzephyr.a(shell.c.obj)
 .text.kill_handler
                0x00000000080038f0       0x54 zephyr/libzephyr.a(shell.c.obj)
 .text.z_cursor_next_line_move.isra.0
                0x0000000008003944        0xc zephyr/libzephyr.a(shell.c.obj)
 .text.execute  0x0000000008003950      0x2b8 zephyr/libzephyr.a(shell.c.obj)
 .text.history_handle
                0x0000000008003c08       0xac zephyr/libzephyr.a(shell.c.obj)
 .text.state_set.constprop.0
                0x0000000008003cb4       0x4c zephyr/libzephyr.a(shell.c.obj)
 .text.shell_process
                0x0000000008003d00      0x69c zephyr/libzephyr.a(shell.c.obj)
                0x0000000008003d00                shell_process
 .text.shell_thread
                0x000000000800439c       0xa4 zephyr/libzephyr.a(shell.c.obj)
                0x000000000800439c                shell_thread
 .text.cmd_help
                0x0000000008004440       0x44 zephyr/libzephyr.a(shell.c.obj)
 .text.shell_hexdump_line
                0x0000000008004484       0xcc zephyr/libzephyr.a(shell.c.obj)
                0x0000000008004484                shell_hexdump_line
 .text.shell_init
                0x0000000008004550       0xcc zephyr/libzephyr.a(shell.c.obj)
                0x0000000008004550                shell_init
 .text.z_shell_fprintf_fmt
                0x000000000800461c       0x28 zephyr/libzephyr.a(shell_fprintf.c.obj)
                0x000000000800461c                z_shell_fprintf_fmt
 .text.z_shell_cmd_get
                0x0000000008004644       0x74 zephyr/libzephyr.a(shell_utils.c.obj)
                0x0000000008004644                z_shell_cmd_get
 .text.shell_strtoul
                0x00000000080046b8       0x50 zephyr/libzephyr.a(shell_utils.c.obj)
                0x00000000080046b8                shell_strtoul
 .text.z_clear_eos
                0x0000000008004708       0x18 zephyr/libzephyr.a(shell_ops.c.obj)
 .text.z_cursor_next_line_move.isra.0
                0x0000000008004720        0xc zephyr/libzephyr.a(shell_ops.c.obj)
 .text.z_shell_op_cursor_vert_move
                0x000000000800472c       0x2c zephyr/libzephyr.a(shell_ops.c.obj)
                0x000000000800472c                z_shell_op_cursor_vert_move
 .text.z_shell_op_cursor_horiz_move
                0x0000000008004758       0x2c zephyr/libzephyr.a(shell_ops.c.obj)
                0x0000000008004758                z_shell_op_cursor_horiz_move
 .text.z_shell_print_cmd
                0x0000000008004784       0x78 zephyr/libzephyr.a(shell_ops.c.obj)
                0x0000000008004784                z_shell_print_cmd
 .text.z_shell_vt100_color_set
                0x00000000080047fc       0x40 zephyr/libzephyr.a(shell_ops.c.obj)
                0x00000000080047fc                z_shell_vt100_color_set
 .text.z_shell_vt100_colors_restore
                0x000000000800483c       0x3c zephyr/libzephyr.a(shell_ops.c.obj)
                0x000000000800483c                z_shell_vt100_colors_restore
 .text.z_shell_op_word_remove
                0x0000000008004878       0xc8 zephyr/libzephyr.a(shell_ops.c.obj)
                0x0000000008004878                z_shell_op_word_remove
 .text.reprint_from_cursor
                0x0000000008004940       0xe0 zephyr/libzephyr.a(shell_ops.c.obj)
 .text.z_shell_op_char_insert
                0x0000000008004a20       0x70 zephyr/libzephyr.a(shell_ops.c.obj)
                0x0000000008004a20                z_shell_op_char_insert
 .text.z_shell_print_prompt_and_cmd
                0x0000000008004a90       0x30 zephyr/libzephyr.a(shell_ops.c.obj)
                0x0000000008004a90                z_shell_print_prompt_and_cmd
 .text.z_cursor_next_line_move.isra.0
                0x0000000008004ac0        0xc zephyr/libzephyr.a(shell_help.c.obj)
 .text.formatted_structured_help_print
                0x0000000008004acc       0x40 zephyr/libzephyr.a(shell_help.c.obj)
 .text.z_shell_help_subcmd_print
                0x0000000008004b0c       0xd0 zephyr/libzephyr.a(shell_help.c.obj)
                0x0000000008004b0c                z_shell_help_subcmd_print
 .text.z_shell_help_cmd_print
                0x0000000008004bdc       0x64 zephyr/libzephyr.a(shell_help.c.obj)
                0x0000000008004bdc                z_shell_help_cmd_print
 .text.z_shell_help_request
                0x0000000008004c40       0x28 zephyr/libzephyr.a(shell_help.c.obj)
                0x0000000008004c40                z_shell_help_request
 .text.cmd_resize_default
                0x0000000008004c68       0x2c zephyr/libzephyr.a(shell_cmds.c.obj)
 .text.cmd_shell_stats_show
                0x0000000008004c94       0x14 zephyr/libzephyr.a(shell_cmds.c.obj)
 .text.cmd_backends
                0x0000000008004ca8       0x50 zephyr/libzephyr.a(shell_cmds.c.obj)
 .text.cmd_prompt_off
                0x0000000008004cf8       0x10 zephyr/libzephyr.a(shell_cmds.c.obj)
 .text.cmd_history
                0x0000000008004d08       0x40 zephyr/libzephyr.a(shell_cmds.c.obj)
 .text.cmd_get_retval
                0x0000000008004d48       0x1c zephyr/libzephyr.a(shell_cmds.c.obj)
 .text.cmd_echo
                0x0000000008004d64       0x50 zephyr/libzephyr.a(shell_cmds.c.obj)
 .text.cmd_clear
                0x0000000008004db4       0x34 zephyr/libzephyr.a(shell_cmds.c.obj)
 .text.cmd_resize
                0x0000000008004de8      0x1a0 zephyr/libzephyr.a(shell_cmds.c.obj)
 .text.z_shell_wildcard_process
                0x0000000008004f88       0xe4 zephyr/libzephyr.a(shell_wildcard.c.obj)
                0x0000000008004f88                z_shell_wildcard_process
 .text.z_arm_fatal_error
                0x000000000800506c       0xe0 zephyr/arch/arch/arm/core/libarch__arm__core.a(fatal.c.obj)
                0x000000000800506c                z_arm_fatal_error
 .text.z_SysNmiOnReset
                0x000000000800514c        0x8 zephyr/arch/arch/arm/core/libarch__arm__core.a(nmi_on_reset.S.obj)
                0x000000000800514c                z_SysNmiOnReset
 .text.arch_tls_stack_setup
                0x0000000008005154       0x40 zephyr/arch/arch/arm/core/libarch__arm__core.a(tls.c.obj)
                0x0000000008005154                arch_tls_stack_setup
 .text._HandlerModeExit
                0x0000000008005194       0x20 zephyr/arch/arch/arm/core/cortex_m/libarch__arm__core__cortex_m.a(exc_exit.c.obj)
                0x0000000008005194                z_arm_exc_exit
                0x0000000008005194                z_arm_int_exit
 .text.bus_fault.constprop.0
                0x00000000080051b4      0x108 zephyr/arch/arch/arm/core/cortex_m/libarch__arm__core__cortex_m.a(fault.c.obj)
 .text.usage_fault.constprop.0
                0x00000000080052bc       0xdc zephyr/arch/arch/arm/core/cortex_m/libarch__arm__core__cortex_m.a(fault.c.obj)
 .text.mem_manage_fault
                0x0000000008005398      0x140 zephyr/arch/arch/arm/core/cortex_m/libarch__arm__core__cortex_m.a(fault.c.obj)
 .text.z_arm_fault
                0x00000000080054d8      0x20c zephyr/arch/arch/arm/core/cortex_m/libarch__arm__core__cortex_m.a(fault.c.obj)
                0x00000000080054d8                z_arm_fault
 .text.z_arm_fault_init
                0x00000000080056e4       0x18 zephyr/arch/arch/arm/core/cortex_m/libarch__arm__core__cortex_m.a(fault.c.obj)
                0x00000000080056e4                z_arm_fault_init
 .text.__fault  0x00000000080056fc       0x14 zephyr/arch/arch/arm/core/cortex_m/libarch__arm__core__cortex_m.a(fault_s.S.obj)
                0x00000000080056fc                z_arm_bus_fault
                0x00000000080056fc                z_arm_usage_fault
                0x00000000080056fc                z_arm_mpu_fault
                0x00000000080056fc                z_arm_exc_spurious
                0x00000000080056fc                z_arm_debug_monitor
                0x00000000080056fc                z_arm_hard_fault
 .text._reset_section
                0x0000000008005710       0x44 zephyr/arch/arch/arm/core/cortex_m/libarch__arm__core__cortex_m.a(reset.S.obj)
                0x0000000008005710                z_arm_reset
                0x0000000008005710                __start
 .text.z_impl_k_thread_abort
                0x0000000008005754       0x2c zephyr/arch/arch/arm/core/cortex_m/libarch__arm__core__cortex_m.a(thread_abort.c.obj)
                0x0000000008005754                z_impl_k_thread_abort
 .text.z_arm_pendsv
                0x0000000008005780       0x64 zephyr/arch/arch/arm/core/cortex_m/libarch__arm__core__cortex_m.a(swap_helper.S.obj)
                0x0000000008005780                z_arm_pendsv
 .text.z_arm_svc
                0x00000000080057e4       0x24 zephyr/arch/arch/arm/core/cortex_m/libarch__arm__core__cortex_m.a(swap_helper.S.obj)
                0x00000000080057e4                z_arm_svc
 .text.arm_irq_enable
                0x0000000008005808       0x1c zephyr/arch/arch/arm/core/cortex_m/libarch__arm__core__cortex_m.a(irq_manage.c.obj)
                0x0000000008005808                arm_irq_enable
 .text.arm_irq_disable
                0x0000000008005824       0x28 zephyr/arch/arch/arm/core/cortex_m/libarch__arm__core__cortex_m.a(irq_manage.c.obj)
                0x0000000008005824                arm_irq_disable
 .text.arm_irq_is_enabled
                0x000000000800584c       0x1c zephyr/arch/arch/arm/core/cortex_m/libarch__arm__core__cortex_m.a(irq_manage.c.obj)
                0x000000000800584c                arm_irq_is_enabled
 .text.arm_irq_priority_set
                0x0000000008005868       0x2c zephyr/arch/arch/arm/core/cortex_m/libarch__arm__core__cortex_m.a(irq_manage.c.obj)
                0x0000000008005868                arm_irq_priority_set
 .text.relocate_vector_table
                0x0000000008005894       0x1c zephyr/arch/arch/arm/core/cortex_m/libarch__arm__core__cortex_m.a(prep_c.c.obj)
                0x0000000008005894                relocate_vector_table
 .text.z_prep_c
                0x00000000080058b0       0x3c zephyr/arch/arch/arm/core/cortex_m/libarch__arm__core__cortex_m.a(prep_c.c.obj)
                0x00000000080058b0                z_prep_c
 .text.arch_new_thread
                0x00000000080058ec       0x30 zephyr/arch/arch/arm/core/cortex_m/libarch__arm__core__cortex_m.a(thread.c.obj)
                0x00000000080058ec                arch_new_thread
 .text.z_check_thread_stack_fail
                0x000000000800591c       0x30 zephyr/arch/arch/arm/core/cortex_m/libarch__arm__core__cortex_m.a(thread.c.obj)
                0x000000000800591c                z_check_thread_stack_fail
 .text.arch_switch_to_main_thread
                0x000000000800594c       0x40 zephyr/arch/arch/arm/core/cortex_m/libarch__arm__core__cortex_m.a(thread.c.obj)
                0x000000000800594c                arch_switch_to_main_thread
 .text.z_arm_cpu_idle_init
                0x000000000800598c        0xc zephyr/arch/arch/arm/core/cortex_m/libarch__arm__core__cortex_m.a(cpu_idle.c.obj)
                0x000000000800598c                z_arm_cpu_idle_init
 .text.z_arm_interrupt_init
                0x0000000008005998       0x18 zephyr/arch/arch/arm/core/cortex_m/libarch__arm__core__cortex_m.a(irq_init.c.obj)
                0x0000000008005998                z_arm_interrupt_init
 .text._isr_wrapper
                0x00000000080059b0       0x24 zephyr/arch/arch/arm/core/cortex_m/libarch__arm__core__cortex_m.a(isr_wrapper.c.obj)
                0x00000000080059b0                _isr_wrapper
 .text.arch_dcache_enable
                0x00000000080059d4       0x5c zephyr/arch/arch/arm/core/cortex_m/libarch__arm__core__cortex_m.a(cache.c.obj)
                0x00000000080059d4                arch_dcache_enable
 .text.arch_icache_enable
                0x0000000008005a30       0x34 zephyr/arch/arch/arm/core/cortex_m/libarch__arm__core__cortex_m.a(cache.c.obj)
                0x0000000008005a30                arch_icache_enable
 .text.z_arm_configure_static_mpu_regions
                0x0000000008005a64       0x18 zephyr/arch/arch/arm/core/mpu/libarch__arm__core__mpu.a(arm_core_mpu.c.obj)
                0x0000000008005a64                z_arm_configure_static_mpu_regions
 .text.z_arm_configure_dynamic_mpu_regions
                0x0000000008005a7c       0x24 zephyr/arch/arch/arm/core/mpu/libarch__arm__core__mpu.a(arm_core_mpu.c.obj)
                0x0000000008005a7c                z_arm_configure_dynamic_mpu_regions
 .text.region_allocate_and_init
                0x0000000008005aa0       0x58 zephyr/arch/arch/arm/core/mpu/libarch__arm__core__mpu.a(arm_mpu.c.obj)
 .text.mpu_configure_regions
                0x0000000008005af8       0x70 zephyr/arch/arch/arm/core/mpu/libarch__arm__core__mpu.a(arm_mpu.c.obj)
 .text.arm_core_mpu_enable
                0x0000000008005b68       0x18 zephyr/arch/arch/arm/core/mpu/libarch__arm__core__mpu.a(arm_mpu.c.obj)
                0x0000000008005b68                arm_core_mpu_enable
 .text.arm_core_mpu_disable
                0x0000000008005b80       0x14 zephyr/arch/arch/arm/core/mpu/libarch__arm__core__mpu.a(arm_mpu.c.obj)
                0x0000000008005b80                arm_core_mpu_disable
 .text.arm_core_mpu_configure_static_mpu_regions
                0x0000000008005b94       0x14 zephyr/arch/arch/arm/core/mpu/libarch__arm__core__mpu.a(arm_mpu.c.obj)
                0x0000000008005b94                arm_core_mpu_configure_static_mpu_regions
 .text.arm_core_mpu_configure_dynamic_mpu_regions
                0x0000000008005ba8       0x38 zephyr/arch/arch/arm/core/mpu/libarch__arm__core__mpu.a(arm_mpu.c.obj)
                0x0000000008005ba8                arm_core_mpu_configure_dynamic_mpu_regions
 .text.z_arm_mpu_init
                0x0000000008005be0      0x1c4 zephyr/arch/arch/arm/core/mpu/libarch__arm__core__mpu.a(arm_mpu.c.obj)
                0x0000000008005be0                z_arm_mpu_init
 .text.cbvprintf
                0x0000000008005da4       0x38 zephyr/lib/libc/picolibc/liblib__libc__picolibc.a(cbprintf.c.obj)
                0x0000000008005da4                cbvprintf
 .text.z_impl_zephyr_fputc
                0x0000000008005ddc       0x10 zephyr/lib/libc/picolibc/liblib__libc__picolibc.a(stdio.c.obj)
                0x0000000008005ddc                z_impl_zephyr_fputc
 .text.__stdout_hook_install
                0x0000000008005dec       0x18 zephyr/lib/libc/picolibc/liblib__libc__picolibc.a(stdio.c.obj)
                0x0000000008005dec                __stdout_hook_install
 .text.malloc_prepare
                0x0000000008005e04       0x24 zephyr/lib/libc/common/liblib__libc__common.a(malloc.c.obj)
 .text.getopt_init
                0x0000000008005e28       0x48 zephyr/lib/posix/options/liblib__posix__options.a(getopt.c.obj)
                0x0000000008005e28                getopt_init
 .text.getopt   0x0000000008005e70       0xf8 zephyr/lib/posix/options/liblib__posix__options.a(getopt.c.obj)
                0x0000000008005e70                getopt
 .text.z_getopt_global_state_update
                0x0000000008005f68       0x34 zephyr/lib/posix/options/liblib__posix__options.a(getopt_common.c.obj)
                0x0000000008005f68                z_getopt_global_state_update
 .text.getopt_state_get
                0x0000000008005f9c        0x8 zephyr/lib/posix/options/liblib__posix__options.a(getopt_common.c.obj)
                0x0000000008005f9c                getopt_state_get
 .text.net_buf_destroy
                0x0000000008005fa4       0x38 zephyr/lib/net_buf/liblib__net_buf.a(buf.c.obj)
 .text.net_buf_id
                0x0000000008005fdc       0x20 zephyr/lib/net_buf/liblib__net_buf.a(buf.c.obj)
                0x0000000008005fdc                net_buf_id
 .text.fixed_data_alloc
                0x0000000008005ffc       0x24 zephyr/lib/net_buf/liblib__net_buf.a(buf.c.obj)
 .text.net_buf_alloc_len
                0x0000000008006020       0xfc zephyr/lib/net_buf/liblib__net_buf.a(buf.c.obj)
                0x0000000008006020                net_buf_alloc_len
 .text.net_buf_unref
                0x000000000800611c       0x3c zephyr/lib/net_buf/liblib__net_buf.a(buf.c.obj)
                0x000000000800611c                net_buf_unref
 .text.z_impl_sys_rand_get
                0x0000000008006158       0x40 zephyr/subsys/random/libsubsys__random.a(random_entropy_device.c.obj)
                0x0000000008006158                z_impl_sys_rand_get
 .text.z_impl_zsock_socket
                0x0000000008006198       0x64 zephyr/subsys/net/libsubsys__net.a(sockets.c.obj)
                0x0000000008006198                z_impl_zsock_socket
 .text.z_impl_zsock_bind
                0x00000000080061fc       0x58 zephyr/subsys/net/libsubsys__net.a(sockets.c.obj)
                0x00000000080061fc                z_impl_zsock_bind
 .text.z_impl_zsock_listen
                0x0000000008006254       0x54 zephyr/subsys/net/libsubsys__net.a(sockets.c.obj)
                0x0000000008006254                z_impl_zsock_listen
 .text.z_impl_zsock_accept
                0x00000000080062a8       0x58 zephyr/subsys/net/libsubsys__net.a(sockets.c.obj)
                0x00000000080062a8                z_impl_zsock_accept
 .text.z_impl_zsock_sendto
                0x0000000008006300       0x6c zephyr/subsys/net/libsubsys__net.a(sockets.c.obj)
                0x0000000008006300                z_impl_zsock_sendto
 .text.z_impl_zsock_recvfrom
                0x000000000800636c       0x6c zephyr/subsys/net/libsubsys__net.a(sockets.c.obj)
                0x000000000800636c                z_impl_zsock_recvfrom
 .text.ipv4_multicast_group.constprop.0
                0x00000000080063d8       0x50 zephyr/subsys/net/libsubsys__net.a(sockets_inet.c.obj)
 .text.zsock_socket_internal
                0x0000000008006428       0x88 zephyr/subsys/net/libsubsys__net.a(sockets_inet.c.obj)
 .text.zsock_accepted_cb
                0x00000000080064b0       0x4c zephyr/subsys/net/libsubsys__net.a(sockets_inet.c.obj)
 .text.send_check_and_wait
                0x00000000080064fc       0xfc zephyr/subsys/net/libsubsys__net.a(sockets_inet.c.obj)
 .text.sock_ioctl_vmeth
                0x00000000080065f8      0x1e4 zephyr/subsys/net/libsubsys__net.a(sockets_inet.c.obj)
 .text.zsock_close_ctx
                0x00000000080067dc       0x58 zephyr/subsys/net/libsubsys__net.a(sockets_inet.c.obj)
                0x00000000080067dc                zsock_close_ctx
 .text.zsock_shutdown_ctx
                0x0000000008006834       0x68 zephyr/subsys/net/libsubsys__net.a(sockets_inet.c.obj)
                0x0000000008006834                zsock_shutdown_ctx
 .text.zsock_bind_ctx
                0x000000000800689c       0x50 zephyr/subsys/net/libsubsys__net.a(sockets_inet.c.obj)
                0x000000000800689c                zsock_bind_ctx
 .text.zsock_connect_ctx
                0x00000000080068ec       0xd4 zephyr/subsys/net/libsubsys__net.a(sockets_inet.c.obj)
                0x00000000080068ec                zsock_connect_ctx
 .text.zsock_listen_ctx
                0x00000000080069c0       0x50 zephyr/subsys/net/libsubsys__net.a(sockets_inet.c.obj)
                0x00000000080069c0                zsock_listen_ctx
 .text.zsock_sendto_ctx
                0x0000000008006a10      0x108 zephyr/subsys/net/libsubsys__net.a(sockets_inet.c.obj)
                0x0000000008006a10                zsock_sendto_ctx
 .text.zsock_sendmsg_ctx
                0x0000000008006b18       0xb4 zephyr/subsys/net/libsubsys__net.a(sockets_inet.c.obj)
                0x0000000008006b18                zsock_sendmsg_ctx
 .text.zsock_wait_data
                0x0000000008006bcc       0x6c zephyr/subsys/net/libsubsys__net.a(sockets_inet.c.obj)
                0x0000000008006bcc                zsock_wait_data
 .text.zsock_accept_ctx
                0x0000000008006c38      0x12c zephyr/subsys/net/libsubsys__net.a(sockets_inet.c.obj)
                0x0000000008006c38                zsock_accept_ctx
 .text.zsock_recv_dgram
                0x0000000008006d64      0x2ac zephyr/subsys/net/libsubsys__net.a(sockets_inet.c.obj)
 .text.zsock_recv_stream
                0x0000000008007010      0x184 zephyr/subsys/net/libsubsys__net.a(sockets_inet.c.obj)
 .text.zsock_recvfrom_ctx
                0x0000000008007194       0x5c zephyr/subsys/net/libsubsys__net.a(sockets_inet.c.obj)
                0x0000000008007194                zsock_recvfrom_ctx
 .text.zsock_recvmsg_ctx
                0x00000000080071f0       0x70 zephyr/subsys/net/libsubsys__net.a(sockets_inet.c.obj)
                0x00000000080071f0                zsock_recvmsg_ctx
 .text.zsock_getsockopt_ctx
                0x0000000008007260      0x16c zephyr/subsys/net/libsubsys__net.a(sockets_inet.c.obj)
                0x0000000008007260                zsock_getsockopt_ctx
 .text.zsock_setsockopt_ctx
                0x00000000080073cc      0x1e4 zephyr/subsys/net/libsubsys__net.a(sockets_inet.c.obj)
                0x00000000080073cc                zsock_setsockopt_ctx
 .text.zsock_getpeername_ctx
                0x00000000080075b0       0x74 zephyr/subsys/net/libsubsys__net.a(sockets_inet.c.obj)
                0x00000000080075b0                zsock_getpeername_ctx
 .text.zsock_getsockname_ctx
                0x0000000008007624       0x6c zephyr/subsys/net/libsubsys__net.a(sockets_inet.c.obj)
                0x0000000008007624                zsock_getsockname_ctx
 .text.ethernet_recv
                0x0000000008007690      0x134 zephyr/subsys/net/l2/ethernet/libsubsys__net__l2__ethernet.a(ethernet.c.obj)
 .text.net_eth_broadcast_addr
                0x00000000080077c4        0x8 zephyr/subsys/net/l2/ethernet/libsubsys__net__l2__ethernet.a(ethernet.c.obj)
                0x00000000080077c4                net_eth_broadcast_addr
 .text.ethernet_mcast_monitor_cb
                0x00000000080077cc       0x68 zephyr/subsys/net/l2/ethernet/libsubsys__net__l2__ethernet.a(ethernet.c.obj)
 .text.ethernet_send
                0x0000000008007834      0x1c8 zephyr/subsys/net/l2/ethernet/libsubsys__net__l2__ethernet.a(ethernet.c.obj)
 .text.ethernet_init
                0x00000000080079fc       0x58 zephyr/subsys/net/l2/ethernet/libsubsys__net__l2__ethernet.a(ethernet.c.obj)
                0x00000000080079fc                ethernet_init
 .text.arp_entry_get_last_from_table
                0x0000000008007a54       0x28 zephyr/subsys/net/l2/ethernet/libsubsys__net__l2__ethernet.a(arp.c.obj)
 .text.arp_request_timeout
                0x0000000008007a7c       0xa8 zephyr/subsys/net/l2/ethernet/libsubsys__net__l2__ethernet.a(arp.c.obj)
 .text.net_arp_prepare
                0x0000000008007b24      0x2c8 zephyr/subsys/net/l2/ethernet/libsubsys__net__l2__ethernet.a(arp.c.obj)
                0x0000000008007b24                net_arp_prepare
 .text.net_arp_update
                0x0000000008007dec      0x168 zephyr/subsys/net/l2/ethernet/libsubsys__net__l2__ethernet.a(arp.c.obj)
                0x0000000008007dec                net_arp_update
 .text.net_arp_clear_cache
                0x0000000008007f54       0xd0 zephyr/subsys/net/l2/ethernet/libsubsys__net__l2__ethernet.a(arp.c.obj)
                0x0000000008007f54                net_arp_clear_cache
 .text.net_arp_clear_pending
                0x0000000008008024       0x28 zephyr/subsys/net/l2/ethernet/libsubsys__net__l2__ethernet.a(arp.c.obj)
                0x0000000008008024                net_arp_clear_pending
 .text.net_arp_init
                0x000000000800804c       0x74 zephyr/subsys/net/l2/ethernet/libsubsys__net__l2__ethernet.a(arp.c.obj)
                0x000000000800804c                net_arp_init
 .text.net_ipv4_is_ll_addr_raw
                0x00000000080080c0       0x18 zephyr/subsys/net/ip/libsubsys__net__ip.a(net_if.c.obj)
 .text.need_calc_checksum
                0x00000000080080d8       0x64 zephyr/subsys/net/ip/libsubsys__net__ip.a(net_if.c.obj)
 .text.iface_router_update_timer
                0x000000000800813c       0x7c zephyr/subsys/net/ip/libsubsys__net__ip.a(net_if.c.obj)
 .text.net_if_ipv4_get_best_match
                0x00000000080081b8       0x98 zephyr/subsys/net/ip/libsubsys__net__ip.a(net_if.c.obj)
 .text.iface_router_expired
                0x0000000008008250       0xb0 zephyr/subsys/net/ip/libsubsys__net__ip.a(net_if.c.obj)
 .text.net_if_get_default.part.0
                0x0000000008008300       0x20 zephyr/subsys/net/ip/libsubsys__net__ip.a(net_if.c.obj)
 .text.z_impl_net_if_get_by_index
                0x0000000008008320       0x24 zephyr/subsys/net/ip/libsubsys__net__ip.a(net_if.c.obj)
                0x0000000008008320                z_impl_net_if_get_by_index
 .text.net_if_get_default
                0x0000000008008344       0x24 zephyr/subsys/net/ip/libsubsys__net__ip.a(net_if.c.obj)
                0x0000000008008344                net_if_get_default
 .text.net_if_mcast_mon_register
                0x0000000008008368       0x44 zephyr/subsys/net/ip/libsubsys__net__ip.a(net_if.c.obj)
                0x0000000008008368                net_if_mcast_mon_register
 .text.net_if_config_ipv4_get
                0x00000000080083ac       0x68 zephyr/subsys/net/ip/libsubsys__net__ip.a(net_if.c.obj)
                0x00000000080083ac                net_if_config_ipv4_get
 .text.net_if_ipv4_is_addr_bcast_raw
                0x0000000008008414       0x30 zephyr/subsys/net/ip/libsubsys__net__ip.a(net_if.c.obj)
                0x0000000008008414                net_if_ipv4_is_addr_bcast_raw
 .text.net_if_ipv4_select_src_addr
                0x0000000008008444       0xc4 zephyr/subsys/net/ip/libsubsys__net__ip.a(net_if.c.obj)
                0x0000000008008444                net_if_ipv4_select_src_addr
 .text.net_if_ipv4_addr_lookup_raw
                0x0000000008008508       0x54 zephyr/subsys/net/ip/libsubsys__net__ip.a(net_if.c.obj)
                0x0000000008008508                net_if_ipv4_addr_lookup_raw
 .text.net_if_ipv4_addr_add
                0x000000000800855c       0xbc zephyr/subsys/net/ip/libsubsys__net__ip.a(net_if.c.obj)
                0x000000000800855c                net_if_ipv4_addr_add
 .text.net_if_ipv4_maddr_lookup
                0x0000000008008618       0x64 zephyr/subsys/net/ip/libsubsys__net__ip.a(net_if.c.obj)
                0x0000000008008618                net_if_ipv4_maddr_lookup
 .text.net_if_addr_unref
                0x000000000800867c       0x9c zephyr/subsys/net/ip/libsubsys__net__ip.a(net_if.c.obj)
                0x000000000800867c                net_if_addr_unref
 .text.net_if_call_link_cb
                0x0000000008008718       0x4c zephyr/subsys/net/ip/libsubsys__net__ip.a(net_if.c.obj)
                0x0000000008008718                net_if_call_link_cb
 .text.net_if_get_by_iface
                0x0000000008008764       0x2c zephyr/subsys/net/ip/libsubsys__net__ip.a(net_if.c.obj)
                0x0000000008008764                net_if_get_by_iface
 .text.update_operational_state
                0x0000000008008790      0x200 zephyr/subsys/net/ip/libsubsys__net__ip.a(net_if.c.obj)
 .text.net_if_tx.isra.0
                0x0000000008008990      0x194 zephyr/subsys/net/ip/libsubsys__net__ip.a(net_if.c.obj)
 .text.net_if_try_send_data
                0x0000000008008b24       0xf0 zephyr/subsys/net/ip/libsubsys__net__ip.a(net_if.c.obj)
                0x0000000008008b24                net_if_try_send_data
 .text.net_if_up
                0x0000000008008c14       0x78 zephyr/subsys/net/ip/libsubsys__net__ip.a(net_if.c.obj)
                0x0000000008008c14                net_if_up
 .text.net_if_is_wifi
                0x0000000008008c8c       0x30 zephyr/subsys/net/ip/libsubsys__net__ip.a(net_if.c.obj)
                0x0000000008008c8c                net_if_is_wifi
 .text.net_if_set_name
                0x0000000008008cbc       0x64 zephyr/subsys/net/ip/libsubsys__net__ip.a(net_if.c.obj)
                0x0000000008008cbc                net_if_set_name
 .text.net_if_get_by_name
                0x0000000008008d20       0x44 zephyr/subsys/net/ip/libsubsys__net__ip.a(net_if.c.obj)
                0x0000000008008d20                net_if_get_by_name
 .text.net_if_init
                0x0000000008008d64      0x1e8 zephyr/subsys/net/ip/libsubsys__net__ip.a(net_if.c.obj)
                0x0000000008008d64                net_if_init
 .text.net_if_post_init
                0x0000000008008f4c       0x28 zephyr/subsys/net/ip/libsubsys__net__ip.a(net_if.c.obj)
                0x0000000008008f4c                net_if_post_init
 .text.z_impl_net_addr_ntop
                0x0000000008008f74      0x1ec zephyr/subsys/net/ip/libsubsys__net__ip.a(utils.c.obj)
                0x0000000008008f74                z_impl_net_addr_ntop
 .text.net_sprint_addr
                0x0000000008009160       0x2c zephyr/subsys/net/ip/libsubsys__net__ip.a(utils.c.obj)
                0x0000000008009160                net_sprint_addr
 .text.net_ipv4_unspecified_address
                0x000000000800918c        0x8 zephyr/subsys/net/ip/libsubsys__net__ip.a(utils.c.obj)
                0x000000000800918c                net_ipv4_unspecified_address
 .text.net_ipv4_broadcast_address
                0x0000000008009194        0x8 zephyr/subsys/net/ip/libsubsys__net__ip.a(utils.c.obj)
                0x0000000008009194                net_ipv4_broadcast_address
 .text.mgmt_event_work_handler
                0x000000000800919c      0x150 zephyr/subsys/net/ip/libsubsys__net__ip.a(net_mgmt.c.obj)
 .text.sys_slist_find_and_remove.constprop.0.isra.0
                0x00000000080092ec       0x38 zephyr/subsys/net/ip/libsubsys__net__ip.a(net_mgmt.c.obj)
 .text.mgmt_rebuild_global_event_mask
                0x0000000008009324       0x74 zephyr/subsys/net/ip/libsubsys__net__ip.a(net_mgmt.c.obj)
 .text.net_mgmt_add_event_callback
                0x0000000008009398       0x50 zephyr/subsys/net/ip/libsubsys__net__ip.a(net_mgmt.c.obj)
                0x0000000008009398                net_mgmt_add_event_callback
 .text.net_mgmt_event_notify_with_info
                0x00000000080093e8       0xc0 zephyr/subsys/net/ip/libsubsys__net__ip.a(net_mgmt.c.obj)
                0x00000000080093e8                net_mgmt_event_notify_with_info
 .text.net_mgmt_event_init
                0x00000000080094a8       0x40 zephyr/subsys/net/ip/libsubsys__net__ip.a(net_mgmt.c.obj)
                0x00000000080094a8                net_mgmt_event_init
 .text.net_context_packet_received
                0x00000000080094e8       0xb0 zephyr/subsys/net/ip/libsubsys__net__ip.a(net_context.c.obj)
                0x00000000080094e8                net_context_packet_received
 .text.check_used_port.constprop.0
                0x0000000008009598       0xe4 zephyr/subsys/net/ip/libsubsys__net__ip.a(net_context.c.obj)
 .text.net_context_get
                0x000000000800967c      0x18c zephyr/subsys/net/ip/libsubsys__net__ip.a(net_context.c.obj)
                0x000000000800967c                net_context_get
 .text.net_context_put
                0x0000000008009808       0x50 zephyr/subsys/net/ip/libsubsys__net__ip.a(net_context.c.obj)
                0x0000000008009808                net_context_put
 .text.net_context_bind
                0x0000000008009858      0x17c zephyr/subsys/net/ip/libsubsys__net__ip.a(net_context.c.obj)
                0x0000000008009858                net_context_bind
 .text.net_context_create_ipv4_new
                0x00000000080099d4       0x7c zephyr/subsys/net/ip/libsubsys__net__ip.a(net_context.c.obj)
                0x00000000080099d4                net_context_create_ipv4_new
 .text.context_sendto
                0x0000000008009a50      0x304 zephyr/subsys/net/ip/libsubsys__net__ip.a(net_context.c.obj)
 .text.net_context_connect
                0x0000000008009d54      0x184 zephyr/subsys/net/ip/libsubsys__net__ip.a(net_context.c.obj)
                0x0000000008009d54                net_context_connect
 .text.net_context_recv
                0x0000000008009ed8      0x14c zephyr/subsys/net/ip/libsubsys__net__ip.a(net_context.c.obj)
                0x0000000008009ed8                net_context_recv
 .text.net_context_set_option
                0x000000000800a024      0x13c zephyr/subsys/net/ip/libsubsys__net__ip.a(net_context.c.obj)
                0x000000000800a024                net_context_set_option
 .text.net_context_get_option
                0x000000000800a160      0x148 zephyr/subsys/net/ip/libsubsys__net__ip.a(net_context.c.obj)
                0x000000000800a160                net_context_get_option
 .text.net_context_init
                0x000000000800a2a8       0x10 zephyr/subsys/net/ip/libsubsys__net__ip.a(net_context.c.obj)
                0x000000000800a2a8                net_context_init
 .text.net_pkt_get_reserve_data
                0x000000000800a2b8       0x48 zephyr/subsys/net/ip/libsubsys__net__ip.a(net_pkt.c.obj)
                0x000000000800a2b8                net_pkt_get_reserve_data
 .text.net_pkt_get_reserve_rx_data
                0x000000000800a300        0xc zephyr/subsys/net/ip/libsubsys__net__ip.a(net_pkt.c.obj)
                0x000000000800a300                net_pkt_get_reserve_rx_data
 .text.net_pkt_get_reserve_tx_data
                0x000000000800a30c        0xc zephyr/subsys/net/ip/libsubsys__net__ip.a(net_pkt.c.obj)
                0x000000000800a30c                net_pkt_get_reserve_tx_data
 .text.net_pkt_get_frag
                0x000000000800a318       0x20 zephyr/subsys/net/ip/libsubsys__net__ip.a(net_pkt.c.obj)
                0x000000000800a318                net_pkt_get_frag
 .text.pkt_alloc
                0x000000000800a338       0x50 zephyr/subsys/net/ip/libsubsys__net__ip.a(net_pkt.c.obj)
 .text.net_pkt_alloc
                0x000000000800a388       0x10 zephyr/subsys/net/ip/libsubsys__net__ip.a(net_pkt.c.obj)
                0x000000000800a388                net_pkt_alloc
 .text.net_pkt_rx_alloc
                0x000000000800a398       0x10 zephyr/subsys/net/ip/libsubsys__net__ip.a(net_pkt.c.obj)
                0x000000000800a398                net_pkt_rx_alloc
 .text.net_pkt_alloc_buffer_raw
                0x000000000800a3a8       0x78 zephyr/subsys/net/ip/libsubsys__net__ip.a(net_pkt.c.obj)
                0x000000000800a3a8                net_pkt_alloc_buffer_raw
 .text.net_pkt_alloc_buffer_with_reserve
                0x000000000800a420      0x104 zephyr/subsys/net/ip/libsubsys__net__ip.a(net_pkt.c.obj)
                0x000000000800a420                net_pkt_alloc_buffer_with_reserve
 .text.net_pkt_alloc_buffer
                0x000000000800a524       0x7c zephyr/subsys/net/ip/libsubsys__net__ip.a(net_pkt.c.obj)
                0x000000000800a524                net_pkt_alloc_buffer
 .text.net_pkt_alloc_with_buffer
                0x000000000800a5a0       0x24 zephyr/subsys/net/ip/libsubsys__net__ip.a(net_pkt.c.obj)
                0x000000000800a5a0                net_pkt_alloc_with_buffer
 .text.net_pkt_rx_alloc_with_buffer
                0x000000000800a5c4       0x24 zephyr/subsys/net/ip/libsubsys__net__ip.a(net_pkt.c.obj)
                0x000000000800a5c4                net_pkt_rx_alloc_with_buffer
 .text.net_pkt_get_data
                0x000000000800a5e8       0x58 zephyr/subsys/net/ip/libsubsys__net__ip.a(net_pkt.c.obj)
                0x000000000800a5e8                net_pkt_get_data
 .text.net_tc_submit_to_rx_queue
                0x000000000800a640       0x18 zephyr/subsys/net/ip/libsubsys__net__ip.a(net_tc.c.obj)
                0x000000000800a640                net_tc_submit_to_rx_queue
 .text.net_rx_priority2tc
                0x000000000800a658       0x10 zephyr/subsys/net/ip/libsubsys__net__ip.a(net_tc.c.obj)
                0x000000000800a658                net_rx_priority2tc
 .text.net_tc_rx_init
                0x000000000800a668       0x90 zephyr/subsys/net/ip/libsubsys__net__ip.a(net_tc.c.obj)
                0x000000000800a668                net_tc_rx_init
 .text.icmp_call_handlers
                0x000000000800a6f8       0x6c zephyr/subsys/net/ip/libsubsys__net__ip.a(icmp.c.obj)
 .text.net_icmp_init_ctx
                0x000000000800a764       0x50 zephyr/subsys/net/ip/libsubsys__net__ip.a(icmp.c.obj)
                0x000000000800a764                net_icmp_init_ctx
 .text.k_mutex_lock.constprop.0.isra.0
                0x000000000800a7b4       0x10 zephyr/subsys/net/ip/libsubsys__net__ip.a(connection.c.obj)
 .text.k_mutex_unlock.constprop.0.isra.0
                0x000000000800a7c4        0xc zephyr/subsys/net/ip/libsubsys__net__ip.a(connection.c.obj)
 .text.net_conn_change_local
                0x000000000800a7d0       0x70 zephyr/subsys/net/ip/libsubsys__net__ip.a(connection.c.obj)
 .text.net_conn_change_remote
                0x000000000800a840       0x70 zephyr/subsys/net/ip/libsubsys__net__ip.a(connection.c.obj)
 .text.conn_set_unused
                0x000000000800a8b0       0x34 zephyr/subsys/net/ip/libsubsys__net__ip.a(connection.c.obj)
 .text.net_conn_register
                0x000000000800a8e4      0x288 zephyr/subsys/net/ip/libsubsys__net__ip.a(connection.c.obj)
                0x000000000800a8e4                net_conn_register
 .text.net_conn_unregister
                0x000000000800ab6c       0x78 zephyr/subsys/net/ip/libsubsys__net__ip.a(connection.c.obj)
                0x000000000800ab6c                net_conn_unregister
 .text.net_conn_update
                0x000000000800abe4       0x58 zephyr/subsys/net/ip/libsubsys__net__ip.a(connection.c.obj)
                0x000000000800abe4                net_conn_update
 .text.net_conn_input
                0x000000000800ac3c      0x248 zephyr/subsys/net/ip/libsubsys__net__ip.a(connection.c.obj)
                0x000000000800ac3c                net_conn_input
 .text.net_conn_init
                0x000000000800ae84       0x3c zephyr/subsys/net/ip/libsubsys__net__ip.a(connection.c.obj)
                0x000000000800ae84                net_conn_init
 .text.net_icmpv4_input
                0x000000000800aec0       0x90 zephyr/subsys/net/ip/libsubsys__net__ip.a(icmpv4.c.obj)
                0x000000000800aec0                net_icmpv4_input
 .text.net_icmpv4_init
                0x000000000800af50       0x60 zephyr/subsys/net/ip/libsubsys__net__ip.a(icmpv4.c.obj)
                0x000000000800af50                net_icmpv4_init
 .text.tcp_send
                0x000000000800afb0       0x58 zephyr/subsys/net/ip/libsubsys__net__ip.a(tcp.c.obj)
 .text.tcp_setup_retransmission
                0x000000000800b008       0x20 zephyr/subsys/net/ip/libsubsys__net__ip.a(tcp.c.obj)
 .text.tcp_enter_time_wait
                0x000000000800b028       0x24 zephyr/subsys/net/ip/libsubsys__net__ip.a(tcp.c.obj)
 .text.th_get   0x000000000800b04c      0x110 zephyr/subsys/net/ip/libsubsys__net__ip.a(tcp.c.obj)
 .text.tcp_conn_release
                0x000000000800b15c      0x160 zephyr/subsys/net/ip/libsubsys__net__ip.a(tcp.c.obj)
 .text.tcp_endpoint_set
                0x000000000800b2bc       0x38 zephyr/subsys/net/ip/libsubsys__net__ip.a(tcp.c.obj)
 .text.tcp_unsent_len
                0x000000000800b2f4       0x54 zephyr/subsys/net/ip/libsubsys__net__ip.a(tcp.c.obj)
 .text.tcp_conn_unref.isra.0
                0x000000000800b348       0x38 zephyr/subsys/net/ip/libsubsys__net__ip.a(tcp.c.obj)
 .text.net_tcp_get
                0x000000000800b380      0x208 zephyr/subsys/net/ip/libsubsys__net__ip.a(tcp.c.obj)
                0x000000000800b380                net_tcp_get
 .text.net_tcp_accept
                0x000000000800b588       0x90 zephyr/subsys/net/ip/libsubsys__net__ip.a(tcp.c.obj)
                0x000000000800b588                net_tcp_accept
 .text.net_tcp_finalize
                0x000000000800b618       0x70 zephyr/subsys/net/ip/libsubsys__net__ip.a(tcp.c.obj)
                0x000000000800b618                net_tcp_finalize
 .text.net_tcp_input
                0x000000000800b688       0x58 zephyr/subsys/net/ip/libsubsys__net__ip.a(tcp.c.obj)
                0x000000000800b688                net_tcp_input
 .text.tcp_out_ext
                0x000000000800b6e0      0x200 zephyr/subsys/net/ip/libsubsys__net__ip.a(tcp.c.obj)
 .text.net_tcp_put
                0x000000000800b8e0       0xbc zephyr/subsys/net/ip/libsubsys__net__ip.a(tcp.c.obj)
                0x000000000800b8e0                net_tcp_put
 .text.tcp_send_zwp
                0x000000000800b99c       0xac zephyr/subsys/net/ip/libsubsys__net__ip.a(tcp.c.obj)
 .text.net_tcp_connect
                0x000000000800ba48      0x1f0 zephyr/subsys/net/ip/libsubsys__net__ip.a(tcp.c.obj)
                0x000000000800ba48                net_tcp_connect
 .text.tcp_send_data
                0x000000000800bc38      0x168 zephyr/subsys/net/ip/libsubsys__net__ip.a(tcp.c.obj)
 .text.tcp_resend_data
                0x000000000800bda0      0x1e0 zephyr/subsys/net/ip/libsubsys__net__ip.a(tcp.c.obj)
 .text.net_tcp_update_recv_wnd
                0x000000000800bf80       0x4c zephyr/subsys/net/ip/libsubsys__net__ip.a(tcp.c.obj)
                0x000000000800bf80                net_tcp_update_recv_wnd
 .text.tcp_data_get
                0x000000000800bfcc      0x110 zephyr/subsys/net/ip/libsubsys__net__ip.a(tcp.c.obj)
 .text.tcp_recv
                0x000000000800c0dc     0x1218 zephyr/subsys/net/ip/libsubsys__net__ip.a(tcp.c.obj)
 .text.net_tcp_init
                0x000000000800d2f4       0x50 zephyr/subsys/net/ip/libsubsys__net__ip.a(tcp.c.obj)
                0x000000000800d2f4                net_tcp_init
 .text.net_udp_finalize
                0x000000000800d344       0x90 zephyr/subsys/net/ip/libsubsys__net__ip.a(udp.c.obj)
                0x000000000800d344                net_udp_finalize
 .text.net_udp_input
                0x000000000800d3d4       0x8c zephyr/subsys/net/ip/libsubsys__net__ip.a(udp.c.obj)
                0x000000000800d3d4                net_udp_input
 .text.dhcpv4_set_timeout
                0x000000000800d460       0x24 zephyr/subsys/net/lib/dhcpv4/libsubsys__net__lib__dhcpv4.a(dhcpv4.c.obj)
 .text.dhcpv4_enter_bound
                0x000000000800d484       0x6c zephyr/subsys/net/lib/dhcpv4/libsubsys__net__lib__dhcpv4.a(dhcpv4.c.obj)
 .text.k_mutex_lock.constprop.0.isra.0
                0x000000000800d4f0       0x10 zephyr/subsys/net/lib/dhcpv4/libsubsys__net__lib__dhcpv4.a(dhcpv4.c.obj)
 .text.k_mutex_unlock.constprop.0.isra.0
                0x000000000800d500        0xc zephyr/subsys/net/lib/dhcpv4/libsubsys__net__lib__dhcpv4.a(dhcpv4.c.obj)
 .text.dhcpv4_iface_event_handler
                0x000000000800d50c       0x98 zephyr/subsys/net/lib/dhcpv4/libsubsys__net__lib__dhcpv4.a(dhcpv4.c.obj)
 .text.dhcpv4_start_internal
                0x000000000800d5a4       0x90 zephyr/subsys/net/lib/dhcpv4/libsubsys__net__lib__dhcpv4.a(dhcpv4.c.obj)
 .text.dhcpv4_create_message
                0x000000000800d634      0x1a0 zephyr/subsys/net/lib/dhcpv4/libsubsys__net__lib__dhcpv4.a(dhcpv4.c.obj)
 .text.dhcpv4_timeout
                0x000000000800d7d4      0x204 zephyr/subsys/net/lib/dhcpv4/libsubsys__net__lib__dhcpv4.a(dhcpv4.c.obj)
 .text.net_dhcpv4_input
                0x000000000800d9d8      0x418 zephyr/subsys/net/lib/dhcpv4/libsubsys__net__lib__dhcpv4.a(dhcpv4.c.obj)
 .text.net_dhcpv4_init
                0x000000000800ddf0       0x64 zephyr/subsys/net/lib/dhcpv4/libsubsys__net__lib__dhcpv4.a(dhcpv4.c.obj)
                0x000000000800ddf0                net_dhcpv4_init
 .text.stm32_fill_irq_table
                0x000000000800de54       0x18 zephyr/drivers/interrupt_controller/libdrivers__interrupt_controller.a(intc_gpio_stm32.c.obj)
 .text.stm32_intc_gpio_isr
                0x000000000800de6c       0x54 zephyr/drivers/interrupt_controller/libdrivers__interrupt_controller.a(intc_gpio_stm32.c.obj)
 .text.stm32_gpio_intc_enable_line
                0x000000000800dec0       0x30 zephyr/drivers/interrupt_controller/libdrivers__interrupt_controller.a(intc_gpio_stm32.c.obj)
                0x000000000800dec0                stm32_gpio_intc_enable_line
 .text.stm32_gpio_intc_set_irq_callback
                0x000000000800def0       0x40 zephyr/drivers/interrupt_controller/libdrivers__interrupt_controller.a(intc_gpio_stm32.c.obj)
                0x000000000800def0                stm32_gpio_intc_set_irq_callback
 .text.stm32_gpio_intc_remove_irq_callback
                0x000000000800df30       0x24 zephyr/drivers/interrupt_controller/libdrivers__interrupt_controller.a(intc_gpio_stm32.c.obj)
                0x000000000800df30                stm32_gpio_intc_remove_irq_callback
 .text.stm32_exti_get_line_src_port
                0x000000000800df54       0x38 zephyr/drivers/interrupt_controller/libdrivers__interrupt_controller.a(intc_gpio_stm32.c.obj)
                0x000000000800df54                stm32_exti_get_line_src_port
 .text.stm32_exti_init
                0x000000000800df8c       0x4c zephyr/drivers/interrupt_controller/libdrivers__interrupt_controller.a(intc_exti_stm32.c.obj)
 .text.stm32_exti_is_pending
                0x000000000800dfd8       0x54 zephyr/drivers/interrupt_controller/libdrivers__interrupt_controller.a(intc_exti_stm32.c.obj)
                0x000000000800dfd8                stm32_exti_is_pending
 .text.stm32_exti_clear_pending
                0x000000000800e02c       0x50 zephyr/drivers/interrupt_controller/libdrivers__interrupt_controller.a(intc_exti_stm32.c.obj)
                0x000000000800e02c                stm32_exti_clear_pending
 .text.get_hclk_frequency
                0x000000000800e07c       0x28 zephyr/drivers/clock_control/libdrivers__clock_control.a(clock_stm32_ll_h7.c.obj)
 .text.stm32_clock_control_get_subsys_rate
                0x000000000800e0a4       0xf8 zephyr/drivers/clock_control/libdrivers__clock_control.a(clock_stm32_ll_h7.c.obj)
 .text.stm32_clock_control_init
                0x000000000800e19c      0x274 zephyr/drivers/clock_control/libdrivers__clock_control.a(clock_stm32_ll_h7.c.obj)
                0x000000000800e19c                stm32_clock_control_init
 .text.enabled_clock
                0x000000000800e410       0x20 zephyr/drivers/clock_control/libdrivers__clock_control.a(clock_stm32_ll_h7.c.obj)
                0x000000000800e410                enabled_clock
 .text.uart_console_init
                0x000000000800e430       0x28 zephyr/drivers/console/libdrivers__console.a(uart_console.c.obj)
 .text.console_out
                0x000000000800e458       0x28 zephyr/drivers/console/libdrivers__console.a(uart_console.c.obj)
 .text.entropy_stm32_suspend.isra.0
                0x000000000800e480       0x24 zephyr/drivers/entropy/libdrivers__entropy.a(entropy_stm32.c.obj)
 .text.entropy_stm32_resume.isra.0
                0x000000000800e4a4       0x30 zephyr/drivers/entropy/libdrivers__entropy.a(entropy_stm32.c.obj)
 .text.start_pool_filling.constprop.0
                0x000000000800e4d4       0x38 zephyr/drivers/entropy/libdrivers__entropy.a(entropy_stm32.c.obj)
 .text.rng_pool_get
                0x000000000800e50c       0x94 zephyr/drivers/entropy/libdrivers__entropy.a(entropy_stm32.c.obj)
 .text.entropy_stm32_rng_get_entropy
                0x000000000800e5a0       0x58 zephyr/drivers/entropy/libdrivers__entropy.a(entropy_stm32.c.obj)
 .text.entropy_stm32_rng_init
                0x000000000800e5f8       0xac zephyr/drivers/entropy/libdrivers__entropy.a(entropy_stm32.c.obj)
 .text.random_sample_get
                0x000000000800e6a4       0x60 zephyr/drivers/entropy/libdrivers__entropy.a(entropy_stm32.c.obj)
 .text.entropy_stm32_rng_get_entropy_isr
                0x000000000800e704       0xd4 zephyr/drivers/entropy/libdrivers__entropy.a(entropy_stm32.c.obj)
 .text.stm32_rng_isr
                0x000000000800e7d8       0xb8 zephyr/drivers/entropy/libdrivers__entropy.a(entropy_stm32.c.obj)
 .text.eth_stm32_hal_get_phy
                0x000000000800e890        0x8 zephyr/drivers/ethernet/libdrivers__ethernet.a(eth_stm32_hal.c.obj)
 .text.clock_control_on.constprop.0
                0x000000000800e898       0x18 zephyr/drivers/ethernet/libdrivers__ethernet.a(eth_stm32_hal.c.obj)
 .text.rx_thread
                0x000000000800e8b0      0x100 zephyr/drivers/ethernet/libdrivers__ethernet.a(eth_stm32_hal.c.obj)
 .text.allocate_tx_buffer
                0x000000000800e9b0       0x2c zephyr/drivers/ethernet/libdrivers__ethernet.a(eth_stm32_hal.c.obj)
 .text.eth_iface_init
                0x000000000800e9dc      0x1ac zephyr/drivers/ethernet/libdrivers__ethernet.a(eth_stm32_hal.c.obj)
 .text.phy_link_state_changed
                0x000000000800eb88      0x144 zephyr/drivers/ethernet/libdrivers__ethernet.a(eth_stm32_hal.c.obj)
 .text.eth_initialize
                0x000000000800eccc      0x144 zephyr/drivers/ethernet/libdrivers__ethernet.a(eth_stm32_hal.c.obj)
 .text.HAL_ETH_RxAllocateCallback
                0x000000000800ee10       0x40 zephyr/drivers/ethernet/libdrivers__ethernet.a(eth_stm32_hal.c.obj)
                0x000000000800ee10                HAL_ETH_RxAllocateCallback
 .text.HAL_ETH_RxLinkCallback
                0x000000000800ee50       0x30 zephyr/drivers/ethernet/libdrivers__ethernet.a(eth_stm32_hal.c.obj)
                0x000000000800ee50                HAL_ETH_RxLinkCallback
 .text.HAL_ETH_TxFreeCallback
                0x000000000800ee80       0x1c zephyr/drivers/ethernet/libdrivers__ethernet.a(eth_stm32_hal.c.obj)
                0x000000000800ee80                HAL_ETH_TxFreeCallback
 .text.eth_tx   0x000000000800ee9c      0x254 zephyr/drivers/ethernet/libdrivers__ethernet.a(eth_stm32_hal.c.obj)
 .text.phy_mii_cfg_link
                0x000000000800f0f0      0x214 zephyr/drivers/ethernet/libdrivers__ethernet.a(phy_mii.c.obj)
 .text.phy_mii_initialize_dynamic_link
                0x000000000800f304      0x160 zephyr/drivers/ethernet/libdrivers__ethernet.a(phy_mii.c.obj)
 .text.monitor_work_handler
                0x000000000800f464      0x2cc zephyr/drivers/ethernet/libdrivers__ethernet.a(phy_mii.c.obj)
 .text.gpio_stm32_pin_interrupt_configure
                0x000000000800f730       0xb0 zephyr/drivers/gpio/libdrivers__gpio.a(gpio_stm32.c.obj)
 .text.gpio_stm32_init
                0x000000000800f7e0       0x38 zephyr/drivers/gpio/libdrivers__gpio.a(gpio_stm32.c.obj)
 .text.z_impl_hwinfo_get_device_id
                0x000000000800f818       0x38 zephyr/drivers/hwinfo/libdrivers__hwinfo.a(hwinfo_stm32.c.obj)
                0x000000000800f818                z_impl_hwinfo_get_device_id
 .text.mdio_stm32_init
                0x000000000800f850       0x74 zephyr/drivers/mdio/libdrivers__mdio.a(mdio_stm32_hal.c.obj)
 .text.pinctrl_configure_pins
                0x000000000800f8c4       0x84 zephyr/drivers/pinctrl/libdrivers__pinctrl.a(pinctrl_stm32.c.obj)
                0x000000000800f8c4                pinctrl_configure_pins
 .text.uart_stm32_cfg2ll_stopbits
                0x000000000800f948       0x38 zephyr/drivers/serial/libdrivers__serial.a(uart_stm32.c.obj)
 .text.uart_stm32_irq_err_enable
                0x000000000800f980       0x78 zephyr/drivers/serial/libdrivers__serial.a(uart_stm32.c.obj)
 .text.uart_stm32_irq_err_disable
                0x000000000800f9f8       0x78 zephyr/drivers/serial/libdrivers__serial.a(uart_stm32.c.obj)
 .text.lpuartdiv_calc
                0x000000000800fa70       0x30 zephyr/drivers/serial/libdrivers__serial.a(uart_stm32.c.obj)
                0x000000000800fa70                lpuartdiv_calc
 .text.uart_stm32_set_baudrate
                0x000000000800faa0      0x128 zephyr/drivers/serial/libdrivers__serial.a(uart_stm32.c.obj)
 .text.uart_stm32_configure
                0x000000000800fbc8      0x118 zephyr/drivers/serial/libdrivers__serial.a(uart_stm32.c.obj)
 .text.uart_stm32_init
                0x000000000800fce0      0x22c zephyr/drivers/serial/libdrivers__serial.a(uart_stm32.c.obj)
 .text.elapsed  0x000000000800ff0c       0x4c zephyr/drivers/timer/libdrivers__timer.a(cortex_m_systick.c.obj)
 .text.sys_clock_driver_init
                0x000000000800ff58       0x38 zephyr/drivers/timer/libdrivers__timer.a(cortex_m_systick.c.obj)
 .text.sys_clock_isr
                0x000000000800ff90       0x60 zephyr/drivers/timer/libdrivers__timer.a(cortex_m_systick.c.obj)
                0x000000000800ff90                sys_clock_isr
 .text.sys_clock_set_timeout
                0x000000000800fff0       0xfc zephyr/drivers/timer/libdrivers__timer.a(cortex_m_systick.c.obj)
                0x000000000800fff0                sys_clock_set_timeout
 .text.sys_clock_elapsed
                0x00000000080100ec       0x3c zephyr/drivers/timer/libdrivers__timer.a(cortex_m_systick.c.obj)
                0x00000000080100ec                sys_clock_elapsed
 .text.sys_clock_cycle_get_32
                0x0000000008010128       0x28 zephyr/drivers/timer/libdrivers__timer.a(cortex_m_systick.c.obj)
                0x0000000008010128                sys_clock_cycle_get_32
 .text.HAL_SYSCFG_ETHInterfaceSelect
                0x0000000008010150       0x14 modules/hal_stm32/stm32cube/lib..__modules__hal__stm32__stm32cube.a(stm32h7xx_hal.c.obj)
                0x0000000008010150                HAL_SYSCFG_ETHInterfaceSelect
 .text.HAL_RCC_GetSysClockFreq
                0x0000000008010164      0x158 modules/hal_stm32/stm32cube/lib..__modules__hal__stm32__stm32cube.a(stm32h7xx_hal_rcc.c.obj)
                0x0000000008010164                HAL_RCC_GetSysClockFreq
 .text.HAL_RCC_GetHCLKFreq
                0x00000000080102bc       0x44 modules/hal_stm32/stm32cube/lib..__modules__hal__stm32__stm32cube.a(stm32h7xx_hal_rcc.c.obj)
                0x00000000080102bc                HAL_RCC_GetHCLKFreq
 .text.ETH_SetDMAConfig
                0x0000000008010300       0xa4 modules/hal_stm32/stm32cube/lib..__modules__hal__stm32__stm32cube.a(stm32h7xx_hal_eth.c.obj)
 .text.ETH_Prepare_Tx_Descriptors
                0x00000000080103a4      0x31c modules/hal_stm32/stm32cube/lib..__modules__hal__stm32__stm32cube.a(stm32h7xx_hal_eth.c.obj)
 .text.HAL_ETH_WritePHYRegister
                0x00000000080106c0       0x60 modules/hal_stm32/stm32cube/lib..__modules__hal__stm32__stm32cube.a(stm32h7xx_hal_eth.c.obj)
                0x00000000080106c0                HAL_ETH_WritePHYRegister
 .text.HAL_ETH_SetMDIOClockRange
                0x0000000008010720       0x68 modules/hal_stm32/stm32cube/lib..__modules__hal__stm32__stm32cube.a(stm32h7xx_hal_eth.c.obj)
                0x0000000008010720                HAL_ETH_SetMDIOClockRange
 .text.HAL_ETH_Init
                0x0000000008010788      0x278 modules/hal_stm32/stm32cube/lib..__modules__hal__stm32__stm32cube.a(stm32h7xx_hal_eth.c.obj)
                0x0000000008010788                HAL_ETH_Init
 .text.HAL_ETH_SetMACFilterConfig
                0x0000000008010a00       0x5c modules/hal_stm32/stm32cube/lib..__modules__hal__stm32__stm32cube.a(stm32h7xx_hal_eth.c.obj)
                0x0000000008010a00                HAL_ETH_SetMACFilterConfig
 .text.LL_SetFlashLatency
                0x0000000008010a5c       0xf4 modules/hal_stm32/stm32cube/lib..__modules__hal__stm32__stm32cube.a(stm32h7xx_ll_utils.c.obj)
                0x0000000008010a5c                LL_SetFlashLatency
 .text.z_device_get_all_static
                0x0000000008010b50       0x18 zephyr/kernel/libkernel.a(device.c.obj)
                0x0000000008010b50                z_device_get_all_static
 .text.k_sys_fatal_error_handler
                0x0000000008010b68       0x28 zephyr/kernel/libkernel.a(fatal.c.obj)
                0x0000000008010b68                k_sys_fatal_error_handler
 .text.z_fatal_error
                0x0000000008010b90      0x110 zephyr/kernel/libkernel.a(fatal.c.obj)
                0x0000000008010b90                z_fatal_error
 .text.z_sys_init_run_level
                0x0000000008010ca0       0x30 zephyr/kernel/libkernel.a(init.c.obj)
 .text.bg_thread_main
                0x0000000008010cd0       0xc0 zephyr/kernel/libkernel.a(init.c.obj)
 .text.z_bss_zero
                0x0000000008010d90       0x40 zephyr/kernel/libkernel.a(init.c.obj)
                0x0000000008010d90                z_bss_zero
 .text.z_init_cpu
                0x0000000008010dd0       0x78 zephyr/kernel/libkernel.a(init.c.obj)
                0x0000000008010dd0                z_init_cpu
 .text.z_cstart
                0x0000000008010e48       0xcc zephyr/kernel/libkernel.a(init.c.obj)
                0x0000000008010e48                z_cstart
 .text.statics_init
                0x0000000008010f14       0x24 zephyr/kernel/libkernel.a(kheap.c.obj)
 .text.init_mem_slab_obj_core_list
                0x0000000008010f38       0x24 zephyr/kernel/libkernel.a(mem_slab.c.obj)
 .text.k_mem_slab_alloc
                0x0000000008010f5c       0x5c zephyr/kernel/libkernel.a(mem_slab.c.obj)
                0x0000000008010f5c                k_mem_slab_alloc
 .text.put_msg_in_queue
                0x0000000008010fb8       0xe0 zephyr/kernel/libkernel.a(msg_q.c.obj)
 .text.z_impl_k_msgq_get
                0x0000000008011098       0xc8 zephyr/kernel/libkernel.a(msg_q.c.obj)
                0x0000000008011098                z_impl_k_msgq_get
 .text.z_impl_k_mutex_lock
                0x0000000008011160       0xf0 zephyr/kernel/libkernel.a(mutex.c.obj)
                0x0000000008011160                z_impl_k_mutex_lock
 .text.z_impl_k_mutex_unlock
                0x0000000008011250       0xa0 zephyr/kernel/libkernel.a(mutex.c.obj)
                0x0000000008011250                z_impl_k_mutex_unlock
 .text.z_impl_k_queue_get
                0x00000000080112f0       0x64 zephyr/kernel/libkernel.a(queue.c.obj)
                0x00000000080112f0                z_impl_k_queue_get
 .text.z_impl_k_sem_give
                0x0000000008011354       0x78 zephyr/kernel/libkernel.a(sem.c.obj)
                0x0000000008011354                z_impl_k_sem_give
 .text.z_impl_k_sem_take
                0x00000000080113cc       0x4c zephyr/kernel/libkernel.a(sem.c.obj)
                0x00000000080113cc                z_impl_k_sem_take
 .text.z_impl_k_sem_reset
                0x0000000008011418       0x80 zephyr/kernel/libkernel.a(sem.c.obj)
                0x0000000008011418                z_impl_k_sem_reset
 .text.work_queue_main
                0x0000000008011498      0x14c zephyr/kernel/libkernel.a(work.c.obj)
 .text.submit_to_queue_locked
                0x00000000080115e4       0xb4 zephyr/kernel/libkernel.a(work.c.obj)
 .text.k_work_submit
                0x0000000008011698        0xc zephyr/kernel/libkernel.a(work.c.obj)
                0x0000000008011698                k_work_submit
 .text.k_work_queue_start
                0x00000000080116a4       0x80 zephyr/kernel/libkernel.a(work.c.obj)
                0x00000000080116a4                k_work_queue_start
 .text.k_work_schedule_for_queue
                0x0000000008011724       0x54 zephyr/kernel/libkernel.a(work.c.obj)
                0x0000000008011724                k_work_schedule_for_queue
 .text.k_work_schedule
                0x0000000008011778        0xc zephyr/kernel/libkernel.a(work.c.obj)
                0x0000000008011778                k_work_schedule
 .text.k_work_reschedule_for_queue
                0x0000000008011784       0x5c zephyr/kernel/libkernel.a(work.c.obj)
                0x0000000008011784                k_work_reschedule_for_queue
 .text.k_work_reschedule
                0x00000000080117e0        0xc zephyr/kernel/libkernel.a(work.c.obj)
                0x00000000080117e0                k_work_reschedule
 .text.z_impl_k_condvar_signal
                0x00000000080117ec       0x4c zephyr/kernel/libkernel.a(condvar.c.obj)
                0x00000000080117ec                z_impl_k_condvar_signal
 .text.z_impl_k_condvar_wait
                0x0000000008011838       0x4c zephyr/kernel/libkernel.a(condvar.c.obj)
                0x0000000008011838                z_impl_k_condvar_wait
 .text.z_impl_k_thread_name_set
                0x0000000008011884       0x20 zephyr/kernel/libkernel.a(thread.c.obj)
                0x0000000008011884                z_impl_k_thread_name_set
 .text.k_thread_state_str
                0x00000000080118a4       0x84 zephyr/kernel/libkernel.a(thread.c.obj)
                0x00000000080118a4                k_thread_state_str
 .text.z_setup_new_thread
                0x0000000008011928      0x100 zephyr/kernel/libkernel.a(thread.c.obj)
                0x0000000008011928                z_setup_new_thread
 .text.z_impl_k_thread_create
                0x0000000008011a28       0x58 zephyr/kernel/libkernel.a(thread.c.obj)
                0x0000000008011a28                z_impl_k_thread_create
 .text.z_dummy_thread_init
                0x0000000008011a80       0x20 zephyr/kernel/libkernel.a(thread.c.obj)
                0x0000000008011a80                z_dummy_thread_init
 .text.z_swap_irqlock
                0x0000000008011aa0       0x34 zephyr/kernel/libkernel.a(sched.c.obj)
 .text.ready_thread
                0x0000000008011ad4       0x84 zephyr/kernel/libkernel.a(sched.c.obj)
 .text.unready_thread
                0x0000000008011b58       0x54 zephyr/kernel/libkernel.a(sched.c.obj)
 .text.add_thread_timeout
                0x0000000008011bac       0x1c zephyr/kernel/libkernel.a(sched.c.obj)
 .text.move_thread_to_end_of_prio_q
                0x0000000008011bc8       0x90 zephyr/kernel/libkernel.a(sched.c.obj)
                0x0000000008011bc8                move_thread_to_end_of_prio_q
 .text.z_impl_k_thread_suspend
                0x0000000008011c58       0xf0 zephyr/kernel/libkernel.a(sched.c.obj)
                0x0000000008011c58                z_impl_k_thread_suspend
 .text.z_pend_curr
                0x0000000008011d48       0x44 zephyr/kernel/libkernel.a(sched.c.obj)
                0x0000000008011d48                z_pend_curr
 .text.z_thread_prio_set
                0x0000000008011d8c       0xe4 zephyr/kernel/libkernel.a(sched.c.obj)
                0x0000000008011d8c                z_thread_prio_set
 .text.z_reschedule
                0x0000000008011e70       0x24 zephyr/kernel/libkernel.a(sched.c.obj)
                0x0000000008011e70                z_reschedule
 .text.z_impl_k_thread_resume
                0x0000000008011e94       0x3c zephyr/kernel/libkernel.a(sched.c.obj)
                0x0000000008011e94                z_impl_k_thread_resume
 .text.z_reschedule_irqlock
                0x0000000008011ed0       0x28 zephyr/kernel/libkernel.a(sched.c.obj)
                0x0000000008011ed0                z_reschedule_irqlock
 .text.k_sched_lock
                0x0000000008011ef8       0x28 zephyr/kernel/libkernel.a(sched.c.obj)
                0x0000000008011ef8                k_sched_lock
 .text.k_sched_unlock
                0x0000000008011f20       0x68 zephyr/kernel/libkernel.a(sched.c.obj)
                0x0000000008011f20                k_sched_unlock
 .text.z_sched_init
                0x0000000008011f88       0x10 zephyr/kernel/libkernel.a(sched.c.obj)
                0x0000000008011f88                z_sched_init
 .text.z_impl_k_yield
                0x0000000008011f98       0x88 zephyr/kernel/libkernel.a(sched.c.obj)
                0x0000000008011f98                z_impl_k_yield
 .text.z_tick_sleep
                0x0000000008012020       0x78 zephyr/kernel/libkernel.a(sched.c.obj)
 .text.z_impl_k_wakeup
                0x0000000008012098       0x48 zephyr/kernel/libkernel.a(sched.c.obj)
                0x0000000008012098                z_impl_k_wakeup
 .text.z_impl_k_sched_current_thread_query
                0x00000000080120e0        0xc zephyr/kernel/libkernel.a(sched.c.obj)
                0x00000000080120e0                z_impl_k_sched_current_thread_query
 .text.z_thread_abort
                0x00000000080120ec      0x144 zephyr/kernel/libkernel.a(sched.c.obj)
                0x00000000080120ec                z_thread_abort
 .text.z_sched_wait
                0x0000000008012230       0x24 zephyr/kernel/libkernel.a(sched.c.obj)
                0x0000000008012230                z_sched_wait
 .text.slice_timeout
                0x0000000008012254       0x20 zephyr/kernel/libkernel.a(timeslicing.c.obj)
 .text.thread_is_sliceable
                0x0000000008012274       0x3c zephyr/kernel/libkernel.a(timeslicing.c.obj)
                0x0000000008012274                thread_is_sliceable
 .text.z_reset_time_slice
                0x00000000080122b0       0x50 zephyr/kernel/libkernel.a(timeslicing.c.obj)
                0x00000000080122b0                z_reset_time_slice
 .text.z_time_slice
                0x0000000008012300       0x60 zephyr/kernel/libkernel.a(timeslicing.c.obj)
                0x0000000008012300                z_time_slice
 .text.z_thread_monitor_exit
                0x0000000008012360       0x44 zephyr/kernel/libkernel.a(thread_monitor.c.obj)
                0x0000000008012360                z_thread_monitor_exit
 .text.k_thread_foreach
                0x00000000080123a4       0x34 zephyr/kernel/libkernel.a(thread_monitor.c.obj)
                0x00000000080123a4                k_thread_foreach
 .text.k_thread_foreach_unlocked
                0x00000000080123d8       0x4c zephyr/kernel/libkernel.a(thread_monitor.c.obj)
                0x00000000080123d8                k_thread_foreach_unlocked
 .text.z_data_copy
                0x0000000008012424       0x64 zephyr/kernel/libkernel.a(xip.c.obj)
                0x0000000008012424                z_data_copy
 .text.first    0x0000000008012488       0x10 zephyr/kernel/libkernel.a(timeout.c.obj)
 .text.elapsed  0x0000000008012498       0x14 zephyr/kernel/libkernel.a(timeout.c.obj)
 .text.remove_timeout
                0x00000000080124ac       0x38 zephyr/kernel/libkernel.a(timeout.c.obj)
 .text.timeout_rem
                0x00000000080124e4       0x30 zephyr/kernel/libkernel.a(timeout.c.obj)
 .text.z_add_timeout
                0x0000000008012514      0x120 zephyr/kernel/libkernel.a(timeout.c.obj)
                0x0000000008012514                z_add_timeout
 .text.sys_clock_announce
                0x0000000008012634       0xc0 zephyr/kernel/libkernel.a(timeout.c.obj)
                0x0000000008012634                sys_clock_announce
 .text.sys_clock_tick_get
                0x00000000080126f4       0x30 zephyr/kernel/libkernel.a(timeout.c.obj)
                0x00000000080126f4                sys_clock_tick_get
 .text.z_timer_expiration_handler
                0x0000000008012724      0x110 zephyr/kernel/libkernel.a(timer.c.obj)
                0x0000000008012724                z_timer_expiration_handler
 .text.z_impl_k_timer_start
                0x0000000008012834       0x70 zephyr/kernel/libkernel.a(timer.c.obj)
                0x0000000008012834                z_impl_k_timer_start
 .text.clear_event_registrations
                0x00000000080128a4       0x60 zephyr/kernel/libkernel.a(poll.c.obj)
 .text.z_impl_k_poll
                0x0000000008012904       0xb0 zephyr/kernel/libkernel.a(poll.c.obj)
                0x0000000008012904                z_impl_k_poll
 .text.k_event_post_internal
                0x00000000080129b4       0x5c zephyr/kernel/libkernel.a(events.c.obj)
 .text.z_thread_alloc_helper
                0x0000000008012a10       0x38 zephyr/kernel/libkernel.a(mempool.c.obj)
 .text.k_thread_system_pool_assign
                0x0000000008012a48        0xc zephyr/kernel/libkernel.a(mempool.c.obj)
                0x0000000008012a48                k_thread_system_pool_assign
 .text.z_thread_malloc
                0x0000000008012a54       0x10 zephyr/kernel/libkernel.a(mempool.c.obj)
                0x0000000008012a54                z_thread_malloc
 .text.boot_banner
                0x0000000008012a64        0xc zephyr/kernel/libkernel.a(banner.c.obj)
                0x0000000008012a64                boot_banner
 .text.k_sys_work_q_init
                0x0000000008012a70       0x2c zephyr/kernel/libkernel.a(system_work_q.c.obj)
 .text.gmtime_r
                0x0000000008012a9c      0x15c /home/joeyw/zephyr-sdk-0.17.2/arm-zephyr-eabi/bin/../lib/gcc/../../picolibc/arm-zephyr-eabi/lib/thumb/v7e-m/nofp/libc.a(libc_time_gmtime_r.c.o)
                0x0000000008012a9c                gmtime_r
 .text.snprintf
                0x0000000008012bf8       0x54 /home/joeyw/zephyr-sdk-0.17.2/arm-zephyr-eabi/bin/../lib/gcc/../../picolibc/arm-zephyr-eabi/lib/thumb/v7e-m/nofp/libc.a(libc_tinystdio_snprintf.c.o)
                0x0000000008012bf8                snprintf
 .text.strtol   0x0000000008012c4c       0xec /home/joeyw/zephyr-sdk-0.17.2/arm-zephyr-eabi/bin/../lib/gcc/../../picolibc/arm-zephyr-eabi/lib/thumb/v7e-m/nofp/libc.a(libc_tinystdio_strtol.c.o)
                0x0000000008012c4c                strtol
 .text.strtoul  0x0000000008012d38       0xcc /home/joeyw/zephyr-sdk-0.17.2/arm-zephyr-eabi/bin/../lib/gcc/../../picolibc/arm-zephyr-eabi/lib/thumb/v7e-m/nofp/libc.a(libc_tinystdio_strtoul.c.o)
                0x0000000008012d38                strtoul
 .text.__l_vfprintf
                0x0000000008012e04      0x4b8 /home/joeyw/zephyr-sdk-0.17.2/arm-zephyr-eabi/bin/../lib/gcc/../../picolibc/arm-zephyr-eabi/lib/thumb/v7e-m/nofp/libc.a(libc_tinystdio_vflprintf.c.o)
                0x0000000008012e04                __l_vfprintf
 .text._OffsetAbsSyms
                0x00000000080132bc        0x2 zephyr/CMakeFiles/offsets.dir/./arch/arm/core/offsets/offsets.c.obj
                0x00000000080132bc                _OffsetAbsSyms
 .text.crc32_ieee
                0x00000000080132be        0xa zephyr/libzephyr.a(crc32_sw.c.obj)
                0x00000000080132be                crc32_ieee
 .text.chunk_field
                0x00000000080132c8       0x16 zephyr/libzephyr.a(heap.c.obj)
 .text.chunk_set
                0x00000000080132de       0x16 zephyr/libzephyr.a(heap.c.obj)
 .text.chunk_size
                0x00000000080132f4        0xc zephyr/libzephyr.a(heap.c.obj)
 .text.set_chunk_used
                0x0000000008013300       0x30 zephyr/libzephyr.a(heap.c.obj)
 .text.set_chunk_size
                0x0000000008013330        0x8 zephyr/libzephyr.a(heap.c.obj)
 .text.mem_to_chunkid
                0x0000000008013338       0x14 zephyr/libzephyr.a(heap.c.obj)
 .text.bucket_idx.isra.0
                0x000000000801334c       0x1e zephyr/libzephyr.a(heap.c.obj)
 .text.free_list_remove_bidx
                0x000000000801336a       0x5c zephyr/libzephyr.a(heap.c.obj)
 .text.free_list_remove
                0x00000000080133c6       0x2e zephyr/libzephyr.a(heap.c.obj)
 .text.alloc_chunk
                0x00000000080133f4       0x74 zephyr/libzephyr.a(heap.c.obj)
 .text.split_chunks
                0x0000000008013468       0x4e zephyr/libzephyr.a(heap.c.obj)
 .text.merge_chunks
                0x00000000080134b6       0x3c zephyr/libzephyr.a(heap.c.obj)
 .text.free_list_add
                0x00000000080134f2       0x84 zephyr/libzephyr.a(heap.c.obj)
 .text.free_chunk
                0x0000000008013576       0x84 zephyr/libzephyr.a(heap.c.obj)
 .text.sys_heap_free
                0x00000000080135fa       0x24 zephyr/libzephyr.a(heap.c.obj)
                0x00000000080135fa                sys_heap_free
 .text.sys_heap_alloc
                0x000000000801361e       0x78 zephyr/libzephyr.a(heap.c.obj)
                0x000000000801361e                sys_heap_alloc
 .text.sys_heap_noalign_alloc
                0x0000000008013696        0x6 zephyr/libzephyr.a(heap.c.obj)
                0x0000000008013696                sys_heap_noalign_alloc
 .text.sys_heap_init
                0x000000000801369c       0xb0 zephyr/libzephyr.a(heap.c.obj)
                0x000000000801369c                sys_heap_init
 .text.cbpprintf_external
                0x000000000801374c       0x62 zephyr/libzephyr.a(cbprintf_packaged.c.obj)
                0x000000000801374c                cbpprintf_external
 .text.is_ptr   0x00000000080137ae       0x4a zephyr/libzephyr.a(cbprintf_packaged.c.obj)
                0x00000000080137ae                is_ptr
 .text.timespec_add
                0x00000000080137f8       0x60 zephyr/libzephyr.a(clock.c.obj)
 .text.arch_printk_char_out
                0x0000000008013858        0x4 zephyr/libzephyr.a(printk.c.obj)
                0x0000000008013858                arch_printk_char_out
 .text.printk   0x000000000801385c       0x1a zephyr/libzephyr.a(printk.c.obj)
                0x000000000801385c                printk
 .text.zvfs_fdtable_call_ioctl
                0x0000000008013876       0x1e zephyr/libzephyr.a(fdtable.c.obj)
 .text.k_mutex_lock.constprop.0.isra.0
                0x0000000008013894        0x4 zephyr/libzephyr.a(fdtable.c.obj)
 .text.k_mutex_unlock.isra.0
                0x0000000008013898        0x4 zephyr/libzephyr.a(fdtable.c.obj)
 .text.zvfs_free_fd
                0x000000000801389c        0x4 zephyr/libzephyr.a(fdtable.c.obj)
                0x000000000801389c                zvfs_free_fd
 .text.free_space
                0x00000000080138a0       0x26 zephyr/libzephyr.a(mpsc_pbuf.c.obj)
 .text.get_usage
                0x00000000080138c6       0x22 zephyr/libzephyr.a(mpsc_pbuf.c.obj)
 .text.idx_inc  0x00000000080138e8       0x1c zephyr/libzephyr.a(mpsc_pbuf.c.obj)
 .text.rd_idx_inc
                0x0000000008013904       0x18 zephyr/libzephyr.a(mpsc_pbuf.c.obj)
 .text.add_skip_item
                0x000000000801391c       0x3a zephyr/libzephyr.a(mpsc_pbuf.c.obj)
 .text.drop_item_locked
                0x0000000008013956      0x100 zephyr/libzephyr.a(mpsc_pbuf.c.obj)
 .text.post_drop_action
                0x0000000008013a56       0x36 zephyr/libzephyr.a(mpsc_pbuf.c.obj)
 .text.max_utilization_update
                0x0000000008013a8c       0x1a zephyr/libzephyr.a(mpsc_pbuf.c.obj)
 .text.mpsc_pbuf_init
                0x0000000008013aa6       0x42 zephyr/libzephyr.a(mpsc_pbuf.c.obj)
                0x0000000008013aa6                mpsc_pbuf_init