Archive member included to satisfy reference by file (symbol)

app/libapp.a(test_l6470_codec.c.obj)
                              (--whole-archive)
app/libapp.a(test_l6470_limits.c.obj)
                              (--whole-archive)
app/libapp.a(test_stepper_models.c.obj)
                              (--whole-archive)
app/libapp.a(test_l6470_strict_frames.c.obj)
                              (--whole-archive)
app/libapp.a(strict_spi_mock.c.obj)
                              (--whole-archive)
app/libapp.a(test_power_control.c.obj)
                              (--whole-archive)
app/libapp.a(l6470.c.obj)     (--whole-archive)
app/libapp.a(stepper_models.c.obj)
                              (--whole-archive)
zephyr/libzephyr.a(validate_libc.c.obj)
                              (--whole-archive)
zephyr/libzephyr.a(heap.c.obj)
                              (--whole-archive)
zephyr/libzephyr.a(cbprintf_packaged.c.obj)
                              (--whole-archive)
zephyr/libzephyr.a(clock.c.obj)
                              (--whole-archive)
zephyr/libzephyr.a(printk.c.obj)
                              (--whole-archive)
zephyr/libzephyr.a(sem.c.obj)
                              (--whole-archive)
zephyr/libzephyr.a(thread_entry.c.obj)
                              (--whole-archive)
zephyr/libzephyr.a(cbprintf_complete.c.obj)
                              (--whole-archive)
zephyr/libzephyr.a(cbprintf.c.obj)
                              (--whole-archive)
zephyr/libzephyr.a(assert.c.obj)
                              (--whole-archive)
zephyr/libzephyr.a(dec.c.obj)
                              (--whole-archive)
zephyr/libzephyr.a(hex.c.obj)
                              (--whole-archive)
zephyr/libzephyr.a(rb.c.obj)  (--whole-archive)
zephyr/libzephyr.a(timeutil.c.obj)
                              (--whole-archive)
zephyr/libzephyr.a(bitarray.c.obj)
                              (--whole-archive)
zephyr/libzephyr.a(ring_buffer.c.obj)
                              (--whole-archive)
zephyr/libzephyr.a(configs.c.obj)
                              (--whole-archive)
zephyr/libzephyr.a(log_core.c.obj)
                              (--whole-archive)
zephyr/libzephyr.a(log_mgmt.c.obj)
                              (--whole-archive)
zephyr/libzephyr.a(log_cache.c.obj)
                              (--whole-archive)
zephyr/libzephyr.a(log_msg.c.obj)
                              (--whole-archive)
zephyr/libzephyr.a(log_output.c.obj)
                              (--whole-archive)
zephyr/libzephyr.a(log_backend_native_posix.c.obj)
                              (--whole-archive)
zephyr/libzephyr.a(tracing_none.c.obj)
                              (--whole-archive)
zephyr/libzephyr.a(settings_store.c.obj)
                              (--whole-archive)
zephyr/libzephyr.a(settings.c.obj)
                              (--whole-archive)
zephyr/libzephyr.a(settings_init.c.obj)
                              (--whole-archive)
zephyr/libzephyr.a(settings_line.c.obj)
                              (--whole-archive)
zephyr/libzephyr.a(settings_none.c.obj)
                              (--whole-archive)
zephyr/arch/arch/posix/core/libarch__posix__core.a(cpuhalt.c.obj)
                              (--whole-archive)
zephyr/arch/arch/posix/core/libarch__posix__core.a(fatal.c.obj)
                              (--whole-archive)
zephyr/arch/arch/posix/core/libarch__posix__core.a(irq.c.obj)
                              (--whole-archive)
zephyr/arch/arch/posix/core/libarch__posix__core.a(swap.c.obj)
                              (--whole-archive)
zephyr/arch/arch/posix/core/libarch__posix__core.a(thread.c.obj)
                              (--whole-archive)
zephyr/arch/arch/posix/core/libarch__posix__core.a(posix_core_nsi.c.obj)
                              (--whole-archive)
zephyr/soc/soc/native/libsoc__native__inf_clock.a(soc.c.obj)
                              (--whole-archive)
zephyr/soc/soc/native/libsoc__native__inf_clock.a(native_tasks.c.obj)
                              (--whole-archive)
zephyr/soc/soc/native/libsoc__native__inf_clock.a(native_remap.c.obj)
                              (--whole-archive)
zephyr/boards/native/native_sim/libboards__native__native_sim.a(cmdline.c.obj)
                              (--whole-archive)
zephyr/boards/native/native_sim/libboards__native__native_sim.a(cpu_wait.c.obj)
                              (--whole-archive)
zephyr/boards/native/native_sim/libboards__native__native_sim.a(nsi_if.c.obj)
                              (--whole-archive)
zephyr/boards/native/native_sim/libboards__native__native_sim.a(irq_handler.c.obj)
                              (--whole-archive)
zephyr/boards/native/native_sim/libboards__native__native_sim.a(misc.c.obj)
                              (--whole-archive)
zephyr/boards/native/native_sim/libboards__native__native_sim.a(posix_arch_if.c.obj)
                              (--whole-archive)
[...]
Memory Configuration

Name             Origin             Length             Attributes
*default*        0x00000000         0xffffffff

Linker script and memory map


.interp
 *(SORT_BY_ALIGNMENT(.interp))

.note.gnu.build-id
 *(SORT_BY_ALIGNMENT(.note.gnu.build-id))

.hash
 *(SORT_BY_ALIGNMENT(.hash))

.gnu.hash
 *(SORT_BY_ALIGNMENT(.gnu.hash))

.dynsym
 *(SORT_BY_ALIGNMENT(.dynsym))

.dynstr
 *(SORT_BY_ALIGNMENT(.dynstr))

.gnu.version
 *(SORT_BY_ALIGNMENT(.gnu.version))

.gnu.version_d
 *(SORT_BY_ALIGNMENT(.gnu.version_d))

.gnu.version_r
 *(SORT_BY_ALIGNMENT(.gnu.version_r))

.rel.init
 *(SORT_BY_ALIGNMENT(.rel.init))

.rel.text
 *(SORT_BY_ALIGNMENT(.rel.text))

.rel.fini
 *(SORT_BY_ALIGNMENT(.rel.fini))

.rel.rodata
 *(SORT_BY_ALIGNMENT(.rel.rodata))

.rel.data.rel.ro
 *(SORT_BY_ALIGNMENT(.rel.data.rel.ro))

.rel.data
 *(SORT_BY_ALIGNMENT(.rel.data))

.rel.tdata
 *(SORT_BY_ALIGNMENT(.rel.tdata))

.rel.tbss
 *(SORT_BY_ALIGNMENT(.rel.tbss))

.rel.ctors
 *(SORT_BY_ALIGNMENT(.rel.ctors))

.rel.dtors
 *(SORT_BY_ALIGNMENT(.rel.dtors))

.rel.got
 *(SORT_BY_ALIGNMENT(.rel.got))

.rel.bss
 *(SORT_BY_ALIGNMENT(.rel.bss))

.rel.ifunc
 *(SORT_BY_ALIGNMENT(.rel.ifunc))

.rel.plt
 *(SORT_BY_ALIGNMENT(.rel.plt))

.relr.dyn
 *(SORT_BY_ALIGNMENT(.relr.dyn))

.init
 *(SORT_NONE(.init))

.plt
 *(SORT_BY_ALIGNMENT(.plt))

.plt.got
 *(SORT_BY_ALIGNMENT(.plt.got))

.plt.sec
 *(SORT_BY_ALIGNMENT(.plt.sec))

.text           0x00000000      0x2f5
 *(SORT_BY_ALIGNMENT(.text) SORT_BY_ALIGNMENT(.stub))
 .text          0x00000000      0x122 /usr/lib/gcc/x86_64-linux-gnu/13/32/libgcc.a(_udivdi3.o)
                0x00000000                __udivdi3
 *fill*         0x00000122        0xe 
 .text          0x00000130      0x1c5 /usr/lib/gcc/x86_64-linux-gnu/13/32/libgcc.a(_udivmoddi4.o)
                0x00000130                __udivmoddi4
 *(SORT_BY_ALIGNMENT(.gnu.warning))

.text._OffsetAbsSyms
                0x00000000        0x1
 .text._OffsetAbsSyms
                0x00000000        0x1 zephyr/CMakeFiles/offsets.dir/./arch/posix/core/offsets/offsets.c.obj
                0x00000000                _OffsetAbsSyms

.text.z_zassert.constprop.0
                0x00000000      0x22e
 .text.z_zassert.constprop.0
                0x00000000       0x5c app/libapp.a(test_l6470_codec.c.obj)
 .text.z_zassert.constprop.0
                0x0000005c       0x5c app/libapp.a(test_l6470_limits.c.obj)
 .text.z_zassert.constprop.0
                0x000000b8       0x5c app/libapp.a(test_stepper_models.c.obj)
 .text.z_zassert.constprop.0
                0x00000114       0x5c app/libapp.a(test_l6470_strict_frames.c.obj)
 .text.z_zassert.constprop.0
                0x00000170       0x5e app/libapp.a(strict_spi_mock.c.obj)
 .text.z_zassert.constprop.0
                0x000001ce       0x60 app/libapp.a(test_power_control.c.obj)

.text._l6470_codec_test_build_get_status_tx_and_parse_wrapper
                0x00000000       0xf5
 .text._l6470_codec_test_build_get_status_tx_and_parse_wrapper
                0x00000000       0xf5 app/libapp.a(test_l6470_codec.c.obj)

.text._l6470_codec_test_pack_move_frame_dev1_wrapper
                0x00000000       0x6d
 .text._l6470_codec_test_pack_move_frame_dev1_wrapper
                0x00000000       0x6d app/libapp.a(test_l6470_codec.c.obj)

.text._l6470_codec_test_pack_run_frame_dev0_wrapper
                0x00000000       0x73
 .text._l6470_codec_test_pack_run_frame_dev0_wrapper
                0x00000000       0x73 app/libapp.a(test_l6470_codec.c.obj)

.text._l6470_limits_test_move_rejects_too_many_steps_wrapper
                0x00000000       0x51
 .text._l6470_limits_test_move_rejects_too_many_steps_wrapper
                0x00000000       0x51 app/libapp.a(test_l6470_limits.c.obj)

.text._l6470_limits_test_run_rejects_high_speed_wrapper
                0x00000000       0x86
 .text._l6470_limits_test_run_rejects_high_speed_wrapper
                0x00000000       0x86 app/libapp.a(test_l6470_limits.c.obj)

.text._stepper_models_test_persist_active_wrapper
                0x00000000       0xc2
 .text._stepper_models_test_persist_active_wrapper
                0x00000000       0xc2 app/libapp.a(test_stepper_models.c.obj)

.text._stepper_models_test_switch_and_enforce_wrapper
                0x00000000      0x198
 .text._stepper_models_test_switch_and_enforce_wrapper
                0x00000000      0x198 app/libapp.a(test_stepper_models.c.obj)

.text._l6470_strict_test_move_frame_bytes_wrapper
                0x00000000       0x7e
 .text._l6470_strict_test_move_frame_bytes_wrapper
                0x00000000       0x7e app/libapp.a(test_l6470_strict_frames.c.obj)

.text._l6470_strict_test_run_frame_bytes_wrapper
                0x00000000       0x86
 .text._l6470_strict_test_run_frame_bytes_wrapper
                0x00000000       0x86 app/libapp.a(test_l6470_strict_frames.c.obj)

.text.strict_spi_xfer
                0x00000000      0x103
 .text.strict_spi_xfer
                0x00000000      0x103 app/libapp.a(strict_spi_mock.c.obj)

.text.strict_spi_mock_register
                0x00000000       0x15
 .text.strict_spi_mock_register
                0x00000000       0x15 app/libapp.a(strict_spi_mock.c.obj)
                0x00000000                strict_spi_mock_register

.text._power_control_tests_test_power_state_hooks_wrapper
                0x00000000       0x77
 .text._power_control_tests_test_power_state_hooks_wrapper
                0x00000000       0x77 app/libapp.a(test_power_control.c.obj)

.text.z_log_msg_runtime_create.constprop.0
                0x00000000       0x96
 .text.z_log_msg_runtime_create.constprop.0
                0x00000000       0x27 app/libapp.a(l6470.c.obj)
 .text.z_log_msg_runtime_create.constprop.0
                0x00000027       0x27 app/libapp.a(stepper_models.c.obj)
 .text.z_log_msg_runtime_create.constprop.0
                0x0000004e       0x24 zephyr/libzephyr.a(log_msg.c.obj)
 .text.z_log_msg_runtime_create.constprop.0
                0x00000072       0x24 zephyr/kernel/libkernel.a(fatal.c.obj)

.text.spi_transceive.constprop.0
                0x00000000       0x1a
 .text.spi_transceive.constprop.0
                0x00000000       0x1a app/libapp.a(l6470.c.obj)

.text.l6470_set_spi_xfer
                0x00000000        0xd
 .text.l6470_set_spi_xfer
                0x00000000        0xd app/libapp.a(l6470.c.obj)
                0x00000000                l6470_set_spi_xfer

.text.l6470_test_force_ready
                0x00000000        0x8
 .text.l6470_test_force_ready
                0x00000000        0x8 app/libapp.a(l6470.c.obj)
                0x00000000                l6470_test_force_ready

.text.l6470_set_power_enabled
                0x00000000        0xd
 .text.l6470_set_power_enabled
                0x00000000        0xd app/libapp.a(l6470.c.obj)
                0x00000000                l6470_set_power_enabled

.text.l6470_get_max_steps_per_command
                0x00000000        0x6
 .text.l6470_get_max_steps_per_command
                0x00000000        0x6 app/libapp.a(l6470.c.obj)
                0x00000000                l6470_get_max_steps_per_command

.text.l6470_get_status_all
                0x00000000       0xf3
 .text.l6470_get_status_all
                0x00000000       0xf3 app/libapp.a(l6470.c.obj)
                0x00000000                l6470_get_status_all

.text.l6470_pack_run_frames
                0x00000000       0x41
 .text.l6470_pack_run_frames
                0x00000000       0x41 app/libapp.a(l6470.c.obj)
                0x00000000                l6470_pack_run_frames

.text.l6470_pack_move_frames
                0x00000000       0x41
 .text.l6470_pack_move_frames
                0x00000000       0x41 app/libapp.a(l6470.c.obj)
                0x00000000                l6470_pack_move_frames

.text.l6470_pack_get_status_opcodes
                0x00000000       0x17
 .text.l6470_pack_get_status_opcodes
                0x00000000       0x17 app/libapp.a(l6470.c.obj)
                0x00000000                l6470_pack_get_status_opcodes

.text.l6470_parse_status_frames
                0x00000000       0x1e
 .text.l6470_parse_status_frames
                0x00000000       0x1e app/libapp.a(l6470.c.obj)
                0x00000000                l6470_parse_status_frames

.text.l6470_power_status
                0x00000000        0x8
 .text.l6470_power_status
                0x00000000        0x8 app/libapp.a(l6470.c.obj)
                0x00000000                l6470_power_status

.text.l6470_run
                0x00000000      0x1f0
 .text.l6470_run
                0x00000000      0x1f0 app/libapp.a(l6470.c.obj)
                0x00000000                l6470_run

.text.l6470_move
                0x00000000      0x1da
 .text.l6470_move
                0x00000000      0x1da app/libapp.a(l6470.c.obj)
                0x00000000                l6470_move

.text.stepper_settings_init
                0x00000000       0x24
 .text.stepper_settings_init
                0x00000000       0x24 app/libapp.a(stepper_models.c.obj)

.text.stepper_settings_set
                0x00000000       0xbc
 .text.stepper_settings_set
                0x00000000       0xbc app/libapp.a(stepper_models.c.obj)

.text.stepper_persist_active
                0x00000000       0x55
 .text.stepper_persist_active
                0x00000000       0x55 app/libapp.a(stepper_models.c.obj)
                0x00000000                stepper_persist_active

.text.stepper_get_model
                0x00000000       0x17
 .text.stepper_get_model
                0x00000000       0x17 app/libapp.a(stepper_models.c.obj)
                0x00000000                stepper_get_model

.text.stepper_get_active
                0x00000000       0x1c
 .text.stepper_get_active
                0x00000000       0x1c app/libapp.a(stepper_models.c.obj)
                0x00000000                stepper_get_active

.text.stepper_set_active_by_name
                0x00000000       0x83
 .text.stepper_set_active_by_name
                0x00000000       0x83 app/libapp.a(stepper_models.c.obj)
                0x00000000                stepper_set_active_by_name

.text.stepper_get_model_count
                0x00000000        0x6
 .text.stepper_get_model_count
                0x00000000        0x6 app/libapp.a(stepper_models.c.obj)
                0x00000000                stepper_get_model_count

.text.cbvprintf_package
                0x00000000      0x55b
 .text.cbvprintf_package
                0x00000000      0x55b zephyr/libzephyr.a(cbprintf_packaged.c.obj)
                0x00000000                cbvprintf_package

.text.cbpprintf_external
                0x00000000       0x93
 .text.cbpprintf_external
                0x00000000       0x93 zephyr/libzephyr.a(cbprintf_packaged.c.obj)
                0x00000000                cbpprintf_external

.text.clock_offset_reset_rule_after
                0x00000000       0xf2
 .text.clock_offset_reset_rule_after
                0x00000000       0xf2 zephyr/libzephyr.a(clock.c.obj)

.text.arch_printk_char_out
                0x00000000        0x3
 .text.arch_printk_char_out
                0x00000000        0x3 zephyr/libzephyr.a(printk.c.obj)
                0x00000000                arch_printk_char_out

.text.__printk_hook_install
                0x00000000        0xd
 .text.__printk_hook_install
                0x00000000        0xd zephyr/libzephyr.a(printk.c.obj)
                0x00000000                __printk_hook_install

.text.vprintk   0x00000000        0x5
 .text.vprintk  0x00000000        0x5 zephyr/libzephyr.a(printk.c.obj)
                0x00000000                vprintk

.text.printk    0x00000000       0x17
 .text.printk   0x00000000       0x17 zephyr/libzephyr.a(printk.c.obj)
                0x00000000                printk

.text.z_thread_entry
                0x00000000       0x3a
 .text.z_thread_entry
                0x00000000       0x3a zephyr/libzephyr.a(thread_entry.c.obj)
                0x00000000                z_thread_entry

.text.outs      0x00000000       0x4f
 .text.outs     0x00000000       0x4f zephyr/libzephyr.a(cbprintf_complete.c.obj)

.text.extract_decimal
                0x00000000       0x37
 .text.extract_decimal
                0x00000000       0x37 zephyr/libzephyr.a(cbprintf_complete.c.obj)

.text.encode_uint
                0x00000000       0xd7
 .text.encode_uint
                0x00000000       0xd7 zephyr/libzephyr.a(cbprintf_complete.c.obj)

.text.z_cbvprintf_impl
                0x00000000      0x810
 .text.z_cbvprintf_impl
                0x00000000      0x810 zephyr/libzephyr.a(cbprintf_complete.c.obj)
                0x00000000                z_cbvprintf_impl

.text.assert_print
                0x00000000       0x17
 .text.assert_print
                0x00000000       0x17 zephyr/libzephyr.a(assert.c.obj)
                0x00000000                assert_print

.text.assert_post_action
                0x00000000       0x2c
 .text.assert_post_action
                0x00000000       0x2c zephyr/libzephyr.a(assert.c.obj)
                0x00000000                assert_post_action

.text._ConfigAbsSyms
                0x00000000        0x1
 .text._ConfigAbsSyms
                0x00000000        0x1 zephyr/libzephyr.a(configs.c.obj)
                0x00000000                _ConfigAbsSyms

.text.dummy_timestamp
                0x00000000        0x3
 .text.dummy_timestamp
                0x00000000        0x3 zephyr/libzephyr.a(log_core.c.obj)

.text.default_get_timestamp
                0x00000000        0x5
 .text.default_get_timestamp
                0x00000000        0x5 zephyr/libzephyr.a(log_core.c.obj)

.text.z_log_init.isra.0
                0x00000000      0x1c4
 .text.z_log_init.isra.0
                0x00000000      0x1c4 zephyr/libzephyr.a(log_core.c.obj)

.text.enable_logger
                0x00000000       0x13
 .text.enable_logger
                0x00000000       0x13 zephyr/libzephyr.a(log_core.c.obj)

.text.log_format_func_t_get
                0x00000000        0xf
 .text.log_format_func_t_get
                0x00000000        0xf zephyr/libzephyr.a(log_core.c.obj)
                0x00000000                log_format_func_t_get

.text.z_log_vprintk
                0x00000000       0x22
 .text.z_log_vprintk
                0x00000000       0x22 zephyr/libzephyr.a(log_core.c.obj)
                0x00000000                z_log_vprintk

.text.log_set_timestamp_func
                0x00000000       0x2a
 .text.log_set_timestamp_func
                0x00000000       0x2a zephyr/libzephyr.a(log_core.c.obj)
                0x00000000                log_set_timestamp_func

.text.log_core_init
                0x00000000       0xa4
 .text.log_core_init
                0x00000000       0xa4 zephyr/libzephyr.a(log_core.c.obj)
                0x00000000                log_core_init

.text.z_impl_log_panic
                0x00000000       0xa4
 .text.z_impl_log_panic
                0x00000000       0xa4 zephyr/libzephyr.a(log_core.c.obj)
                0x00000000                z_impl_log_panic

.text.z_log_notify_backend_enabled
                0x00000000        0x1
 .text.z_log_notify_backend_enabled
                0x00000000        0x1 zephyr/libzephyr.a(log_core.c.obj)
                0x00000000                z_log_notify_backend_enabled

.text.z_log_dropped
                0x00000000       0x1a
 .text.z_log_dropped
                0x00000000       0x1a zephyr/libzephyr.a(log_core.c.obj)
                0x00000000                z_log_dropped

.text.z_log_msg_commit
                0x00000000       0x90
 .text.z_log_msg_commit
                0x00000000       0x90 zephyr/libzephyr.a(log_core.c.obj)
                0x00000000                z_log_msg_commit

.text.z_log_get_tag
                0x00000000        0x3
 .text.z_log_get_tag
                0x00000000        0x3 zephyr/libzephyr.a(log_core.c.obj)
                0x00000000                z_log_get_tag

.text.log_source_name_get
                0x00000000       0x24
 .text.log_source_name_get
                0x00000000       0x24 zephyr/libzephyr.a(log_mgmt.c.obj)
                0x00000000                log_source_name_get

.text.log_backend_enable
                0x00000000       0x24
 .text.log_backend_enable
                0x00000000       0x24 zephyr/libzephyr.a(log_mgmt.c.obj)
                0x00000000                log_backend_enable

.text.z_log_msg_finalize
                0x00000000       0x5a
 .text.z_log_msg_finalize
                0x00000000       0x5a zephyr/libzephyr.a(log_msg.c.obj)
                0x00000000                z_log_msg_finalize

.text.z_log_msg_runtime_vcreate
                0x00000000      0x1ac
 .text.z_log_msg_runtime_vcreate
                0x00000000      0x1ac zephyr/libzephyr.a(log_msg.c.obj)
                0x00000000                z_log_msg_runtime_vcreate

.text.log_msg_get_source_id
                0x00000000       0x20
 .text.log_msg_get_source_id
                0x00000000       0x20 zephyr/libzephyr.a(log_msg.c.obj)
                0x00000000                log_msg_get_source_id

.text.log_output_write
                0x00000000       0x2c
 .text.log_output_write
                0x00000000       0x2c zephyr/libzephyr.a(log_output.c.obj)

.text.out_func  0x00000000       0x3f
 .text.out_func
                0x00000000       0x3f zephyr/libzephyr.a(log_output.c.obj)

.text.cr_out_func
                0x00000000       0x32
 .text.cr_out_func
                0x00000000       0x32 zephyr/libzephyr.a(log_output.c.obj)

.text.cbvprintf
                0x00000000       0x1e
 .text.cbvprintf
                0x00000000       0x1e zephyr/libzephyr.a(log_output.c.obj)

.text.print_formatted
                0x00000000       0x1f
 .text.print_formatted
                0x00000000       0x1f zephyr/libzephyr.a(log_output.c.obj)

.text.newline_print
                0x00000000       0x2c
 .text.newline_print
                0x00000000       0x2c zephyr/libzephyr.a(log_output.c.obj)

.text.log_output_process
                0x00000000      0x382
 .text.log_output_process
                0x00000000      0x382 zephyr/libzephyr.a(log_output.c.obj)
                0x00000000                log_output_process

.text.log_output_msg_process
                0x00000000       0x94
 .text.log_output_msg_process
                0x00000000       0x94 zephyr/libzephyr.a(log_output.c.obj)
                0x00000000                log_output_msg_process

.text.log_output_timestamp_freq_set
                0x00000000       0x34
 .text.log_output_timestamp_freq_set
                0x00000000       0x34 zephyr/libzephyr.a(log_output.c.obj)
                0x00000000                log_output_timestamp_freq_set

.text.format_set
                0x00000000        0xf
 .text.format_set
                0x00000000        0xf zephyr/libzephyr.a(log_backend_native_posix.c.obj)

.text.char_out  0x00000000       0x76
 .text.char_out
                0x00000000       0x76 zephyr/libzephyr.a(log_backend_native_posix.c.obj)

.text.process   0x00000000       0x25
 .text.process  0x00000000       0x25 zephyr/libzephyr.a(log_backend_native_posix.c.obj)

.text.panic     0x00000000       0x3f
 .text.panic    0x00000000       0x3f zephyr/libzephyr.a(log_backend_native_posix.c.obj)

.text.sys_trace_isr_enter
                0x00000000        0x1
 .text.sys_trace_isr_enter
                0x00000000        0x1 zephyr/libzephyr.a(tracing_none.c.obj)
                0x00000000                sys_trace_isr_enter

.text.sys_trace_isr_exit
                0x00000000        0x1
 .text.sys_trace_isr_exit
                0x00000000        0x1 zephyr/libzephyr.a(tracing_none.c.obj)
                0x00000000                sys_trace_isr_exit

.text.sys_trace_idle
                0x00000000        0x1
 .text.sys_trace_idle
                0x00000000        0x1 zephyr/libzephyr.a(tracing_none.c.obj)
                0x00000000                sys_trace_idle

.text.settings_save_one
                0x00000000       0x3e
 .text.settings_save_one
                0x00000000       0x3e zephyr/libzephyr.a(settings_store.c.obj)
                0x00000000                settings_save_one

.text.settings_load_subtree
                0x00000000       0x70
 .text.settings_load_subtree
                0x00000000       0x70 zephyr/libzephyr.a(settings_store.c.obj)
                0x00000000                settings_load_subtree

.text.settings_load
                0x00000000       0x12
 .text.settings_load
                0x00000000       0x12 zephyr/libzephyr.a(settings_store.c.obj)
                0x00000000                settings_load

.text.settings_store_init
                0x00000000        0xd
 .text.settings_store_init
                0x00000000        0xd zephyr/libzephyr.a(settings_store.c.obj)
                0x00000000                settings_store_init

.text.settings_init
                0x00000000       0x11
 .text.settings_init
                0x00000000       0x11 zephyr/libzephyr.a(settings.c.obj)
                0x00000000                settings_init

.text.settings_name_steq
                0x00000000       0x69
 .text.settings_name_steq
                0x00000000       0x69 zephyr/libzephyr.a(settings.c.obj)
                0x00000000                settings_name_steq

.text.settings_commit_subtree
                0x00000000      0x140
 .text.settings_commit_subtree
                0x00000000      0x140 zephyr/libzephyr.a(settings.c.obj)
                0x00000000                settings_commit_subtree

.text.settings_lock_take
                0x00000000       0x19
 .text.settings_lock_take
                0x00000000       0x19 zephyr/libzephyr.a(settings.c.obj)
                0x00000000                settings_lock_take

.text.settings_lock_release
                0x00000000       0x15
 .text.settings_lock_release
                0x00000000       0x15 zephyr/libzephyr.a(settings.c.obj)
                0x00000000                settings_lock_release

.text.settings_register_with_cprio
                0x00000000       0xe7
 .text.settings_register_with_cprio
                0x00000000       0xe7 zephyr/libzephyr.a(settings.c.obj)
                0x00000000                settings_register_with_cprio

.text.settings_register
                0x00000000       0x15
 .text.settings_register
                0x00000000       0x15 zephyr/libzephyr.a(settings.c.obj)
                0x00000000                settings_register

.text.settings_subsys_init
                0x00000000       0x38
 .text.settings_subsys_init
                0x00000000       0x38 zephyr/libzephyr.a(settings_init.c.obj)
                0x00000000                settings_subsys_init

.text.settings_backend_init
                0x00000000        0x3
 .text.settings_backend_init
                0x00000000        0x3 zephyr/libzephyr.a(settings_none.c.obj)
                0x00000000                settings_backend_init

.text.arch_cpu_idle
                0x00000000       0x16
 .text.arch_cpu_idle
                0x00000000       0x16 zephyr/arch/arch/posix/core/libarch__posix__core.a(cpuhalt.c.obj)
                0x00000000                arch_cpu_idle

.text.arch_system_halt
                0x00000000       0x27
 .text.arch_system_halt
                0x00000000       0x27 zephyr/arch/arch/posix/core/libarch__posix__core.a(fatal.c.obj)
                0x00000000                arch_system_halt

.text.arch_irq_enable
                0x00000000        0x5
 .text.arch_irq_enable
                0x00000000        0x5 zephyr/arch/arch/posix/core/libarch__posix__core.a(irq.c.obj)
                0x00000000                arch_irq_enable

.text.arch_swap
                0x00000000       0x50
 .text.arch_swap
                0x00000000       0x50 zephyr/arch/arch/posix/core/libarch__posix__core.a(swap.c.obj)
                0x00000000                arch_swap

.text.arch_switch_to_main_thread
                0x00000000       0x1c
 .text.arch_switch_to_main_thread
                0x00000000       0x1c zephyr/arch/arch/posix/core/libarch__posix__core.a(swap.c.obj)
                0x00000000                arch_switch_to_main_thread

.text.arch_new_thread
                0x00000000       0x41
 .text.arch_new_thread
                0x00000000       0x41 zephyr/arch/arch/posix/core/libarch__posix__core.a(thread.c.obj)
                0x00000000                arch_new_thread

.text.arch_thread_name_set
                0x00000000       0x66
 .text.arch_thread_name_set
                0x00000000       0x66 zephyr/arch/arch/posix/core/libarch__posix__core.a(thread.c.obj)
                0x00000000                arch_thread_name_set

.text.posix_arch_thread_entry
                0x00000000       0x1d
 .text.posix_arch_thread_entry
                0x00000000       0x1d zephyr/arch/arch/posix/core/libarch__posix__core.a(thread.c.obj)
                0x00000000                posix_arch_thread_entry

.text.arch_coprocessors_disable
                0x00000000        0x6
 .text.arch_coprocessors_disable
                0x00000000        0x6 zephyr/arch/arch/posix/core/libarch__posix__core.a(thread.c.obj)
                0x00000000                arch_coprocessors_disable

.text.z_impl_k_thread_abort
                0x00000000       0x84
 .text.z_impl_k_thread_abort
                0x00000000       0x84 zephyr/arch/arch/posix/core/libarch__posix__core.a(thread.c.obj)
                0x00000000                z_impl_k_thread_abort

.text.posix_arch_init
                0x00000000       0x1a
 .text.posix_arch_init
                0x00000000       0x1a zephyr/arch/arch/posix/core/libarch__posix__core.a(posix_core_nsi.c.obj)
                0x00000000                posix_arch_init

.text.posix_arch_clean_up
                0x00000000       0x16
 .text.posix_arch_clean_up
                0x00000000       0x16 zephyr/arch/arch/posix/core/libarch__posix__core.a(posix_core_nsi.c.obj)
                0x00000000                posix_arch_clean_up

.text.posix_swap
                0x00000000       0x17
 .text.posix_swap
                0x00000000       0x17 zephyr/arch/arch/posix/core/libarch__posix__core.a(posix_core_nsi.c.obj)
                0x00000000                posix_swap

.text.posix_main_thread_start
                0x00000000       0x19
 .text.posix_main_thread_start
                0x00000000       0x19 zephyr/arch/arch/posix/core/libarch__posix__core.a(posix_core_nsi.c.obj)
                0x00000000                posix_main_thread_start

.text.posix_new_thread
                0x00000000       0x19
 .text.posix_new_thread
                0x00000000       0x19 zephyr/arch/arch/posix/core/libarch__posix__core.a(posix_core_nsi.c.obj)
                0x00000000                posix_new_thread

.text.posix_abort_thread
                0x00000000       0x19
 .text.posix_abort_thread
                0x00000000       0x19 zephyr/arch/arch/posix/core/libarch__posix__core.a(posix_core_nsi.c.obj)
                0x00000000                posix_abort_thread

.text.posix_arch_thread_name_set
                0x00000000       0x1c
 .text.posix_arch_thread_name_set
                0x00000000       0x1c zephyr/arch/arch/posix/core/libarch__posix__core.a(posix_core_nsi.c.obj)
                0x00000000                posix_arch_thread_name_set

.text.posix_is_cpu_running
                0x00000000       0x16
 .text.posix_is_cpu_running
                0x00000000       0x16 zephyr/soc/soc/native/libsoc__native__inf_clock.a(soc.c.obj)
                0x00000000                posix_is_cpu_running

.text.posix_interrupt_raised
                0x00000000       0x16
 .text.posix_interrupt_raised
                0x00000000       0x16 zephyr/soc/soc/native/libsoc__native__inf_clock.a(soc.c.obj)
                0x00000000                posix_interrupt_raised

.text.posix_halt_cpu
                0x00000000       0x1a
 .text.posix_halt_cpu
                0x00000000       0x1a zephyr/soc/soc/native/libsoc__native__inf_clock.a(soc.c.obj)
                0x00000000                posix_halt_cpu

.text.posix_boot_cpu
                0x00000000       0x2c
 .text.posix_boot_cpu
                0x00000000       0x2c zephyr/soc/soc/native/libsoc__native__inf_clock.a(soc.c.obj)
                0x00000000                posix_boot_cpu

.text.posix_soc_clean_up
                0x00000000       0x28
 .text.posix_soc_clean_up
                0x00000000       0x28 zephyr/soc/soc/native/libsoc__native__inf_clock.a(soc.c.obj)
                0x00000000                posix_soc_clean_up

.text.run_native_tasks
                0x00000000       0x29
 .text.run_native_tasks
                0x00000000       0x29 zephyr/soc/soc/native/libsoc__native__inf_clock.a(native_tasks.c.obj)
                0x00000000                run_native_tasks

.text.native_add_command_line_opts
                0x00000000        0x5
 .text.native_add_command_line_opts
                0x00000000        0x5 zephyr/boards/native/native_sim/libboards__native__native_sim.a(cmdline.c.obj)
                0x00000000                native_add_command_line_opts

.text.posix_irq_handler
                0x00000000      0x124
 .text.posix_irq_handler
                0x00000000      0x124 zephyr/boards/native/native_sim/libboards__native__native_sim.a(irq_handler.c.obj)
                0x00000000                posix_irq_handler

.text.posix_irq_lock
                0x00000000       0x12
 .text.posix_irq_lock
                0x00000000       0x12 zephyr/boards/native/native_sim/libboards__native__native_sim.a(irq_handler.c.obj)
                0x00000000                posix_irq_lock

.text.posix_irq_unlock
                0x00000000        0x5
 .text.posix_irq_unlock
                0x00000000        0x5 zephyr/boards/native/native_sim/libboards__native__native_sim.a(irq_handler.c.obj)
                0x00000000                posix_irq_unlock

.text.posix_irq_full_unlock
                0x00000000       0x12
 .text.posix_irq_full_unlock
                0x00000000       0x12 zephyr/boards/native/native_sim/libboards__native__native_sim.a(irq_handler.c.obj)
                0x00000000                posix_irq_full_unlock

.text.posix_irq_enable
                0x00000000        0x5
 .text.posix_irq_enable
                0x00000000        0x5 zephyr/boards/native/native_sim/libboards__native__native_sim.a(irq_handler.c.obj)
                0x00000000                posix_irq_enable

.text.posix_isr_declare
                0x00000000       0x4c
 .text.posix_isr_declare
                0x00000000       0x4c zephyr/boards/native/native_sim/libboards__native__native_sim.a(irq_handler.c.obj)
                0x00000000                posix_isr_declare

.text.posix_irq_priority_set
                0x00000000       0x21
 .text.posix_irq_priority_set
                0x00000000       0x21 zephyr/boards/native/native_sim/libboards__native__native_sim.a(irq_handler.c.obj)
                0x00000000                posix_irq_priority_set

.text.posix_exit
                0x00000000        0xe
 .text.posix_exit
                0x00000000        0xe zephyr/boards/native/native_sim/libboards__native__native_sim.a(posix_arch_if.c.obj)
                0x00000000                posix_exit

.text.posix_print_error_and_exit
                0x00000000       0x12
 .text.posix_print_error_and_exit
                0x00000000       0x12 zephyr/boards/native/native_sim/libboards__native__native_sim.a(posix_arch_if.c.obj)
                0x00000000                posix_print_error_and_exit

.text.posix_print_warning
                0x00000000       0x17
 .text.posix_print_warning
                0x00000000       0x17 zephyr/boards/native/native_sim/libboards__native__native_sim.a(posix_arch_if.c.obj)
                0x00000000                posix_print_warning

.text.posix_print_trace
                0x00000000       0x17
 .text.posix_print_trace
                0x00000000       0x17 zephyr/boards/native/native_sim/libboards__native__native_sim.a(posix_arch_if.c.obj)
                0x00000000                posix_print_trace

.text.run_test_rules
                0x00000000       0x44
 .text.run_test_rules
                0x00000000       0x44 zephyr/subsys/testsuite/ztest/libsubsys__testsuite__ztest.a(ztest.c.obj)

.text.ztest_find_test_suite
                0x00000000       0x35
 .text.ztest_find_test_suite
                0x00000000       0x35 zephyr/subsys/testsuite/ztest/libsubsys__testsuite__ztest.a(ztest.c.obj)

.text.test_cb   0x00000000       0x58
 .text.test_cb  0x00000000       0x58 zephyr/subsys/testsuite/ztest/libsubsys__testsuite__ztest.a(ztest.c.obj)

.text.test_finalize
                0x00000000       0x46
 .text.test_finalize
                0x00000000       0x46 zephyr/subsys/testsuite/ztest/libsubsys__testsuite__ztest.a(ztest.c.obj)

.text.ztest_test_fail
                0x00000000       0x5e
 .text.ztest_test_fail
                0x00000000       0x5e zephyr/subsys/testsuite/ztest/libsubsys__testsuite__ztest.a(ztest.c.obj)
                0x00000000                ztest_test_fail

.text.z_ztest_get_next_test
                0x00000000       0x3d
 .text.z_ztest_get_next_test
                0x00000000       0x3d zephyr/subsys/testsuite/ztest/libsubsys__testsuite__ztest.a(ztest.c.obj)
                0x00000000                z_ztest_get_next_test

.text.z_ztest_run_test_suite_ptr.isra.0
                0x00000000      0x365
 .text.z_ztest_run_test_suite_ptr.isra.0
                0x00000000      0x365 zephyr/subsys/testsuite/ztest/libsubsys__testsuite__ztest.a(ztest.c.obj)

.text.z_impl_ztest_run_test_suites
                0x00000000       0x85
 .text.z_impl_ztest_run_test_suites
                0x00000000       0x85 zephyr/subsys/testsuite/ztest/libsubsys__testsuite__ztest.a(ztest.c.obj)
                0x00000000                z_impl_ztest_run_test_suites

.text.ztest_verify_all_test_suites_ran
                0x00000000       0xc5
 .text.ztest_verify_all_test_suites_ran
                0x00000000       0xc5 zephyr/subsys/testsuite/ztest/libsubsys__testsuite__ztest.a(ztest.c.obj)
                0x00000000                ztest_verify_all_test_suites_ran

.text.ztest_run_all
                0x00000000       0x11
 .text.ztest_run_all
                0x00000000       0x11 zephyr/subsys/testsuite/ztest/libsubsys__testsuite__ztest.a(ztest.c.obj)
                0x00000000                ztest_run_all

.text.test_main
                0x00000000       0x1c
 .text.test_main
                0x00000000       0x1c zephyr/subsys/testsuite/ztest/libsubsys__testsuite__ztest.a(ztest.c.obj)
                0x00000000                test_main

.text.main      0x00000000      0x241
 .text.main     0x00000000      0x241 zephyr/subsys/testsuite/ztest/libsubsys__testsuite__ztest.a(ztest.c.obj)
                0x00000000                main

.text.add_test_filter_option
                0x00000000       0x15
 .text.add_test_filter_option
                0x00000000       0x15 zephyr/subsys/testsuite/ztest/libsubsys__testsuite__ztest.a(ztest_posix.c.obj)

.text.z_ztest_testargs_contains
                0x00000000      0x141
 .text.z_ztest_testargs_contains
                0x00000000      0x141 zephyr/subsys/testsuite/ztest/libsubsys__testsuite__ztest.a(ztest_posix.c.obj)

.text.z_ztest_should_test_run
                0x00000000       0x2b
 .text.z_ztest_should_test_run
                0x00000000       0x2b zephyr/subsys/testsuite/ztest/libsubsys__testsuite__ztest.a(ztest_posix.c.obj)
                0x00000000                z_ztest_should_test_run

.text.z_ztest_should_suite_run
                0x00000000       0x3d
 .text.z_ztest_should_suite_run
                0x00000000       0x3d zephyr/subsys/testsuite/ztest/libsubsys__testsuite__ztest.a(ztest_posix.c.obj)
                0x00000000                z_ztest_should_suite_run

.text.ztest_relative_filename
                0x00000000       0x89
 .text.ztest_relative_filename
                0x00000000       0x89 zephyr/subsys/testsuite/ztest/libsubsys__testsuite__ztest.a(ztest_posix.c.obj)
                0x00000000                ztest_relative_filename

.text.z_ztest_list_tests
                0x00000000       0x62
 .text.z_ztest_list_tests
                0x00000000       0x62 zephyr/subsys/testsuite/ztest/libsubsys__testsuite__ztest.a(ztest_posix.c.obj)
                0x00000000                z_ztest_list_tests

.text.z_ztest_run_all
                0x00000000       0x36
 .text.z_ztest_run_all
                0x00000000       0x36 zephyr/subsys/testsuite/ztest/libsubsys__testsuite__ztest.a(ztest_posix.c.obj)
                0x00000000                z_ztest_run_all

.text.posix_arch_console_init
                0x00000000       0x17
 .text.posix_arch_console_init
                0x00000000       0x17 zephyr/drivers/console/libdrivers__console.a(posix_arch_console.c.obj)

.text.print_char
                0x00000000       0x61
 .text.print_char
                0x00000000       0x61 zephyr/drivers/console/libdrivers__console.a(posix_arch_console.c.obj)

.text.np_timer_isr
                0x00000000       0x85
 .text.np_timer_isr
                0x00000000       0x85 zephyr/drivers/timer/libdrivers__timer.a(native_sim_timer.c.obj)

.text.sys_clock_driver_init
                0x00000000       0x65
 .text.sys_clock_driver_init
                0x00000000       0x65 zephyr/drivers/timer/libdrivers__timer.a(native_sim_timer.c.obj)

.text.sys_clock_cycle_get_32
                0x00000000        0x6
 .text.sys_clock_cycle_get_32
                0x00000000        0x6 zephyr/drivers/timer/libdrivers__timer.a(native_sim_timer.c.obj)
                0x00000000                sys_clock_cycle_get_32

.text.sys_clock_set_timeout
                0x00000000       0x2b
 .text.sys_clock_set_timeout
                0x00000000       0x2b zephyr/drivers/timer/libdrivers__timer.a(native_sim_timer.c.obj)
                0x00000000                sys_clock_set_timeout

.text.sys_clock_elapsed
                0x00000000       0x35
 .text.sys_clock_elapsed
                0x00000000       0x35 zephyr/drivers/timer/libdrivers__timer.a(native_sim_timer.c.obj)
                0x00000000                sys_clock_elapsed

.text.z_device_state_init
                0x00000000       0x61
 .text.z_device_state_init
                0x00000000       0x61 zephyr/kernel/libkernel.a(device.c.obj)
                0x00000000                z_device_state_init

.text.k_sys_fatal_error_handler
                0x00000000       0x30
 .text.k_sys_fatal_error_handler
                0x00000000       0x30 zephyr/kernel/libkernel.a(fatal.c.obj)
                0x00000000                k_sys_fatal_error_handler

.text.z_fatal_error
                0x00000000       0xb7
 .text.z_fatal_error
                0x00000000       0xb7 zephyr/kernel/libkernel.a(fatal.c.obj)
                0x00000000                z_fatal_error

.text.do_device_init
                0x00000000       0x41
 .text.do_device_init
                0x00000000       0x41 zephyr/kernel/libkernel.a(init.c.obj)

.text.z_sys_init_run_level
                0x00000000       0x36
 .text.z_sys_init_run_level
                0x00000000       0x36 zephyr/kernel/libkernel.a(init.c.obj)

.text.bg_thread_main
                0x00000000      0x16e
 .text.bg_thread_main
                0x00000000      0x16e zephyr/kernel/libkernel.a(init.c.obj)

.text.z_init_cpu
                0x00000000       0x68
 .text.z_init_cpu
                0x00000000       0x68 zephyr/kernel/libkernel.a(init.c.obj)
                0x00000000                z_init_cpu

.text.z_cstart  0x00000000       0xc0
 .text.z_cstart
                0x00000000       0xc0 zephyr/kernel/libkernel.a(init.c.obj)
                0x00000000                z_cstart

.text.idle      0x00000000       0x58
 .text.idle     0x00000000       0x58 zephyr/kernel/libkernel.a(idle.c.obj)
                0x00000000                idle

.text.adjust_owner_prio.isra.0
                0x00000000       0x1d
 .text.adjust_owner_prio.isra.0
                0x00000000       0x1d zephyr/kernel/libkernel.a(mutex.c.obj)

.text.z_impl_k_mutex_lock
                0x00000000      0x297
 .text.z_impl_k_mutex_lock
                0x00000000      0x297 zephyr/kernel/libkernel.a(mutex.c.obj)
                0x00000000                z_impl_k_mutex_lock

.text.z_impl_k_mutex_unlock
                0x00000000      0x2cc
 .text.z_impl_k_mutex_unlock
                0x00000000      0x2cc zephyr/kernel/libkernel.a(mutex.c.obj)
                0x00000000                z_impl_k_mutex_unlock

.text.k_is_in_isr
                0x00000000        0xb
 .text.k_is_in_isr
                0x00000000        0xb zephyr/kernel/libkernel.a(thread.c.obj)
                0x00000000                k_is_in_isr

.text.z_impl_k_thread_name_set
                0x00000000       0x3b
 .text.z_impl_k_thread_name_set
                0x00000000       0x3b zephyr/kernel/libkernel.a(thread.c.obj)
                0x00000000                z_impl_k_thread_name_set

.text.k_thread_name_get
                0x00000000        0xb
 .text.k_thread_name_get
                0x00000000        0xb zephyr/kernel/libkernel.a(thread.c.obj)
                0x00000000                k_thread_name_get

.text.z_setup_new_thread
                0x00000000      0x114
 .text.z_setup_new_thread
                0x00000000      0x114 zephyr/kernel/libkernel.a(thread.c.obj)
                0x00000000                z_setup_new_thread

.text.z_impl_k_thread_create
                0x00000000       0xd0
 .text.z_impl_k_thread_create
                0x00000000       0xd0 zephyr/kernel/libkernel.a(thread.c.obj)
                0x00000000                z_impl_k_thread_create

.text.z_dummy_thread_init
                0x00000000       0x18
 .text.z_dummy_thread_init
                0x00000000       0x18 zephyr/kernel/libkernel.a(thread.c.obj)
                0x00000000                z_dummy_thread_init

.text.sys_dlist_remove
                0x00000000       0x12
 .text.sys_dlist_remove
                0x00000000       0x12 zephyr/kernel/libkernel.a(sched.c.obj)

.text.ready_thread
                0x00000000      0x153
 .text.ready_thread
                0x00000000      0x153 zephyr/kernel/libkernel.a(sched.c.obj)

.text.unready_thread
                0x00000000       0xee
 .text.unready_thread
                0x00000000       0xee zephyr/kernel/libkernel.a(sched.c.obj)

.text.unpend_thread_no_timeout
                0x00000000       0x60
 .text.unpend_thread_no_timeout
                0x00000000       0x60 zephyr/kernel/libkernel.a(sched.c.obj)

.text.z_swap_irqlock
                0x00000000       0x74
 .text.z_swap_irqlock
                0x00000000       0x74 zephyr/kernel/libkernel.a(sched.c.obj)

.text.add_to_waitq_locked
                0x00000000       0x5c
 .text.add_to_waitq_locked
                0x00000000       0x5c zephyr/kernel/libkernel.a(sched.c.obj)

.text.move_thread_to_end_of_prio_q
                0x00000000      0x17b
 .text.move_thread_to_end_of_prio_q
                0x00000000      0x17b zephyr/kernel/libkernel.a(sched.c.obj)
                0x00000000                move_thread_to_end_of_prio_q

.text.z_ready_thread
                0x00000000       0xf6
 .text.z_ready_thread
                0x00000000       0xf6 zephyr/kernel/libkernel.a(sched.c.obj)
                0x00000000                z_ready_thread

.text.z_sched_wake_thread
                0x00000000      0x110
 .text.z_sched_wake_thread
                0x00000000      0x110 zephyr/kernel/libkernel.a(sched.c.obj)
                0x00000000                z_sched_wake_thread

.text.z_thread_timeout
                0x00000000       0x19
 .text.z_thread_timeout
                0x00000000       0x19 zephyr/kernel/libkernel.a(sched.c.obj)
                0x00000000                z_thread_timeout

.text.z_pend_curr
                0x00000000      0x1a6
 .text.z_pend_curr
                0x00000000      0x1a6 zephyr/kernel/libkernel.a(sched.c.obj)
                0x00000000                z_pend_curr

.text.z_thread_prio_set
                0x00000000      0x28d
 .text.z_thread_prio_set
                0x00000000      0x28d zephyr/kernel/libkernel.a(sched.c.obj)
                0x00000000                z_thread_prio_set

.text.z_reschedule
                0x00000000       0xef
 .text.z_reschedule
                0x00000000       0xef zephyr/kernel/libkernel.a(sched.c.obj)
                0x00000000                z_reschedule

.text.z_reschedule_irqlock
                0x00000000       0x2f
 .text.z_reschedule_irqlock
                0x00000000       0x2f zephyr/kernel/libkernel.a(sched.c.obj)
                0x00000000                z_reschedule_irqlock

.text.k_sched_lock
                0x00000000      0x194
 .text.k_sched_lock
                0x00000000      0x194 zephyr/kernel/libkernel.a(sched.c.obj)
                0x00000000                k_sched_lock

.text.k_sched_unlock
                0x00000000      0x1e2
 .text.k_sched_unlock
                0x00000000      0x1e2 zephyr/kernel/libkernel.a(sched.c.obj)
                0x00000000                k_sched_unlock

.text.z_sched_init
                0x00000000       0x15
 .text.z_sched_init
                0x00000000       0x15 zephyr/kernel/libkernel.a(sched.c.obj)
                0x00000000                z_sched_init

.text.z_impl_k_yield
                0x00000000      0x1d6
 .text.z_impl_k_yield
                0x00000000      0x1d6 zephyr/kernel/libkernel.a(sched.c.obj)
                0x00000000                z_impl_k_yield

.text.z_tick_sleep
                0x00000000      0x1a8
 .text.z_tick_sleep
                0x00000000      0x1a8 zephyr/kernel/libkernel.a(sched.c.obj)

.text.z_impl_k_sleep
                0x00000000       0xa3
 .text.z_impl_k_sleep
                0x00000000       0xa3 zephyr/kernel/libkernel.a(sched.c.obj)
                0x00000000                z_impl_k_sleep

.text.z_impl_k_wakeup
                0x00000000      0x129
 .text.z_impl_k_wakeup
                0x00000000      0x129 zephyr/kernel/libkernel.a(sched.c.obj)
                0x00000000                z_impl_k_wakeup

.text.z_impl_k_sched_current_thread_query
                0x00000000        0x6
 .text.z_impl_k_sched_current_thread_query
                0x00000000        0x6 zephyr/kernel/libkernel.a(sched.c.obj)
                0x00000000                z_impl_k_sched_current_thread_query

.text.z_thread_abort
                0x00000000      0x39a
 .text.z_thread_abort
                0x00000000      0x39a zephyr/kernel/libkernel.a(sched.c.obj)
                0x00000000                z_thread_abort

.text.z_impl_k_thread_join
                0x00000000      0x229
 .text.z_impl_k_thread_join
                0x00000000      0x229 zephyr/kernel/libkernel.a(sched.c.obj)
                0x00000000                z_impl_k_thread_join

.text.slice_timeout
                0x00000000       0x80
 .text.slice_timeout
                0x00000000       0x80 zephyr/kernel/libkernel.a(timeslicing.c.obj)

.text.thread_is_sliceable
                0x00000000       0x3f
 .text.thread_is_sliceable
                0x00000000       0x3f zephyr/kernel/libkernel.a(timeslicing.c.obj)
                0x00000000                thread_is_sliceable

.text.z_reset_time_slice
                0x00000000       0x53
 .text.z_reset_time_slice
                0x00000000       0x53 zephyr/kernel/libkernel.a(timeslicing.c.obj)
                0x00000000                z_reset_time_slice

.text.z_time_slice
                0x00000000      0x138
 .text.z_time_slice
                0x00000000      0x138 zephyr/kernel/libkernel.a(timeslicing.c.obj)
                0x00000000                z_time_slice

.text.z_spin_lock_valid
                0x00000000       0x21
 .text.z_spin_lock_valid
                0x00000000       0x21 zephyr/kernel/libkernel.a(spinlock_validate.c.obj)
                0x00000000                z_spin_lock_valid

.text.z_spin_unlock_valid
                0x00000000       0x37
 .text.z_spin_unlock_valid
                0x00000000       0x37 zephyr/kernel/libkernel.a(spinlock_validate.c.obj)
                0x00000000                z_spin_unlock_valid

.text.z_spin_lock_set_owner
                0x00000000       0x17
 .text.z_spin_lock_set_owner
                0x00000000       0x17 zephyr/kernel/libkernel.a(spinlock_validate.c.obj)
                0x00000000                z_spin_lock_set_owner

.text.first     0x00000000        0xf
 .text.first    0x00000000        0xf zephyr/kernel/libkernel.a(timeout.c.obj)

.text.next_timeout
                0x00000000       0x53
 .text.next_timeout
                0x00000000       0x53 zephyr/kernel/libkernel.a(timeout.c.obj)

.text.elapsed   0x00000000       0x11
 .text.elapsed  0x00000000       0x11 zephyr/kernel/libkernel.a(timeout.c.obj)

.text.remove_timeout
                0x00000000       0x37
 .text.remove_timeout
                0x00000000       0x37 zephyr/kernel/libkernel.a(timeout.c.obj)

.text.z_add_timeout
                0x00000000      0x29b
 .text.z_add_timeout
                0x00000000      0x29b zephyr/kernel/libkernel.a(timeout.c.obj)
                0x00000000                z_add_timeout

.text.z_abort_timeout
                0x00000000      0x13f
 .text.z_abort_timeout
                0x00000000      0x13f zephyr/kernel/libkernel.a(timeout.c.obj)
                0x00000000                z_abort_timeout

.text.sys_clock_announce
                0x00000000      0x212
 .text.sys_clock_announce
                0x00000000      0x212 zephyr/kernel/libkernel.a(timeout.c.obj)
                0x00000000                sys_clock_announce

.text.sys_clock_tick_get
                0x00000000      0x112
 .text.sys_clock_tick_get
                0x00000000      0x112 zephyr/kernel/libkernel.a(timeout.c.obj)
                0x00000000                sys_clock_tick_get

.text.sys_clock_tick_get_32
                0x00000000        0xd
 .text.sys_clock_tick_get_32
                0x00000000        0xd zephyr/kernel/libkernel.a(timeout.c.obj)
                0x00000000                sys_clock_tick_get_32

.text.boot_banner
                0x00000000       0x15
 .text.boot_banner
                0x00000000       0x15 zephyr/kernel/libkernel.a(banner.c.obj)
                0x00000000                boot_banner

.native_sim_if  0x00000015       0x8f
 *(SORT_BY_ALIGNMENT(.native_sim_if))
 .native_sim_if
                0x00000015       0x5c zephyr/boards/native/native_sim/libboards__native__native_sim.a(nsi_if.c.obj)
                0x00000015                nsif_cpu0_pre_cmdline_hooks
                0x00000027                nsif_cpu0_pre_hw_init_hooks
                0x00000039                nsif_cpu0_boot
                0x0000005d                nsif_cpu0_cleanup
                0x0000006c                nsif_cpu0_irq_raised
 .native_sim_if
                0x00000071       0x33 zephyr/boards/native/native_sim/libboards__native__native_sim.a(irq_handler.c.obj)
                0x00000071                nsif_cpu0_irq_raised_from_sw
 *(SORT_BY_ALIGNMENT(.native_sim_if.*))

.fini
 *(SORT_NONE(.fini))

.rodata
 *(SORT_BY_ALIGNMENT(.rodata))

.rodata.z_zassert.constprop.0.str1.1
                0x00000000      0x1e2
 .rodata.z_zassert.constprop.0.str1.1
                0x00000000       0x4e app/libapp.a(test_l6470_codec.c.obj)
 .rodata.z_zassert.constprop.0.str1.1
                0x0000004e       0x4f app/libapp.a(test_l6470_limits.c.obj)
 .rodata.z_zassert.constprop.0.str1.1
                0x0000009d       0x51 app/libapp.a(test_stepper_models.c.obj)
 .rodata.z_zassert.constprop.0.str1.1
                0x000000ee       0x56 app/libapp.a(test_l6470_strict_frames.c.obj)
 .rodata.z_zassert.constprop.0.str1.1
                0x00000144       0x4d app/libapp.a(strict_spi_mock.c.obj)
 .rodata.z_zassert.constprop.0.str1.1
                0x00000191       0x51 app/libapp.a(test_power_control.c.obj)

.rodata._l6470_codec_test_build_get_status_tx_and_parse_wrapper.str1.1
                0x00000000       0x98
 .rodata._l6470_codec_test_build_get_status_tx_and_parse_wrapper.str1.1
                0x00000000       0x98 app/libapp.a(test_l6470_codec.c.obj)

.rodata._l6470_codec_test_pack_move_frame_dev1_wrapper.str1.1
                0x00000000       0x3e
 .rodata._l6470_codec_test_pack_move_frame_dev1_wrapper.str1.1
                0x00000000       0x3e app/libapp.a(test_l6470_codec.c.obj)

.rodata._l6470_codec_test_pack_run_frame_dev0_wrapper.str1.1
                0x00000000       0x26
 .rodata._l6470_codec_test_pack_run_frame_dev0_wrapper.str1.1
                0x00000000       0x26 app/libapp.a(test_l6470_codec.c.obj)

.rodata.__func__.0
                0x00000000      0x12b
 .rodata.__func__.0
                0x00000000       0x2f app/libapp.a(test_l6470_codec.c.obj)
 *fill*         0x0000002f       0x11 
 .rodata.__func__.0
                0x00000040       0x2e app/libapp.a(test_l6470_limits.c.obj)
 *fill*         0x0000006e       0x12 
 .rodata.__func__.0
                0x00000080       0x23 app/libapp.a(test_stepper_models.c.obj)
 *fill*         0x000000a3       0x1d 
 .rodata.__func__.0
                0x000000c0       0x23 app/libapp.a(test_l6470_strict_frames.c.obj)
 *fill*         0x000000e3        0x1 
 .rodata.__func__.0
                0x000000e4       0x10 app/libapp.a(strict_spi_mock.c.obj)
 *fill*         0x000000f4        0xc 
 .rodata.__func__.0
                0x00000100       0x2b app/libapp.a(test_power_control.c.obj)

.rodata.__func__.1
                0x00000000      0x101
 .rodata.__func__.1
                0x00000000       0x26 app/libapp.a(test_l6470_codec.c.obj)
 *fill*         0x00000026       0x1a 
 .rodata.__func__.1
                0x00000040       0x29 app/libapp.a(test_l6470_limits.c.obj)
 *fill*         0x00000069       0x17 
 .rodata.__func__.1
                0x00000080       0x27 app/libapp.a(test_stepper_models.c.obj)
 *fill*         0x000000a7       0x19 
 .rodata.__func__.1
                0x000000c0       0x22 app/libapp.a(test_l6470_strict_frames.c.obj)
 *fill*         0x000000e2        0x2 
 .rodata.__func__.1
                0x000000e4       0x1d zephyr/boards/native/native_sim/libboards__native__native_sim.a(irq_handler.c.obj)

.rodata.__func__.2
                0x00000000       0x25
 .rodata.__func__.2
                0x00000000       0x25 app/libapp.a(test_l6470_codec.c.obj)

.rodata.str1.1  0x00000000      0x349
 .rodata.str1.1
                0x00000000       0x62 app/libapp.a(test_l6470_codec.c.obj)
 .rodata.str1.1
                0x00000062       0x4a app/libapp.a(test_l6470_limits.c.obj)
 .rodata.str1.1
                0x000000ac       0x3b app/libapp.a(test_stepper_models.c.obj)
 .rodata.str1.1
                0x000000e7       0x38 app/libapp.a(test_l6470_strict_frames.c.obj)
 .rodata.str1.1
                0x0000011f       0x2b app/libapp.a(test_power_control.c.obj)
 .rodata.str1.1
                0x0000014a        0x6 app/libapp.a(l6470.c.obj)
 .rodata.str1.1
                0x00000150        0x8 app/libapp.a(stepper_models.c.obj)
 .rodata.str1.1
                0x00000158       0x11 zephyr/libzephyr.a(cbprintf_packaged.c.obj)
 .rodata.str1.1
                0x00000169        0x4 zephyr/libzephyr.a(log_core.c.obj)
 .rodata.str1.1
                0x0000016d        0x9 zephyr/libzephyr.a(log_mgmt.c.obj)
 .rodata.str1.1
                0x00000176       0x20 zephyr/libzephyr.a(log_output.c.obj)
 .rodata.str1.1
                0x00000196       0x19 zephyr/libzephyr.a(log_backend_native_posix.c.obj)
 .rodata.str1.1
                0x000001af        0x9 zephyr/libzephyr.a(settings.c.obj)
 .rodata.str1.1
                0x000001b8       0x35 zephyr/boards/native/native_sim/libboards__native__native_sim.a(irq_handler.c.obj)
 .rodata.str1.1
                0x000001ed       0x3a zephyr/subsys/testsuite/ztest/libsubsys__testsuite__ztest.a(ztest.c.obj)
 .rodata.str1.1
                0x00000227       0xd5 zephyr/subsys/testsuite/ztest/libsubsys__testsuite__ztest.a(ztest_posix.c.obj)
 .rodata.str1.1
                0x000002fc       0x4a zephyr/kernel/libkernel.a(fatal.c.obj)
 .rodata.str1.1
                0x00000346        0x3 zephyr/kernel/libkernel.a(init.c.obj)

.rodata._l6470_limits_test_move_rejects_too_many_steps_wrapper.str1.1
                0x00000000       0x68
 .rodata._l6470_limits_test_move_rejects_too_many_steps_wrapper.str1.1
                0x00000000       0x68 app/libapp.a(test_l6470_limits.c.obj)

.rodata._l6470_limits_test_run_rejects_high_speed_wrapper.str1.1
                0x00000000       0x37
 .rodata._l6470_limits_test_run_rejects_high_speed_wrapper.str1.1
                0x00000000       0x37 app/libapp.a(test_l6470_limits.c.obj)

.rodata._stepper_models_test_persist_active_wrapper.str1.1
                0x00000000       0xa5
 .rodata._stepper_models_test_persist_active_wrapper.str1.1
                0x00000000       0xa5 app/libapp.a(test_stepper_models.c.obj)

.rodata._stepper_models_test_switch_and_enforce_wrapper.str1.1
                0x00000000       0xf8
 .rodata._stepper_models_test_switch_and_enforce_wrapper.str1.1
                0x00000000       0xf8 app/libapp.a(test_stepper_models.c.obj)

.rodata._l6470_strict_test_move_frame_bytes_wrapper.str1.1
                0x00000000       0x3f
 .rodata._l6470_strict_test_move_frame_bytes_wrapper.str1.1
                0x00000000       0x3f app/libapp.a(test_l6470_strict_frames.c.obj)

.rodata._l6470_strict_test_run_frame_bytes_wrapper.str1.1
                0x00000000       0x3d
 .rodata._l6470_strict_test_run_frame_bytes_wrapper.str1.1
                0x00000000       0x3d app/libapp.a(test_l6470_strict_frames.c.obj)

.rodata.strict_spi_xfer.str1.1
                0x00000000       0xa5
 .rodata.strict_spi_xfer.str1.1
                0x00000000       0xa5 app/libapp.a(strict_spi_mock.c.obj)

.rodata._power_control_tests_test_power_state_hooks_wrapper.str1.1
                0x00000000       0x48
 .rodata._power_control_tests_test_power_state_hooks_wrapper.str1.1
                0x00000000       0x48 app/libapp.a(test_power_control.c.obj)

.rodata.l6470_get_status_all.str1.1
                0x00000000       0x26
 .rodata.l6470_get_status_all.str1.1
                0x00000000       0x26 app/libapp.a(l6470.c.obj)

.rodata.l6470_run.str1.1
                0x00000000       0xe3
 .rodata.l6470_run.str1.1
                0x00000000       0xe3 app/libapp.a(l6470.c.obj)

.rodata.l6470_move.str1.1
                0x00000000       0xbf
 .rodata.l6470_move.str1.1
                0x00000000       0xbf app/libapp.a(l6470.c.obj)

.rodata.stepper_settings_set.str1.1
                0x00000000       0x91
 .rodata.stepper_settings_set.str1.1
                0x00000000       0x91 app/libapp.a(stepper_models.c.obj)

.rodata.stepper_persist_active.str1.1
                0x00000000       0x59
 .rodata.stepper_persist_active.str1.1
                0x00000000       0x59 app/libapp.a(stepper_models.c.obj)

.rodata.stepper_set_active_by_name.str1.1
                0x00000000       0x42
 .rodata.stepper_set_active_by_name.str1.1
                0x00000000       0x42 app/libapp.a(stepper_models.c.obj)

.rodata.stepper_models
                0x00000000       0x38
 .rodata.stepper_models
                0x00000000       0x38 app/libapp.a(stepper_models.c.obj)

.rodata.cbvprintf_package.str1.1
                0x00000000       0xd9
 .rodata.cbvprintf_package.str1.1
                0x00000000       0xd9 zephyr/libzephyr.a(cbprintf_packaged.c.obj)

.rodata.cbvprintf_package
                0x00000000       0xbc
 .rodata.cbvprintf_package
                0x00000000       0xbc zephyr/libzephyr.a(cbprintf_packaged.c.obj)

.rodata.clock_offset_reset_rule_after.str1.1
                0x00000000       0xc6
 .rodata.clock_offset_reset_rule_after.str1.1
                0x00000000       0xc6 zephyr/libzephyr.a(clock.c.obj)

.rodata.z_thread_entry.str1.1
                0x00000000       0x4e
 .rodata.z_thread_entry.str1.1
                0x00000000       0x4e zephyr/libzephyr.a(thread_entry.c.obj)

.rodata.z_cbvprintf_impl.str1.1
                0x00000000        0x6
 .rodata.z_cbvprintf_impl.str1.1
                0x00000000        0x6 zephyr/libzephyr.a(cbprintf_complete.c.obj)

.rodata.z_cbvprintf_impl
                0x00000000       0xc0
 .rodata.z_cbvprintf_impl
                0x00000000       0xc0 zephyr/libzephyr.a(cbprintf_complete.c.obj)

.rodata.assert_post_action.str1.1
                0x00000000       0x2c
 .rodata.assert_post_action.str1.1
                0x00000000       0x2c zephyr/libzephyr.a(assert.c.obj)

.rodata.z_log_init.isra.0.str1.1
                0x00000000       0xdf
 .rodata.z_log_init.isra.0.str1.1
                0x00000000       0xdf zephyr/libzephyr.a(log_core.c.obj)

.rodata.format_table
                0x00000000       0x10
 .rodata.format_table
                0x00000000       0x10 zephyr/libzephyr.a(log_core.c.obj)

.rodata.z_log_msg_runtime_vcreate.str1.1
                0x00000000       0xb0
 .rodata.z_log_msg_runtime_vcreate.str1.1
                0x00000000       0xb0 zephyr/libzephyr.a(log_msg.c.obj)

.rodata.newline_print.str1.1
                0x00000000        0x5
 .rodata.newline_print.str1.1
                0x00000000        0x5 zephyr/libzephyr.a(log_output.c.obj)

.rodata.log_output_process.str1.1
                0x00000000       0xd6
 .rodata.log_output_process.str1.1
                0x00000000       0xd6 zephyr/libzephyr.a(log_output.c.obj)

.rodata.colors  0x00000000       0x14
 .rodata.colors
                0x00000000       0x14 zephyr/libzephyr.a(log_output.c.obj)

.rodata.severity
                0x00000000       0x14
 .rodata.severity
                0x00000000       0x14 zephyr/libzephyr.a(log_output.c.obj)

.rodata.char_out.str1.1
                0x00000000        0x4
 .rodata.char_out.str1.1
                0x00000000        0x4 zephyr/libzephyr.a(log_backend_native_posix.c.obj)

.rodata.log_backend_native_posix_api
                0x00000000       0x1c
 .rodata.log_backend_native_posix_api
                0x00000000       0x1c zephyr/libzephyr.a(log_backend_native_posix.c.obj)
                0x00000000                log_backend_native_posix_api

.rodata.log_output_posix
                0x00000000       0x10
 .rodata.log_output_posix
                0x00000000       0x10 zephyr/libzephyr.a(log_backend_native_posix.c.obj)

.rodata.settings_parse_and_lookup.str1.1
                0x00000000       0xbb
 .rodata.settings_parse_and_lookup.str1.1
                0x00000000       0xbb zephyr/libzephyr.a(settings.c.obj)

.rodata.arch_system_halt.str1.1
                0x00000000       0x6c
 .rodata.arch_system_halt.str1.1
                0x00000000       0x6c zephyr/arch/arch/posix/core/libarch__posix__core.a(fatal.c.obj)

.rodata.arch_thread_name_set.str1.1
                0x00000000        0x3
 .rodata.arch_thread_name_set.str1.1
                0x00000000        0x3 zephyr/arch/arch/posix/core/libarch__posix__core.a(thread.c.obj)

.rodata.z_impl_k_thread_abort.str1.1
                0x00000000       0x77
 .rodata.z_impl_k_thread_abort.str1.1
                0x00000000       0x77 zephyr/arch/arch/posix/core/libarch__posix__core.a(thread.c.obj)

.rodata.native_pre_tasks.0
                0x00000000       0x18
 .rodata.native_pre_tasks.0
                0x00000000       0x18 zephyr/soc/soc/native/libsoc__native__inf_clock.a(native_tasks.c.obj)

.rodata.posix_irq_handler.str1.1
                0x00000000       0x2e
 .rodata.posix_irq_handler.str1.1
                0x00000000       0x2e zephyr/boards/native/native_sim/libboards__native__native_sim.a(irq_handler.c.obj)

.rodata.posix_isr_declare.str1.1
                0x00000000       0x32
 .rodata.posix_isr_declare.str1.1
                0x00000000       0x32 zephyr/boards/native/native_sim/libboards__native__native_sim.a(irq_handler.c.obj)

.rodata.test_finalize.str1.1
                0x00000000       0x5b
 .rodata.test_finalize.str1.1
                0x00000000       0x5b zephyr/subsys/testsuite/ztest/libsubsys__testsuite__ztest.a(ztest.c.obj)

.rodata.ztest_test_fail.str1.1
                0x00000000       0x3d
 .rodata.ztest_test_fail.str1.1
                0x00000000       0x3d zephyr/subsys/testsuite/ztest/libsubsys__testsuite__ztest.a(ztest.c.obj)

.rodata.z_ztest_run_test_suite_ptr.isra.0.str1.1
                0x00000000       0xb2
 .rodata.z_ztest_run_test_suite_ptr.isra.0.str1.1
                0x00000000       0xb2 zephyr/subsys/testsuite/ztest/libsubsys__testsuite__ztest.a(ztest.c.obj)

.rodata.ztest_verify_all_test_suites_ran.str1.1
                0x00000000       0x7c
 .rodata.ztest_verify_all_test_suites_ran.str1.1
                0x00000000       0x7c zephyr/subsys/testsuite/ztest/libsubsys__testsuite__ztest.a(ztest.c.obj)

.rodata.main.str1.1
                0x00000000      0x15a
 .rodata.main.str1.1
                0x00000000      0x15a zephyr/subsys/testsuite/ztest/libsubsys__testsuite__ztest.a(ztest.c.obj)

.rodata.CSWTCH.37
                0x00000000       0x18
 .rodata.CSWTCH.37
                0x00000000       0x18 zephyr/subsys/testsuite/ztest/libsubsys__testsuite__ztest.a(ztest.c.obj)

.rodata.CSWTCH.33
                0x00000000       0x10
 .rodata.CSWTCH.33
                0x00000000       0x10 zephyr/subsys/testsuite/ztest/libsubsys__testsuite__ztest.a(ztest.c.obj)

.rodata.z_ztest_testargs_contains.str1.1
                0x00000000       0x75
 .rodata.z_ztest_testargs_contains.str1.1
                0x00000000       0x75 zephyr/subsys/testsuite/ztest/libsubsys__testsuite__ztest.a(ztest_posix.c.obj)

.rodata.z_ztest_list_tests.str1.1
                0x00000000        0x8
 .rodata.z_ztest_list_tests.str1.1
                0x00000000        0x8 zephyr/subsys/testsuite/ztest/libsubsys__testsuite__ztest.a(ztest_posix.c.obj)

.rodata.ztest_api
                0x00000000        0xc
 .rodata.ztest_api
                0x00000000        0xc zephyr/subsys/testsuite/ztest/libsubsys__testsuite__ztest.a(ztest_posix.c.obj)
                0x00000000                ztest_api

.rodata.print_char.str1.1
                0x00000000        0x4
 .rodata.print_char.str1.1
                0x00000000        0x4 zephyr/drivers/console/libdrivers__console.a(posix_arch_console.c.obj)

.rodata.z_device_state_init.str1.1
                0x00000000       0x9c
 .rodata.z_device_state_init.str1.1
                0x00000000       0x9c zephyr/kernel/libkernel.a(device.c.obj)

.rodata.k_sys_fatal_error_handler.str1.1
                0x00000000        0xf
 .rodata.k_sys_fatal_error_handler.str1.1
                0x00000000        0xf zephyr/kernel/libkernel.a(fatal.c.obj)

.rodata.z_fatal_error.str1.1
                0x00000000       0x56
 .rodata.z_fatal_error.str1.1
                0x00000000       0x56 zephyr/kernel/libkernel.a(fatal.c.obj)

.rodata.CSWTCH.9
                0x00000000       0x14
 .rodata.CSWTCH.9
                0x00000000       0x14 zephyr/kernel/libkernel.a(fatal.c.obj)

.rodata.bg_thread_main.str1.1
                0x00000000       0xaf
 .rodata.bg_thread_main.str1.1
                0x00000000       0xaf zephyr/kernel/libkernel.a(init.c.obj)

.rodata.z_init_cpu.str1.1
                0x00000000        0x5
 .rodata.z_init_cpu.str1.1
                0x00000000        0x5 zephyr/kernel/libkernel.a(init.c.obj)

.rodata.z_cstart.str1.1
                0x00000000        0x5
 .rodata.z_cstart.str1.1
                0x00000000        0x5 zephyr/kernel/libkernel.a(init.c.obj)

.rodata.levels.0
                0x00000000       0x18
 .rodata.levels.0
                0x00000000       0x18 zephyr/kernel/libkernel.a(init.c.obj)

.rodata.idle.str1.1
                0x00000000       0x8b
 .rodata.idle.str1.1
                0x00000000       0x8b zephyr/kernel/libkernel.a(idle.c.obj)

.rodata.z_impl_k_mutex_lock.str1.1
                0x00000000      0x11f
 .rodata.z_impl_k_mutex_lock.str1.1
                0x00000000      0x11f zephyr/kernel/libkernel.a(mutex.c.obj)

.rodata.z_impl_k_mutex_unlock.str1.1
                0x00000000       0x74
 .rodata.z_impl_k_mutex_unlock.str1.1
                0x00000000       0x74 zephyr/kernel/libkernel.a(mutex.c.obj)

.rodata.z_setup_new_thread.str1.1
                0x00000000      0x116
 .rodata.z_setup_new_thread.str1.1
                0x00000000      0x116 zephyr/kernel/libkernel.a(thread.c.obj)

.rodata.z_impl_k_thread_create.str1.1
                0x00000000       0x37
 .rodata.z_impl_k_thread_create.str1.1
                0x00000000       0x37 zephyr/kernel/libkernel.a(thread.c.obj)

.rodata.ready_thread.str1.1
                0x00000000       0xdb
 .rodata.ready_thread.str1.1
                0x00000000       0xdb zephyr/kernel/libkernel.a(sched.c.obj)

.rodata.unpend_thread_no_timeout.str1.1
                0x00000000       0x42
 .rodata.unpend_thread_no_timeout.str1.1
                0x00000000       0x42 zephyr/kernel/libkernel.a(sched.c.obj)

.rodata.z_swap_irqlock.str1.1
                0x00000000       0xbb
 .rodata.z_swap_irqlock.str1.1
                0x00000000       0xbb zephyr/kernel/libkernel.a(sched.c.obj)

.rodata.z_ready_thread.str1.1
                0x00000000       0x84
 .rodata.z_ready_thread.str1.1
                0x00000000       0x84 zephyr/kernel/libkernel.a(sched.c.obj)

.rodata.z_impl_k_thread_suspend.str1.1
                0x00000000        0x9
 .rodata.z_impl_k_thread_suspend.str1.1
                0x00000000        0x9 zephyr/kernel/libkernel.a(sched.c.obj)

.rodata.z_pend_curr.str1.1
                0x00000000       0x39
 .rodata.z_pend_curr.str1.1
                0x00000000       0x39 zephyr/kernel/libkernel.a(sched.c.obj)

.rodata.k_sched_lock.str1.1
                0x00000000       0x43
 .rodata.k_sched_lock.str1.1
                0x00000000       0x43 zephyr/kernel/libkernel.a(sched.c.obj)

.rodata.k_sched_unlock.str1.1
                0x00000000       0x31
 .rodata.k_sched_unlock.str1.1
                0x00000000       0x31 zephyr/kernel/libkernel.a(sched.c.obj)

.rodata.z_thread_abort.str1.1
                0x00000000       0x56
 .rodata.z_thread_abort.str1.1
                0x00000000       0x56 zephyr/kernel/libkernel.a(sched.c.obj)

.rodata.z_impl_k_thread_join.str1.1
                0x00000000       0x15
 .rodata.z_impl_k_thread_join.str1.1
                0x00000000       0x15 zephyr/kernel/libkernel.a(sched.c.obj)

.rodata.slice_timeout.str1.1
                0x00000000      0x21d
 .rodata.slice_timeout.str1.1
                0x00000000      0x21d zephyr/kernel/libkernel.a(timeslicing.c.obj)

.rodata.k_sched_time_slice_set.str1.1
                0x00000000       0x84
 .rodata.k_sched_time_slice_set.str1.1
                0x00000000       0x84 zephyr/kernel/libkernel.a(timeslicing.c.obj)

.rodata.z_add_timeout.str1.1
                0x00000000      0x10d
 .rodata.z_add_timeout.str1.1
                0x00000000      0x10d zephyr/kernel/libkernel.a(timeout.c.obj)

.rodata.boot_banner.str1.1
                0x00000000       0x3b
 .rodata.boot_banner.str1.1
                0x00000000       0x3b zephyr/kernel/libkernel.a(banner.c.obj)

.rodata1
 *(SORT_BY_ALIGNMENT(.rodata1))

.eh_frame_hdr
 *(SORT_BY_ALIGNMENT(.eh_frame_hdr))

.eh_frame       0x00000000       0xac
 *(SORT_BY_ALIGNMENT(.eh_frame))
 .eh_frame      0x00000000        0x0 /usr/lib/gcc/x86_64-linux-gnu/13/32/libgcc.a(_popcountsi2.o)
                                 0x38 (size before relaxing)
 .eh_frame      0x00000000        0x0 /usr/lib/gcc/x86_64-linux-gnu/13/32/libgcc.a(_divdi3.o)
                                 0x48 (size before relaxing)
 .eh_frame      0x00000000       0x64 /usr/lib/gcc/x86_64-linux-gnu/13/32/libgcc.a(_udivdi3.o)
 .eh_frame      0x00000064       0x48 /usr/lib/gcc/x86_64-linux-gnu/13/32/libgcc.a(_udivmoddi4.o)

.sframe
 *(SORT_BY_ALIGNMENT(.sframe))

.gcc_except_table
 *(SORT_BY_ALIGNMENT(.gcc_except_table))

.gnu_extab
 *(SORT_BY_ALIGNMENT(.gnu_extab*))

.exception_ranges
 *(SORT_BY_ALIGNMENT(.exception_ranges))

.eh_frame
 *(SORT_BY_ALIGNMENT(.eh_frame))

.sframe
 *(SORT_BY_ALIGNMENT(.sframe))

.gnu_extab
 *(SORT_BY_ALIGNMENT(.gnu_extab))

.gcc_except_table
 *(SORT_BY_ALIGNMENT(.gcc_except_table))

.exception_ranges
 *(SORT_BY_ALIGNMENT(.exception_ranges))

.tdata
 *(SORT_BY_ALIGNMENT(.tdata))

.tbss
 *(SORT_BY_ALIGNMENT(.tbss))

.jcr
 *(SORT_BY_ALIGNMENT(.jcr))

.dynamic
 *(SORT_BY_ALIGNMENT(.dynamic))

.got
 *(SORT_BY_ALIGNMENT(.got))

.got.plt
 *(SORT_BY_ALIGNMENT(.got.plt))

.data
 *(SORT_BY_ALIGNMENT(.data))
LOAD zephyr/CMakeFiles/zephyr_pre0.dir/misc/empty_file.c.obj
LOAD zephyr/CMakeFiles/offsets.dir/./arch/posix/core/offsets/offsets.c.obj
LOAD app/libapp.a
LOAD zephyr/libzephyr.a
LOAD zephyr/arch/arch/posix/core/libarch__posix__core.a
LOAD zephyr/soc/soc/native/libsoc__native__inf_clock.a
LOAD zephyr/boards/native/native_sim/libboards__native__native_sim.a
LOAD zephyr/subsys/testsuite/ztest/libsubsys__testsuite__ztest.a
LOAD zephyr/drivers/console/libdrivers__console.a
LOAD zephyr/drivers/timer/libdrivers__timer.a
LOAD zephyr/kernel/libkernel.a
LOAD /usr/lib/gcc/x86_64-linux-gnu/13/32/libgcc.a

.data.expected_move_frame
                0x00000000        0x4
 .data.expected_move_frame
                0x00000000        0x4 app/libapp.a(test_l6470_strict_frames.c.obj)

.data.expected_run_frame
                0x00000000        0x4
 .data.expected_run_frame
                0x00000000        0x4 app/libapp.a(test_l6470_strict_frames.c.obj)

.data.stepper_settings
                0x00000000       0x1c
 .data.stepper_settings
                0x00000000       0x1c app/libapp.a(stepper_models.c.obj)

.data._char_out
                0x00000000        0x4
 .data._char_out
                0x00000000        0x4 zephyr/libzephyr.a(printk.c.obj)

.data.timestamp_func
                0x00000000        0x4
 .data.timestamp_func
                0x00000000        0x4 zephyr/libzephyr.a(log_core.c.obj)

.data.currently_running_irq
                0x00000000        0x4
 .data.currently_running_irq
                0x00000000        0x4 zephyr/boards/native/native_sim/libboards__native__native_sim.a(irq_handler.c.obj)

.data.cur_phase
                0x00000000        0x4
 .data.cur_phase
                0x00000000        0x4 zephyr/subsys/testsuite/ztest/libsubsys__testsuite__ztest.a(ztest.c.obj)
                0x00000000                cur_phase

.data.list_once.0
                0x00000000        0x1
 .data.list_once.0
                0x00000000        0x1 zephyr/subsys/testsuite/ztest/libsubsys__testsuite__ztest.a(ztest_posix.c.obj)

.data.test_filter_s.1
                0x00000000       0x54
 .data.test_filter_s.1
                0x00000000       0x54 zephyr/subsys/testsuite/ztest/libsubsys__testsuite__ztest.a(ztest_posix.c.obj)

.data.slice_ticks
                0x00000000        0x4
 .data.slice_ticks
                0x00000000        0x4 zephyr/kernel/libkernel.a(timeslicing.c.obj)

.data.timeout_list
                0x00000000        0x8
 .data.timeout_list
                0x00000000        0x8 zephyr/kernel/libkernel.a(timeout.c.obj)

.native_sim_if.data
 *(SORT_BY_ALIGNMENT(.native_sim_if.data))

rom_start

initlevel       0x00000008       0x20
                0x00000008                        __init_start = .
                0x00000008                        __init_EARLY_start = .
 *(SORT_BY_NAME(SORT_BY_ALIGNMENT(.z_init_EARLY_P_?_*)))
 *(SORT_BY_NAME(SORT_BY_ALIGNMENT(.z_init_EARLY_P_??_*)))
 *(SORT_BY_NAME(SORT_BY_ALIGNMENT(.z_init_EARLY_P_???_*)))
                0x00000008                        __init_PRE_KERNEL_1_start = .
 *(SORT_BY_NAME(SORT_BY_ALIGNMENT(.z_init_PRE_KERNEL_1_P_?_*)))
 *(SORT_BY_NAME(SORT_BY_ALIGNMENT(.z_init_PRE_KERNEL_1_P_??_*)))
 .z_init_PRE_KERNEL_1_P_99_SUB_0_
                0x00000008        0x8 zephyr/drivers/console/libdrivers__console.a(posix_arch_console.c.obj)
 *(SORT_BY_NAME(SORT_BY_ALIGNMENT(.z_init_PRE_KERNEL_1_P_???_*)))
                0x00000010                        __init_PRE_KERNEL_2_start = .
 *(SORT_BY_NAME(SORT_BY_ALIGNMENT(.z_init_PRE_KERNEL_2_P_?_*)))
 .z_init_PRE_KERNEL_2_P_0_SUB_0_
                0x00000010        0x8 zephyr/drivers/timer/libdrivers__timer.a(native_sim_timer.c.obj)
 *(SORT_BY_NAME(SORT_BY_ALIGNMENT(.z_init_PRE_KERNEL_2_P_??_*)))
 *(SORT_BY_NAME(SORT_BY_ALIGNMENT(.z_init_PRE_KERNEL_2_P_???_*)))
                0x00000018                        __init_POST_KERNEL_start = .
 *(SORT_BY_NAME(SORT_BY_ALIGNMENT(.z_init_POST_KERNEL_P_?_*)))
 .z_init_POST_KERNEL_P_0_SUB_0_
                0x00000018        0x8 zephyr/libzephyr.a(log_core.c.obj)
 *(SORT_BY_NAME(SORT_BY_ALIGNMENT(.z_init_POST_KERNEL_P_??_*)))
 *(SORT_BY_NAME(SORT_BY_ALIGNMENT(.z_init_POST_KERNEL_P_???_*)))
                0x00000020                        __init_APPLICATION_start = .
 *(SORT_BY_NAME(SORT_BY_ALIGNMENT(.z_init_APPLICATION_P_?_*)))
 *(SORT_BY_NAME(SORT_BY_ALIGNMENT(.z_init_APPLICATION_P_??_*)))
 .z_init_APPLICATION_P_40_SUB_0_
                0x00000020        0x8 app/libapp.a(stepper_models.c.obj)
 *(SORT_BY_NAME(SORT_BY_ALIGNMENT(.z_init_APPLICATION_P_???_*)))
                0x00000028                        __init_SMP_start = .
 *(SORT_BY_NAME(SORT_BY_ALIGNMENT(.z_init_SMP_P_?_*)))
 *(SORT_BY_NAME(SORT_BY_ALIGNMENT(.z_init_SMP_P_??_*)))
 *(SORT_BY_NAME(SORT_BY_ALIGNMENT(.z_init_SMP_P_???_*)))
                0x00000028                        __init_end = .

device_area     0x00000028        0x0
                0x00000028                        _device_list_start = .
 *(SORT_BY_NAME(SORT_BY_ALIGNMENT(._device.static.*_?_*)))
 *(SORT_BY_NAME(SORT_BY_ALIGNMENT(._device.static.*_??_*)))
 *(SORT_BY_NAME(SORT_BY_ALIGNMENT(._device.static.*_???_*)))
 *(SORT_BY_NAME(SORT_BY_ALIGNMENT(._device.static.*_????_*)))
 *(SORT_BY_NAME(SORT_BY_ALIGNMENT(._device.static.*_?????_*)))
                0x00000028                        _device_list_end = .

initlevel_error
 *(SORT_BY_NAME(SORT_BY_ALIGNMENT(.z_init_*)))
                0x00000001                        ASSERT ((SIZEOF (initlevel_error) == 0x0), Undefined initialization levels used.)

app_shmem_regions
                0x00000028        0x0
                0x00000028                        __app_shmem_regions_start = .
 *(SORT_BY_NAME(SORT_BY_ALIGNMENT(.app_regions.*)))
                0x00000028                        __app_shmem_regions_end = .

k_p4wq_initparam_area
                0x00000028        0x0
                0x00000028                        _k_p4wq_initparam_list_start = .
 *(SORT_BY_NAME(SORT_BY_ALIGNMENT(._k_p4wq_initparam.static.*)))
                0x00000028                        _k_p4wq_initparam_list_end = .

_static_thread_data_area
                0x00000028        0x0
                0x00000028                        __static_thread_data_list_start = .
 *(SORT_BY_NAME(SORT_BY_ALIGNMENT(.__static_thread_data.static.*)))
                0x00000028                        __static_thread_data_list_end = .

device_deps     0x00000028        0x0
                0x00000028                        __device_deps_start = .
 *(SORT_BY_NAME(SORT_BY_ALIGNMENT(.__device_deps_pass2*)))
                0x00000028                        __device_deps_end = .

shared_irq_driver_api_area
                0x00000028        0x0
                0x00000028                        _shared_irq_driver_api_list_start = .
 *(SORT_BY_NAME(SORT_BY_ALIGNMENT(._shared_irq_driver_api.static.*)))
                0x00000028                        _shared_irq_driver_api_list_end = .

crypto_driver_api_area
                0x00000028        0x0
                0x00000028                        _crypto_driver_api_list_start = .
 *(SORT_BY_NAME(SORT_BY_ALIGNMENT(._crypto_driver_api.static.*)))
                0x00000028                        _crypto_driver_api_list_end = .

adc_driver_api_area
                0x00000028        0x0
                0x00000028                        _adc_driver_api_list_start = .
 *(SORT_BY_NAME(SORT_BY_ALIGNMENT(._adc_driver_api.static.*)))
                0x00000028                        _adc_driver_api_list_end = .

auxdisplay_driver_api_area
                0x00000028        0x0
                0x00000028                        _auxdisplay_driver_api_list_start = .
 *(SORT_BY_NAME(SORT_BY_ALIGNMENT(._auxdisplay_driver_api.static.*)))
                0x00000028                        _auxdisplay_driver_api_list_end = .

bbram_driver_api_area
                0x00000028        0x0
                0x00000028                        _bbram_driver_api_list_start = .
 *(SORT_BY_NAME(SORT_BY_ALIGNMENT(._bbram_driver_api.static.*)))
                0x00000028                        _bbram_driver_api_list_end = .

bt_hci_driver_api_area
                0x00000028        0x0
                0x00000028                        _bt_hci_driver_api_list_start = .
 *(SORT_BY_NAME(SORT_BY_ALIGNMENT(._bt_hci_driver_api.static.*)))
                0x00000028                        _bt_hci_driver_api_list_end = .

can_driver_api_area
                0x00000028        0x0
                0x00000028                        _can_driver_api_list_start = .
 *(SORT_BY_NAME(SORT_BY_ALIGNMENT(._can_driver_api.static.*)))
                0x00000028                        _can_driver_api_list_end = .

cellular_driver_api_area
                0x00000028        0x0
                0x00000028                        _cellular_driver_api_list_start = .
 *(SORT_BY_NAME(SORT_BY_ALIGNMENT(._cellular_driver_api.static.*)))
                0x00000028                        _cellular_driver_api_list_end = .

charger_driver_api_area
                0x00000028        0x0
                0x00000028                        _charger_driver_api_list_start = .
 *(SORT_BY_NAME(SORT_BY_ALIGNMENT(._charger_driver_api.static.*)))
                0x00000028                        _charger_driver_api_list_end = .

clock_control_driver_api_area
                0x00000028        0x0
                0x00000028                        _clock_control_driver_api_list_start = .
 *(SORT_BY_NAME(SORT_BY_ALIGNMENT(._clock_control_driver_api.static.*)))
                0x00000028                        _clock_control_driver_api_list_end = .

comparator_driver_api_area
                0x00000028        0x0
                0x00000028                        _comparator_driver_api_list_start = .
 *(SORT_BY_NAME(SORT_BY_ALIGNMENT(._comparator_driver_api.static.*)))
                0x00000028                        _comparator_driver_api_list_end = .

coredump_driver_api_area
                0x00000028        0x0
                0x00000028                        _coredump_driver_api_list_start = .
 *(SORT_BY_NAME(SORT_BY_ALIGNMENT(._coredump_driver_api.static.*)))
                0x00000028                        _coredump_driver_api_list_end = .

counter_driver_api_area
                0x00000028        0x0
                0x00000028                        _counter_driver_api_list_start = .
 *(SORT_BY_NAME(SORT_BY_ALIGNMENT(._counter_driver_api.static.*)))
                0x00000028                        _counter_driver_api_list_end = .

dac_driver_api_area
                0x00000028        0x0
                0x00000028                        _dac_driver_api_list_start = .
 *(SORT_BY_NAME(SORT_BY_ALIGNMENT(._dac_driver_api.static.*)))
                0x00000028                        _dac_driver_api_list_end = .

dai_driver_api_area
                0x00000028        0x0
                0x00000028                        _dai_driver_api_list_start = .
 *(SORT_BY_NAME(SORT_BY_ALIGNMENT(._dai_driver_api.static.*)))
                0x00000028                        _dai_driver_api_list_end = .

display_driver_api_area
                0x00000028        0x0
                0x00000028                        _display_driver_api_list_start = .
 *(SORT_BY_NAME(SORT_BY_ALIGNMENT(._display_driver_api.static.*)))
                0x00000028                        _display_driver_api_list_end = .

dma_driver_api_area
                0x00000028        0x0
                0x00000028                        _dma_driver_api_list_start = .
 *(SORT_BY_NAME(SORT_BY_ALIGNMENT(._dma_driver_api.static.*)))
                0x00000028                        _dma_driver_api_list_end = .

edac_driver_api_area
                0x00000028        0x0
                0x00000028                        _edac_driver_api_list_start = .
 *(SORT_BY_NAME(SORT_BY_ALIGNMENT(._edac_driver_api.static.*)))
                0x00000028                        _edac_driver_api_list_end = .

eeprom_driver_api_area
                0x00000028        0x0
                0x00000028                        _eeprom_driver_api_list_start = .
 *(SORT_BY_NAME(SORT_BY_ALIGNMENT(._eeprom_driver_api.static.*)))
                0x00000028                        _eeprom_driver_api_list_end = .

emul_bbram_driver_api_area
                0x00000028        0x0
                0x00000028                        _emul_bbram_driver_api_list_start = .
 *(SORT_BY_NAME(SORT_BY_ALIGNMENT(._emul_bbram_driver_api.static.*)))
                0x00000028                        _emul_bbram_driver_api_list_end = .

fuel_gauge_emul_driver_api_area
                0x00000028        0x0
                0x00000028                        _fuel_gauge_emul_driver_api_list_start = .
 *(SORT_BY_NAME(SORT_BY_ALIGNMENT(._fuel_gauge_emul_driver_api.static.*)))
                0x00000028                        _fuel_gauge_emul_driver_api_list_end = .

emul_sensor_driver_api_area
                0x00000028        0x0
                0x00000028                        _emul_sensor_driver_api_list_start = .
 *(SORT_BY_NAME(SORT_BY_ALIGNMENT(._emul_sensor_driver_api.static.*)))
                0x00000028                        _emul_sensor_driver_api_list_end = .

entropy_driver_api_area
                0x00000028        0x0
                0x00000028                        _entropy_driver_api_list_start = .
 *(SORT_BY_NAME(SORT_BY_ALIGNMENT(._entropy_driver_api.static.*)))
                0x00000028                        _entropy_driver_api_list_end = .

espi_driver_api_area
                0x00000028        0x0
                0x00000028                        _espi_driver_api_list_start = .
 *(SORT_BY_NAME(SORT_BY_ALIGNMENT(._espi_driver_api.static.*)))
                0x00000028                        _espi_driver_api_list_end = .

espi_saf_driver_api_area
                0x00000028        0x0
                0x00000028                        _espi_saf_driver_api_list_start = .
 *(SORT_BY_NAME(SORT_BY_ALIGNMENT(._espi_saf_driver_api.static.*)))
                0x00000028                        _espi_saf_driver_api_list_end = .

flash_driver_api_area
                0x00000028        0x0
                0x00000028                        _flash_driver_api_list_start = .
 *(SORT_BY_NAME(SORT_BY_ALIGNMENT(._flash_driver_api.static.*)))
                0x00000028                        _flash_driver_api_list_end = .

fpga_driver_api_area
                0x00000028        0x0
                0x00000028                        _fpga_driver_api_list_start = .
 *(SORT_BY_NAME(SORT_BY_ALIGNMENT(._fpga_driver_api.static.*)))
                0x00000028                        _fpga_driver_api_list_end = .

fuel_gauge_driver_api_area
                0x00000028        0x0
                0x00000028                        _fuel_gauge_driver_api_list_start = .
 *(SORT_BY_NAME(SORT_BY_ALIGNMENT(._fuel_gauge_driver_api.static.*)))
                0x00000028                        _fuel_gauge_driver_api_list_end = .

gnss_driver_api_area
                0x00000028        0x0
                0x00000028                        _gnss_driver_api_list_start = .
 *(SORT_BY_NAME(SORT_BY_ALIGNMENT(._gnss_driver_api.static.*)))
                0x00000028                        _gnss_driver_api_list_end = .

gpio_driver_api_area
                0x00000028        0x0
                0x00000028                        _gpio_driver_api_list_start = .
 *(SORT_BY_NAME(SORT_BY_ALIGNMENT(._gpio_driver_api.static.*)))
                0x00000028                        _gpio_driver_api_list_end = .

haptics_driver_api_area
                0x00000028        0x0
                0x00000028                        _haptics_driver_api_list_start = .
 *(SORT_BY_NAME(SORT_BY_ALIGNMENT(._haptics_driver_api.static.*)))
                0x00000028                        _haptics_driver_api_list_end = .

hwspinlock_driver_api_area
                0x00000028        0x0
                0x00000028                        _hwspinlock_driver_api_list_start = .
 *(SORT_BY_NAME(SORT_BY_ALIGNMENT(._hwspinlock_driver_api.static.*)))
                0x00000028                        _hwspinlock_driver_api_list_end = .

i2c_driver_api_area
                0x00000028        0x0
                0x00000028                        _i2c_driver_api_list_start = .
 *(SORT_BY_NAME(SORT_BY_ALIGNMENT(._i2c_driver_api.static.*)))
                0x00000028                        _i2c_driver_api_list_end = .

i2c_target_driver_api_area
                0x00000028        0x0
                0x00000028                        _i2c_target_driver_api_list_start = .
 *(SORT_BY_NAME(SORT_BY_ALIGNMENT(._i2c_target_driver_api.static.*)))
                0x00000028                        _i2c_target_driver_api_list_end = .

i2s_driver_api_area
                0x00000028        0x0
                0x00000028                        _i2s_driver_api_list_start = .
 *(SORT_BY_NAME(SORT_BY_ALIGNMENT(._i2s_driver_api.static.*)))
                0x00000028                        _i2s_driver_api_list_end = .

i3c_driver_api_area
                0x00000028        0x0
                0x00000028                        _i3c_driver_api_list_start = .
 *(SORT_BY_NAME(SORT_BY_ALIGNMENT(._i3c_driver_api.static.*)))
                0x00000028                        _i3c_driver_api_list_end = .

ipm_driver_api_area
                0x00000028        0x0
                0x00000028                        _ipm_driver_api_list_start = .
 *(SORT_BY_NAME(SORT_BY_ALIGNMENT(._ipm_driver_api.static.*)))
                0x00000028                        _ipm_driver_api_list_end = .

led_driver_api_area
                0x00000028        0x0
                0x00000028                        _led_driver_api_list_start = .
 *(SORT_BY_NAME(SORT_BY_ALIGNMENT(._led_driver_api.static.*)))
                0x00000028                        _led_driver_api_list_end = .

led_strip_driver_api_area
                0x00000028        0x0
                0x00000028                        _led_strip_driver_api_list_start = .
 *(SORT_BY_NAME(SORT_BY_ALIGNMENT(._led_strip_driver_api.static.*)))
                0x00000028                        _led_strip_driver_api_list_end = .

lora_driver_api_area
                0x00000028        0x0
                0x00000028                        _lora_driver_api_list_start = .
 *(SORT_BY_NAME(SORT_BY_ALIGNMENT(._lora_driver_api.static.*)))
                0x00000028                        _lora_driver_api_list_end = .

mbox_driver_api_area
                0x00000028        0x0
                0x00000028                        _mbox_driver_api_list_start = .
 *(SORT_BY_NAME(SORT_BY_ALIGNMENT(._mbox_driver_api.static.*)))
                0x00000028                        _mbox_driver_api_list_end = .

mdio_driver_api_area
                0x00000028        0x0
                0x00000028                        _mdio_driver_api_list_start = .
 *(SORT_BY_NAME(SORT_BY_ALIGNMENT(._mdio_driver_api.static.*)))
                0x00000028                        _mdio_driver_api_list_end = .

mipi_dbi_driver_api_area
                0x00000028        0x0
                0x00000028                        _mipi_dbi_driver_api_list_start = .
 *(SORT_BY_NAME(SORT_BY_ALIGNMENT(._mipi_dbi_driver_api.static.*)))
                0x00000028                        _mipi_dbi_driver_api_list_end = .

mipi_dsi_driver_api_area
                0x00000028        0x0
                0x00000028                        _mipi_dsi_driver_api_list_start = .
 *(SORT_BY_NAME(SORT_BY_ALIGNMENT(._mipi_dsi_driver_api.static.*)))
                0x00000028                        _mipi_dsi_driver_api_list_end = .

mspi_driver_api_area
                0x00000028        0x0
                0x00000028                        _mspi_driver_api_list_start = .
 *(SORT_BY_NAME(SORT_BY_ALIGNMENT(._mspi_driver_api.static.*)))
                0x00000028                        _mspi_driver_api_list_end = .

peci_driver_api_area
                0x00000028        0x0
                0x00000028                        _peci_driver_api_list_start = .
 *(SORT_BY_NAME(SORT_BY_ALIGNMENT(._peci_driver_api.static.*)))
                0x00000028                        _peci_driver_api_list_end = .

ps2_driver_api_area
                0x00000028        0x0
                0x00000028                        _ps2_driver_api_list_start = .
 *(SORT_BY_NAME(SORT_BY_ALIGNMENT(._ps2_driver_api.static.*)))
                0x00000028                        _ps2_driver_api_list_end = .

ptp_clock_driver_api_area
                0x00000028        0x0
                0x00000028                        _ptp_clock_driver_api_list_start = .
 *(SORT_BY_NAME(SORT_BY_ALIGNMENT(._ptp_clock_driver_api.static.*)))
                0x00000028                        _ptp_clock_driver_api_list_end = .

pwm_driver_api_area
                0x00000028        0x0
                0x00000028                        _pwm_driver_api_list_start = .
 *(SORT_BY_NAME(SORT_BY_ALIGNMENT(._pwm_driver_api.static.*)))
                0x00000028                        _pwm_driver_api_list_end = .

regulator_parent_driver_api_area
                0x00000028        0x0
                0x00000028                        _regulator_parent_driver_api_list_start = .
 *(SORT_BY_NAME(SORT_BY_ALIGNMENT(._regulator_parent_driver_api.static.*)))
                0x00000028                        _regulator_parent_driver_api_list_end = .

regulator_driver_api_area
                0x00000028        0x0
                0x00000028                        _regulator_driver_api_list_start = .
 *(SORT_BY_NAME(SORT_BY_ALIGNMENT(._regulator_driver_api.static.*)))
                0x00000028                        _regulator_driver_api_list_end = .

reset_driver_api_area
                0x00000028        0x0
                0x00000028                        _reset_driver_api_list_start = .
 *(SORT_BY_NAME(SORT_BY_ALIGNMENT(._reset_driver_api.static.*)))
                0x00000028                        _reset_driver_api_list_end = .

retained_mem_driver_api_area
                0x00000028        0x0
                0x00000028                        _retained_mem_driver_api_list_start = .
 *(SORT_BY_NAME(SORT_BY_ALIGNMENT(._retained_mem_driver_api.static.*)))